Archive member included to satisfy reference by file (symbol)

/usr/lib/gcc/arm-none-eabi/10.3.1/../../../arm-none-eabi/lib/thumb/v7e-m+fp/hard/libc_nano.a(lib_a-memset.o)
                              ./Output/tasks.o (memset)
/usr/lib/gcc/arm-none-eabi/10.3.1/../../../arm-none-eabi/lib/thumb/v7e-m+fp/hard/libc_nano.a(lib_a-strlen.o)
                              ./Output/tasks.o (strlen)

Discarded input sections

 .group         0x0000000000000000        0xc ./Output/list.o
 .group         0x0000000000000000        0xc ./Output/list.o
 .group         0x0000000000000000        0xc ./Output/list.o
 .group         0x0000000000000000        0xc ./Output/list.o
 .group         0x0000000000000000        0xc ./Output/list.o
 .group         0x0000000000000000        0xc ./Output/list.o
 .group         0x0000000000000000        0xc ./Output/list.o
 .group         0x0000000000000000        0xc ./Output/list.o
 .group         0x0000000000000000        0xc ./Output/list.o
 .group         0x0000000000000000        0xc ./Output/list.o
 .group         0x0000000000000000        0xc ./Output/list.o
 .group         0x0000000000000000        0xc ./Output/list.o
 .group         0x0000000000000000        0xc ./Output/list.o
 .group         0x0000000000000000        0xc ./Output/list.o
 .group         0x0000000000000000        0xc ./Output/list.o
 .group         0x0000000000000000        0xc ./Output/list.o
 .group         0x0000000000000000        0xc ./Output/list.o
 .group         0x0000000000000000        0xc ./Output/list.o
 .group         0x0000000000000000        0xc ./Output/list.o
 .group         0x0000000000000000        0xc ./Output/list.o
 .group         0x0000000000000000        0xc ./Output/list.o
 .group         0x0000000000000000        0xc ./Output/list.o
 .group         0x0000000000000000        0xc ./Output/list.o
 .group         0x0000000000000000        0xc ./Output/list.o
 .group         0x0000000000000000        0xc ./Output/list.o
 .group         0x0000000000000000        0xc ./Output/list.o
 .group         0x0000000000000000        0xc ./Output/list.o
 .group         0x0000000000000000        0xc ./Output/list.o
 .group         0x0000000000000000        0xc ./Output/list.o
 .group         0x0000000000000000        0xc ./Output/list.o
 .group         0x0000000000000000        0xc ./Output/list.o
 .text          0x0000000000000000        0x0 ./Output/list.o
 .data          0x0000000000000000        0x0 ./Output/list.o
 .bss           0x0000000000000000        0x0 ./Output/list.o
 .text.vListInsertEnd
                0x0000000000000000       0x18 ./Output/list.o
 .group         0x0000000000000000        0xc ./Output/tasks.o
 .group         0x0000000000000000        0xc ./Output/tasks.o
 .group         0x0000000000000000        0xc ./Output/tasks.o
 .group         0x0000000000000000        0xc ./Output/tasks.o
 .group         0x0000000000000000        0xc ./Output/tasks.o
 .group         0x0000000000000000        0xc ./Output/tasks.o
 .group         0x0000000000000000        0xc ./Output/tasks.o
 .group         0x0000000000000000        0xc ./Output/tasks.o
 .group         0x0000000000000000        0xc ./Output/tasks.o
 .group         0x0000000000000000        0xc ./Output/tasks.o
 .group         0x0000000000000000        0xc ./Output/tasks.o
 .group         0x0000000000000000        0xc ./Output/tasks.o
 .group         0x0000000000000000        0xc ./Output/tasks.o
 .group         0x0000000000000000        0xc ./Output/tasks.o
 .group         0x0000000000000000        0xc ./Output/tasks.o
 .group         0x0000000000000000        0xc ./Output/tasks.o
 .group         0x0000000000000000        0xc ./Output/tasks.o
 .group         0x0000000000000000        0xc ./Output/tasks.o
 .group         0x0000000000000000        0xc ./Output/tasks.o
 .group         0x0000000000000000        0xc ./Output/tasks.o
 .group         0x0000000000000000        0xc ./Output/tasks.o
 .group         0x0000000000000000        0xc ./Output/tasks.o
 .group         0x0000000000000000        0xc ./Output/tasks.o
 .group         0x0000000000000000        0xc ./Output/tasks.o
 .group         0x0000000000000000        0xc ./Output/tasks.o
 .group         0x0000000000000000        0xc ./Output/tasks.o
 .group         0x0000000000000000        0xc ./Output/tasks.o
 .group         0x0000000000000000        0xc ./Output/tasks.o
 .group         0x0000000000000000        0xc ./Output/tasks.o
 .group         0x0000000000000000        0xc ./Output/tasks.o
 .group         0x0000000000000000        0xc ./Output/tasks.o
 .group         0x0000000000000000        0xc ./Output/tasks.o
 .group         0x0000000000000000        0xc ./Output/tasks.o
 .group         0x0000000000000000        0xc ./Output/tasks.o
 .group         0x0000000000000000        0xc ./Output/tasks.o
 .group         0x0000000000000000        0xc ./Output/tasks.o
 .text          0x0000000000000000        0x0 ./Output/tasks.o
 .data          0x0000000000000000        0x0 ./Output/tasks.o
 .bss           0x0000000000000000        0x0 ./Output/tasks.o
 .text.prvSearchForNameWithinSingleList
                0x0000000000000000       0x38 ./Output/tasks.o
 .text.prvTaskIsTaskSuspended
                0x0000000000000000       0x40 ./Output/tasks.o
 .text.vTaskDelete
                0x0000000000000000       0xd0 ./Output/tasks.o
 .text.eTaskGetState
                0x0000000000000000       0x98 ./Output/tasks.o
 .text.uxTaskPriorityGet
                0x0000000000000000       0x20 ./Output/tasks.o
 .text.uxTaskPriorityGetFromISR
                0x0000000000000000       0x34 ./Output/tasks.o
 .text.uxTaskBasePriorityGet
                0x0000000000000000       0x20 ./Output/tasks.o
 .text.uxTaskBasePriorityGetFromISR
                0x0000000000000000       0x34 ./Output/tasks.o
 .text.vTaskPrioritySet
                0x0000000000000000       0xdc ./Output/tasks.o
 .text.vTaskResume
                0x0000000000000000       0x8c ./Output/tasks.o
 .text.xTaskResumeFromISR
                0x0000000000000000       0xac ./Output/tasks.o
 .text.vTaskEndScheduler
                0x0000000000000000       0x38 ./Output/tasks.o
 .text.xTaskGetTickCount
                0x0000000000000000        0xc ./Output/tasks.o
 .text.xTaskGetTickCountFromISR
                0x0000000000000000       0x10 ./Output/tasks.o
 .text.uxTaskGetNumberOfTasks
                0x0000000000000000        0xc ./Output/tasks.o
 .text.pcTaskGetName
                0x0000000000000000       0x14 ./Output/tasks.o
 .text.xTaskGetIdleTaskHandle
                0x0000000000000000       0x10 ./Output/tasks.o
 .text.xTaskGetIdleTaskHandleForCore
                0x0000000000000000       0x14 ./Output/tasks.o
 .text.xTaskDelayUntil
                0x0000000000000000       0x70 ./Output/tasks.o
 .text.xTaskGetHandle
                0x0000000000000000       0x78 ./Output/tasks.o
 .text.xTaskCatchUpTicks
                0x0000000000000000       0x30 ./Output/tasks.o
 .text.xTaskAbortDelay
                0x0000000000000000       0x98 ./Output/tasks.o
 .text.vTaskSuspend
                0x0000000000000000       0xe4 ./Output/tasks.o
 .text.vTaskPlaceOnEventList
                0x0000000000000000       0x24 ./Output/tasks.o
 .text.vTaskPlaceOnUnorderedEventList
                0x0000000000000000       0x50 ./Output/tasks.o
 .text.xTaskRemoveFromEventList
                0x0000000000000000       0xc4 ./Output/tasks.o
 .text.vTaskRemoveFromUnorderedEventList
                0x0000000000000000       0xa8 ./Output/tasks.o
 .text.vTaskSetTimeOutState
                0x0000000000000000       0x28 ./Output/tasks.o
 .text.vTaskInternalSetTimeOutState
                0x0000000000000000       0x18 ./Output/tasks.o
 .text.xTaskCheckForTimeOut
                0x0000000000000000       0x70 ./Output/tasks.o
 .text.vTaskMissedYield
                0x0000000000000000        0xc ./Output/tasks.o
 .text.uxTaskGetStackHighWaterMark
                0x0000000000000000       0x1c ./Output/tasks.o
 .text.xTaskGetCurrentTaskHandle
                0x0000000000000000        0xc ./Output/tasks.o
 .text.xTaskGetCurrentTaskHandleForCore
                0x0000000000000000       0x10 ./Output/tasks.o
 .text.xTaskGetSchedulerState
                0x0000000000000000       0x20 ./Output/tasks.o
 .text.xTaskPriorityInherit
                0x0000000000000000       0xa4 ./Output/tasks.o
 .text.xTaskPriorityDisinherit
                0x0000000000000000       0x88 ./Output/tasks.o
 .text.vTaskPriorityDisinheritAfterTimeout
                0x0000000000000000       0x98 ./Output/tasks.o
 .text.uxTaskResetEventItemValue
                0x0000000000000000       0x18 ./Output/tasks.o
 .text.pvTaskIncrementMutexHeldCount
                0x0000000000000000       0x14 ./Output/tasks.o
 .text.ulTaskGenericNotifyTake
                0x0000000000000000       0x9c ./Output/tasks.o
 .text.xTaskGenericNotifyWait
                0x0000000000000000       0xc4 ./Output/tasks.o
 .text.xTaskGenericNotify
                0x0000000000000000      0x10c ./Output/tasks.o
 .text.xTaskGenericNotifyFromISR
                0x0000000000000000      0x154 ./Output/tasks.o
 .text.vTaskGenericNotifyGiveFromISR
                0x0000000000000000       0xf4 ./Output/tasks.o
 .text.xTaskGenericNotifyStateClear
                0x0000000000000000       0x38 ./Output/tasks.o
 .text.ulTaskGenericNotifyValueClear
                0x0000000000000000       0x38 ./Output/tasks.o
 .text.vTaskResetState
                0x0000000000000000       0x64 ./Output/tasks.o
 .debug_macro   0x0000000000000000      0xa6c ./Output/tasks.o
 .debug_macro   0x0000000000000000       0x18 ./Output/tasks.o
 .debug_macro   0x0000000000000000       0x22 ./Output/tasks.o
 .debug_macro   0x0000000000000000       0x52 ./Output/tasks.o
 .debug_macro   0x0000000000000000       0x94 ./Output/tasks.o
 .debug_macro   0x0000000000000000       0x35 ./Output/tasks.o
 .debug_macro   0x0000000000000000       0x34 ./Output/tasks.o
 .debug_macro   0x0000000000000000       0x16 ./Output/tasks.o
 .debug_macro   0x0000000000000000      0x10e ./Output/tasks.o
 .debug_macro   0x0000000000000000       0x8d ./Output/tasks.o
 .debug_macro   0x0000000000000000       0x16 ./Output/tasks.o
 .debug_macro   0x0000000000000000       0x43 ./Output/tasks.o
 .debug_macro   0x0000000000000000       0x57 ./Output/tasks.o
 .debug_macro   0x0000000000000000       0x34 ./Output/tasks.o
 .debug_macro   0x0000000000000000       0x10 ./Output/tasks.o
 .debug_macro   0x0000000000000000       0x52 ./Output/tasks.o
 .debug_macro   0x0000000000000000      0x182 ./Output/tasks.o
 .debug_macro   0x0000000000000000      0x333 ./Output/tasks.o
 .debug_macro   0x0000000000000000       0x16 ./Output/tasks.o
 .debug_macro   0x0000000000000000       0x29 ./Output/tasks.o
 .debug_macro   0x0000000000000000      0x34e ./Output/tasks.o
 .debug_macro   0x0000000000000000       0x16 ./Output/tasks.o
 .debug_macro   0x0000000000000000      0x164 ./Output/tasks.o
 .debug_macro   0x0000000000000000       0x1c ./Output/tasks.o
 .debug_macro   0x0000000000000000      0x182 ./Output/tasks.o
 .debug_macro   0x0000000000000000       0xe7 ./Output/tasks.o
 .debug_macro   0x0000000000000000       0x2e ./Output/tasks.o
 .debug_macro   0x0000000000000000       0x1f ./Output/tasks.o
 .debug_macro   0x0000000000000000       0x12 ./Output/tasks.o
 .debug_macro   0x0000000000000000      0xfd7 ./Output/tasks.o
 .debug_macro   0x0000000000000000       0xc3 ./Output/tasks.o
 .group         0x0000000000000000        0xc ./Output/heap_4.o
 .group         0x0000000000000000        0xc ./Output/heap_4.o
 .group         0x0000000000000000        0xc ./Output/heap_4.o
 .group         0x0000000000000000        0xc ./Output/heap_4.o
 .group         0x0000000000000000        0xc ./Output/heap_4.o
 .group         0x0000000000000000        0xc ./Output/heap_4.o
 .group         0x0000000000000000        0xc ./Output/heap_4.o
 .group         0x0000000000000000        0xc ./Output/heap_4.o
 .group         0x0000000000000000        0xc ./Output/heap_4.o
 .group         0x0000000000000000        0xc ./Output/heap_4.o
 .group         0x0000000000000000        0xc ./Output/heap_4.o
 .group         0x0000000000000000        0xc ./Output/heap_4.o
 .group         0x0000000000000000        0xc ./Output/heap_4.o
 .group         0x0000000000000000        0xc ./Output/heap_4.o
 .group         0x0000000000000000        0xc ./Output/heap_4.o
 .group         0x0000000000000000        0xc ./Output/heap_4.o
 .group         0x0000000000000000        0xc ./Output/heap_4.o
 .group         0x0000000000000000        0xc ./Output/heap_4.o
 .group         0x0000000000000000        0xc ./Output/heap_4.o
 .group         0x0000000000000000        0xc ./Output/heap_4.o
 .group         0x0000000000000000        0xc ./Output/heap_4.o
 .group         0x0000000000000000        0xc ./Output/heap_4.o
 .group         0x0000000000000000        0xc ./Output/heap_4.o
 .group         0x0000000000000000        0xc ./Output/heap_4.o
 .group         0x0000000000000000        0xc ./Output/heap_4.o
 .group         0x0000000000000000        0xc ./Output/heap_4.o
 .group         0x0000000000000000        0xc ./Output/heap_4.o
 .group         0x0000000000000000        0xc ./Output/heap_4.o
 .group         0x0000000000000000        0xc ./Output/heap_4.o
 .group         0x0000000000000000        0xc ./Output/heap_4.o
 .group         0x0000000000000000        0xc ./Output/heap_4.o
 .group         0x0000000000000000        0xc ./Output/heap_4.o
 .group         0x0000000000000000        0xc ./Output/heap_4.o
 .group         0x0000000000000000        0xc ./Output/heap_4.o
 .text          0x0000000000000000        0x0 ./Output/heap_4.o
 .data          0x0000000000000000        0x0 ./Output/heap_4.o
 .bss           0x0000000000000000        0x0 ./Output/heap_4.o
 .text.xPortGetFreeHeapSize
                0x0000000000000000        0xc ./Output/heap_4.o
 .text.xPortGetMinimumEverFreeHeapSize
                0x0000000000000000        0xc ./Output/heap_4.o
 .text.vPortInitialiseBlocks
                0x0000000000000000        0x2 ./Output/heap_4.o
 .text.pvPortCalloc
                0x0000000000000000       0x2e ./Output/heap_4.o
 .text.vPortGetHeapStats
                0x0000000000000000       0x84 ./Output/heap_4.o
 .text.vPortHeapResetState
                0x0000000000000000       0x2c ./Output/heap_4.o
 .debug_macro   0x0000000000000000      0xa6c ./Output/heap_4.o
 .debug_macro   0x0000000000000000       0x18 ./Output/heap_4.o
 .debug_macro   0x0000000000000000       0x22 ./Output/heap_4.o
 .debug_macro   0x0000000000000000       0x52 ./Output/heap_4.o
 .debug_macro   0x0000000000000000       0x94 ./Output/heap_4.o
 .debug_macro   0x0000000000000000       0x35 ./Output/heap_4.o
 .debug_macro   0x0000000000000000       0x34 ./Output/heap_4.o
 .debug_macro   0x0000000000000000       0x16 ./Output/heap_4.o
 .debug_macro   0x0000000000000000      0x10e ./Output/heap_4.o
 .debug_macro   0x0000000000000000       0x8d ./Output/heap_4.o
 .debug_macro   0x0000000000000000       0x16 ./Output/heap_4.o
 .debug_macro   0x0000000000000000       0x43 ./Output/heap_4.o
 .debug_macro   0x0000000000000000       0x57 ./Output/heap_4.o
 .debug_macro   0x0000000000000000       0x34 ./Output/heap_4.o
 .debug_macro   0x0000000000000000       0x10 ./Output/heap_4.o
 .debug_macro   0x0000000000000000       0x52 ./Output/heap_4.o
 .debug_macro   0x0000000000000000      0x182 ./Output/heap_4.o
 .debug_macro   0x0000000000000000      0x333 ./Output/heap_4.o
 .debug_macro   0x0000000000000000       0x16 ./Output/heap_4.o
 .debug_macro   0x0000000000000000       0x29 ./Output/heap_4.o
 .debug_macro   0x0000000000000000       0x16 ./Output/heap_4.o
 .debug_macro   0x0000000000000000       0x35 ./Output/heap_4.o
 .debug_macro   0x0000000000000000      0x34e ./Output/heap_4.o
 .debug_macro   0x0000000000000000       0x16 ./Output/heap_4.o
 .debug_macro   0x0000000000000000      0x164 ./Output/heap_4.o
 .debug_macro   0x0000000000000000       0x1c ./Output/heap_4.o
 .debug_macro   0x0000000000000000      0x182 ./Output/heap_4.o
 .debug_macro   0x0000000000000000       0xe7 ./Output/heap_4.o
 .debug_macro   0x0000000000000000       0x2e ./Output/heap_4.o
 .debug_macro   0x0000000000000000       0x1f ./Output/heap_4.o
 .debug_macro   0x0000000000000000       0x12 ./Output/heap_4.o
 .debug_macro   0x0000000000000000      0xfd7 ./Output/heap_4.o
 .debug_macro   0x0000000000000000       0xc3 ./Output/heap_4.o
 .debug_macro   0x0000000000000000      0x14f ./Output/heap_4.o
 .group         0x0000000000000000        0xc ./Output/port.o
 .group         0x0000000000000000        0xc ./Output/port.o
 .group         0x0000000000000000        0xc ./Output/port.o
 .group         0x0000000000000000        0xc ./Output/port.o
 .group         0x0000000000000000        0xc ./Output/port.o
 .group         0x0000000000000000        0xc ./Output/port.o
 .group         0x0000000000000000        0xc ./Output/port.o
 .group         0x0000000000000000        0xc ./Output/port.o
 .group         0x0000000000000000        0xc ./Output/port.o
 .group         0x0000000000000000        0xc ./Output/port.o
 .group         0x0000000000000000        0xc ./Output/port.o
 .group         0x0000000000000000        0xc ./Output/port.o
 .group         0x0000000000000000        0xc ./Output/port.o
 .group         0x0000000000000000        0xc ./Output/port.o
 .text          0x0000000000000000        0x0 ./Output/port.o
 .data          0x0000000000000000        0x0 ./Output/port.o
 .bss           0x0000000000000000        0x0 ./Output/port.o
 .text.vPortEndScheduler
                0x0000000000000000       0x14 ./Output/port.o
 .text.vPortValidateInterruptPriority
                0x0000000000000000       0x3c ./Output/port.o
 .debug_macro   0x0000000000000000      0xa6c ./Output/port.o
 .debug_macro   0x0000000000000000      0x34e ./Output/port.o
 .debug_macro   0x0000000000000000       0x16 ./Output/port.o
 .debug_macro   0x0000000000000000      0x164 ./Output/port.o
 .debug_macro   0x0000000000000000       0x1c ./Output/port.o
 .debug_macro   0x0000000000000000      0x182 ./Output/port.o
 .debug_macro   0x0000000000000000       0xe7 ./Output/port.o
 .debug_macro   0x0000000000000000       0x2e ./Output/port.o
 .debug_macro   0x0000000000000000       0x1f ./Output/port.o
 .debug_macro   0x0000000000000000       0x12 ./Output/port.o
 .debug_macro   0x0000000000000000      0xfd7 ./Output/port.o
 .debug_macro   0x0000000000000000       0xc3 ./Output/port.o
 .debug_macro   0x0000000000000000      0x14f ./Output/port.o
 .group         0x0000000000000000        0xc ./Output/main.o
 .group         0x0000000000000000        0xc ./Output/main.o
 .group         0x0000000000000000        0xc ./Output/main.o
 .group         0x0000000000000000        0xc ./Output/main.o
 .group         0x0000000000000000        0xc ./Output/main.o
 .group         0x0000000000000000        0xc ./Output/main.o
 .group         0x0000000000000000        0xc ./Output/main.o
 .group         0x0000000000000000        0xc ./Output/main.o
 .group         0x0000000000000000        0xc ./Output/main.o
 .group         0x0000000000000000        0xc ./Output/main.o
 .group         0x0000000000000000        0xc ./Output/main.o
 .group         0x0000000000000000        0xc ./Output/main.o
 .group         0x0000000000000000        0xc ./Output/main.o
 .group         0x0000000000000000        0xc ./Output/main.o
 .text          0x0000000000000000        0x0 ./Output/main.o
 .data          0x0000000000000000        0x0 ./Output/main.o
 .bss           0x0000000000000000        0x0 ./Output/main.o
 .debug_macro   0x0000000000000000      0xa6c ./Output/main.o
 .debug_macro   0x0000000000000000      0x174 ./Output/main.o
 .debug_macro   0x0000000000000000      0x34e ./Output/main.o
 .debug_macro   0x0000000000000000       0x16 ./Output/main.o
 .debug_macro   0x0000000000000000      0x164 ./Output/main.o
 .debug_macro   0x0000000000000000       0x1c ./Output/main.o
 .debug_macro   0x0000000000000000      0x182 ./Output/main.o
 .debug_macro   0x0000000000000000       0xe7 ./Output/main.o
 .debug_macro   0x0000000000000000       0x2e ./Output/main.o
 .debug_macro   0x0000000000000000       0x1f ./Output/main.o
 .debug_macro   0x0000000000000000       0x12 ./Output/main.o
 .debug_macro   0x0000000000000000      0xfd7 ./Output/main.o
 .debug_macro   0x0000000000000000       0xc3 ./Output/main.o
 .debug_macro   0x0000000000000000      0x14f ./Output/main.o
 .group         0x0000000000000000        0xc ./Output/uart.o
 .group         0x0000000000000000        0xc ./Output/uart.o
 .group         0x0000000000000000        0xc ./Output/uart.o
 .group         0x0000000000000000        0xc ./Output/uart.o
 .group         0x0000000000000000        0xc ./Output/uart.o
 .group         0x0000000000000000        0xc ./Output/uart.o
 .group         0x0000000000000000        0xc ./Output/uart.o
 .group         0x0000000000000000        0xc ./Output/uart.o
 .group         0x0000000000000000        0xc ./Output/uart.o
 .group         0x0000000000000000        0xc ./Output/uart.o
 .group         0x0000000000000000        0xc ./Output/uart.o
 .group         0x0000000000000000        0xc ./Output/uart.o
 .group         0x0000000000000000        0xc ./Output/uart.o
 .text          0x0000000000000000        0x0 ./Output/uart.o
 .data          0x0000000000000000        0x0 ./Output/uart.o
 .bss           0x0000000000000000        0x0 ./Output/uart.o
 .text.UART_init
                0x0000000000000000        0xe ./Output/uart.o
 .text.UART_printf
                0x0000000000000000       0x12 ./Output/uart.o
 .debug_info    0x0000000000000000       0xd0 ./Output/uart.o
 .debug_abbrev  0x0000000000000000       0x96 ./Output/uart.o
 .debug_loc     0x0000000000000000       0x40 ./Output/uart.o
 .debug_aranges
                0x0000000000000000       0x28 ./Output/uart.o
 .debug_ranges  0x0000000000000000       0x18 ./Output/uart.o
 .debug_macro   0x0000000000000000       0x8d ./Output/uart.o
 .debug_macro   0x0000000000000000      0xa6c ./Output/uart.o
 .debug_macro   0x0000000000000000      0x174 ./Output/uart.o
 .debug_macro   0x0000000000000000      0x34e ./Output/uart.o
 .debug_macro   0x0000000000000000       0x16 ./Output/uart.o
 .debug_macro   0x0000000000000000      0x164 ./Output/uart.o
 .debug_macro   0x0000000000000000       0x1c ./Output/uart.o
 .debug_macro   0x0000000000000000      0x182 ./Output/uart.o
 .debug_macro   0x0000000000000000       0xe7 ./Output/uart.o
 .debug_macro   0x0000000000000000       0x2e ./Output/uart.o
 .debug_macro   0x0000000000000000       0x1f ./Output/uart.o
 .debug_macro   0x0000000000000000       0x12 ./Output/uart.o
 .debug_macro   0x0000000000000000      0xfd7 ./Output/uart.o
 .debug_macro   0x0000000000000000       0x22 ./Output/uart.o
 .debug_line    0x0000000000000000      0x19d ./Output/uart.o
 .debug_str     0x0000000000000000     0xc353 ./Output/uart.o
 .comment       0x0000000000000000       0x34 ./Output/uart.o
 .debug_frame   0x0000000000000000       0x30 ./Output/uart.o
 .ARM.attributes
                0x0000000000000000       0x34 ./Output/uart.o
 .group         0x0000000000000000        0xc ./Output/startup.o
 .group         0x0000000000000000        0xc ./Output/startup.o
 .group         0x0000000000000000        0xc ./Output/startup.o
 .group         0x0000000000000000        0xc ./Output/startup.o
 .group         0x0000000000000000        0xc ./Output/startup.o
 .group         0x0000000000000000        0xc ./Output/startup.o
 .group         0x0000000000000000        0xc ./Output/startup.o
 .group         0x0000000000000000        0xc ./Output/startup.o
 .group         0x0000000000000000        0xc ./Output/startup.o
 .group         0x0000000000000000        0xc ./Output/startup.o
 .group         0x0000000000000000        0xc ./Output/startup.o
 .group         0x0000000000000000        0xc ./Output/startup.o
 .group         0x0000000000000000        0xc ./Output/startup.o
 .text          0x0000000000000000        0x0 ./Output/startup.o
 .data          0x0000000000000000        0x0 ./Output/startup.o
 .bss           0x0000000000000000        0x0 ./Output/startup.o
 .debug_macro   0x0000000000000000      0xa6c ./Output/startup.o
 .debug_macro   0x0000000000000000      0x174 ./Output/startup.o
 .debug_macro   0x0000000000000000      0x34e ./Output/startup.o
 .debug_macro   0x0000000000000000       0x16 ./Output/startup.o
 .debug_macro   0x0000000000000000      0x164 ./Output/startup.o
 .debug_macro   0x0000000000000000       0x1c ./Output/startup.o
 .debug_macro   0x0000000000000000      0x182 ./Output/startup.o
 .debug_macro   0x0000000000000000       0xe7 ./Output/startup.o
 .debug_macro   0x0000000000000000       0x2e ./Output/startup.o
 .debug_macro   0x0000000000000000       0x1f ./Output/startup.o
 .debug_macro   0x0000000000000000       0x12 ./Output/startup.o
 .debug_macro   0x0000000000000000      0xfd7 ./Output/startup.o
 .debug_macro   0x0000000000000000       0x22 ./Output/startup.o
 .data          0x0000000000000000        0x0 /usr/lib/gcc/arm-none-eabi/10.3.1/../../../arm-none-eabi/lib/thumb/v7e-m+fp/hard/libc_nano.a(lib_a-memset.o)
 .bss           0x0000000000000000        0x0 /usr/lib/gcc/arm-none-eabi/10.3.1/../../../arm-none-eabi/lib/thumb/v7e-m+fp/hard/libc_nano.a(lib_a-memset.o)
 .text          0x0000000000000000       0xdc /usr/lib/gcc/arm-none-eabi/10.3.1/../../../arm-none-eabi/lib/thumb/v7e-m+fp/hard/libc_nano.a(lib_a-strlen.o)
 .data          0x0000000000000000        0x0 /usr/lib/gcc/arm-none-eabi/10.3.1/../../../arm-none-eabi/lib/thumb/v7e-m+fp/hard/libc_nano.a(lib_a-strlen.o)
 .bss           0x0000000000000000        0x0 /usr/lib/gcc/arm-none-eabi/10.3.1/../../../arm-none-eabi/lib/thumb/v7e-m+fp/hard/libc_nano.a(lib_a-strlen.o)
 .debug_line    0x0000000000000000       0xaf /usr/lib/gcc/arm-none-eabi/10.3.1/../../../arm-none-eabi/lib/thumb/v7e-m+fp/hard/libc_nano.a(lib_a-strlen.o)
 .debug_info    0x0000000000000000       0x26 /usr/lib/gcc/arm-none-eabi/10.3.1/../../../arm-none-eabi/lib/thumb/v7e-m+fp/hard/libc_nano.a(lib_a-strlen.o)
 .debug_abbrev  0x0000000000000000       0x14 /usr/lib/gcc/arm-none-eabi/10.3.1/../../../arm-none-eabi/lib/thumb/v7e-m+fp/hard/libc_nano.a(lib_a-strlen.o)
 .debug_aranges
                0x0000000000000000       0x20 /usr/lib/gcc/arm-none-eabi/10.3.1/../../../arm-none-eabi/lib/thumb/v7e-m+fp/hard/libc_nano.a(lib_a-strlen.o)
 .debug_str     0x0000000000000000       0xb5 /usr/lib/gcc/arm-none-eabi/10.3.1/../../../arm-none-eabi/lib/thumb/v7e-m+fp/hard/libc_nano.a(lib_a-strlen.o)
 .ARM.attributes
                0x0000000000000000       0x1c /usr/lib/gcc/arm-none-eabi/10.3.1/../../../arm-none-eabi/lib/thumb/v7e-m+fp/hard/libc_nano.a(lib_a-strlen.o)

Memory Configuration

Name             Origin             Length             Attributes
FLASH            0x0000000000000000 0x0000000000010000 xr
RAM              0x0000000020400000 0x00000000000c0000 rw
*default*        0x0000000000000000 0xffffffffffffffff

Linker script and memory map

LOAD ./Output/list.o
LOAD ./Output/tasks.o
LOAD ./Output/heap_4.o
LOAD ./Output/port.o
LOAD ./Output/main.o
LOAD ./Output/uart.o
LOAD ./Output/startup.o
START GROUP
LOAD /usr/lib/gcc/arm-none-eabi/10.3.1/thumb/v7e-m+fp/hard/libgcc.a
LOAD /usr/lib/gcc/arm-none-eabi/10.3.1/../../../arm-none-eabi/lib/thumb/v7e-m+fp/hard/libc_nano.a
END GROUP
START GROUP
LOAD /usr/lib/gcc/arm-none-eabi/10.3.1/thumb/v7e-m+fp/hard/libgcc.a
LOAD /usr/lib/gcc/arm-none-eabi/10.3.1/../../../arm-none-eabi/lib/thumb/v7e-m+fp/hard/libc_nano.a
LOAD /usr/lib/gcc/arm-none-eabi/10.3.1/../../../arm-none-eabi/lib/thumb/v7e-m+fp/hard/libnosys.a
END GROUP
START GROUP
LOAD /usr/lib/gcc/arm-none-eabi/10.3.1/thumb/v7e-m+fp/hard/libgcc.a
LOAD /usr/lib/gcc/arm-none-eabi/10.3.1/../../../arm-none-eabi/lib/thumb/v7e-m+fp/hard/libc_nano.a
LOAD /usr/lib/gcc/arm-none-eabi/10.3.1/../../../arm-none-eabi/lib/thumb/v7e-m+fp/hard/libnosys.a
END GROUP
                0x0000000000000008                _Min_Heap_Size = 0x8
                0x0000000000000400                _Min_Stack_Size = 0x400
                0x00000000204c0000                _estack = (ORIGIN (RAM) + LENGTH (RAM))

.isr_vector     0x0000000000000000       0x78
                0x0000000000000000                __vector_table = .
 *(.isr_vector)
 .isr_vector    0x0000000000000000       0x78 ./Output/startup.o
                0x0000000000000000                isr_vector
                0x0000000000000078                . = ALIGN (0x4)

.text           0x0000000000000078       0xaf
 *(.text)
 .text          0x0000000000000078       0xa4 /usr/lib/gcc/arm-none-eabi/10.3.1/../../../arm-none-eabi/lib/thumb/v7e-m+fp/hard/libc_nano.a(lib_a-memset.o)
                0x0000000000000078                memset
 *(.rodata*)
 .rodata.vTaskStartScheduler.str1.1
                0x000000000000011c        0x5 ./Output/tasks.o
 .rodata.main.str1.1
                0x0000000000000121        0x6 ./Output/main.o
 *(.constdata*)
                0x0000000000000127                _etext = .
                0x0000000000000127                _sidata = .

.glue_7         0x0000000000000128        0x0
 .glue_7        0x0000000000000128        0x0 linker stubs

.glue_7t        0x0000000000000128        0x0
 .glue_7t       0x0000000000000128        0x0 linker stubs

.vfp11_veneer   0x0000000000000128        0x0
 .vfp11_veneer  0x0000000000000128        0x0 linker stubs

.v4_bx          0x0000000000000128        0x0
 .v4_bx         0x0000000000000128        0x0 linker stubs

.text.vListInitialise
                0x0000000000000128       0x16
 .text.vListInitialise
                0x0000000000000128       0x16 ./Output/list.o
                0x0000000000000128                vListInitialise

.text.vListInitialiseItem
                0x000000000000013e        0x6
 .text.vListInitialiseItem
                0x000000000000013e        0x6 ./Output/list.o
                0x000000000000013e                vListInitialiseItem

.text.vListInsert
                0x0000000000000144       0x2e
 .text.vListInsert
                0x0000000000000144       0x2e ./Output/list.o
                0x0000000000000144                vListInsert

.text.uxListRemove
                0x0000000000000172       0x1e
 .text.uxListRemove
                0x0000000000000172       0x1e ./Output/list.o
                0x0000000000000172                uxListRemove

.text.prvAddCurrentTaskToDelayedList
                0x0000000000000190       0xb4
 .text.prvAddCurrentTaskToDelayedList
                0x0000000000000190       0xb4 ./Output/tasks.o

.text.prvResetNextTaskUnblockTime
                0x0000000000000244       0x24
 .text.prvResetNextTaskUnblockTime
                0x0000000000000244       0x24 ./Output/tasks.o

.text.prvCheckTasksWaitingTermination
                0x0000000000000268       0x48
 .text.prvCheckTasksWaitingTermination
                0x0000000000000268       0x48 ./Output/tasks.o

.text.prvIdleTask
                0x00000000000002b0        0x8
 .text.prvIdleTask
                0x00000000000002b0        0x8 ./Output/tasks.o

.text.xTaskCreate
                0x00000000000002b8      0x1bc
 .text.xTaskCreate
                0x00000000000002b8      0x1bc ./Output/tasks.o
                0x00000000000002b8                xTaskCreate

.text.vTaskStartScheduler
                0x0000000000000474       0x80
 .text.vTaskStartScheduler
                0x0000000000000474       0x80 ./Output/tasks.o
                0x0000000000000474                vTaskStartScheduler

.text.vTaskSuspendAll
                0x00000000000004f4       0x10
 .text.vTaskSuspendAll
                0x00000000000004f4       0x10 ./Output/tasks.o
                0x00000000000004f4                vTaskSuspendAll

.text.xTaskIncrementTick
                0x0000000000000504      0x17c
 .text.xTaskIncrementTick
                0x0000000000000504      0x17c ./Output/tasks.o
                0x0000000000000504                xTaskIncrementTick

.text.xTaskResumeAll
                0x0000000000000680      0x154
 .text.xTaskResumeAll
                0x0000000000000680      0x154 ./Output/tasks.o
                0x0000000000000680                xTaskResumeAll

.text.vTaskDelay
                0x00000000000007d4       0x3c
 .text.vTaskDelay
                0x00000000000007d4       0x3c ./Output/tasks.o
                0x00000000000007d4                vTaskDelay

.text.vTaskSwitchContext
                0x0000000000000810       0x68
 .text.vTaskSwitchContext
                0x0000000000000810       0x68 ./Output/tasks.o
                0x0000000000000810                vTaskSwitchContext

.iplt           0x0000000000000878        0x0
 .iplt          0x0000000000000878        0x0 ./Output/tasks.o

.text.pvPortMalloc
                0x0000000000000878      0x130
 .text.pvPortMalloc
                0x0000000000000878      0x130 ./Output/heap_4.o
                0x0000000000000878                pvPortMalloc

.text.vPortFree
                0x00000000000009a8       0xb8
 .text.vPortFree
                0x00000000000009a8       0xb8 ./Output/heap_4.o
                0x00000000000009a8                vPortFree

.text.prvTaskExitError
                0x0000000000000a60       0x34
 .text.prvTaskExitError
                0x0000000000000a60       0x34 ./Output/port.o

.text.vPortSVCHandler
                0x0000000000000aa0       0x24
 .text.vPortSVCHandler
                0x0000000000000aa0       0x24 ./Output/port.o
                0x0000000000000aa0                vPortSVCHandler

.text.prvPortStartFirstTask
                0x0000000000000ac4       0x28
 .text.prvPortStartFirstTask
                0x0000000000000ac4       0x28 ./Output/port.o

.text.xPortPendSVHandler
                0x0000000000000af0       0x64
 .text.xPortPendSVHandler
                0x0000000000000af0       0x64 ./Output/port.o
                0x0000000000000af0                xPortPendSVHandler

.text.vPortEnableVFP
                0x0000000000000b54       0x14
 .text.vPortEnableVFP
                0x0000000000000b54       0x14 ./Output/port.o

.text.pxPortInitialiseStack
                0x0000000000000b68       0x24
 .text.pxPortInitialiseStack
                0x0000000000000b68       0x24 ./Output/port.o
                0x0000000000000b68                pxPortInitialiseStack

.text.vPortEnterCritical
                0x0000000000000b8c       0x34
 .text.vPortEnterCritical
                0x0000000000000b8c       0x34 ./Output/port.o
                0x0000000000000b8c                vPortEnterCritical

.text.vPortExitCritical
                0x0000000000000bc0       0x18
 .text.vPortExitCritical
                0x0000000000000bc0       0x18 ./Output/port.o
                0x0000000000000bc0                vPortExitCritical

.text.xPortSysTickHandler
                0x0000000000000bd8       0x30
 .text.xPortSysTickHandler
                0x0000000000000bd8       0x30 ./Output/port.o
                0x0000000000000bd8                xPortSysTickHandler

.text.vPortSetupTimerInterrupt
                0x0000000000000c08       0x16
 .text.vPortSetupTimerInterrupt
                0x0000000000000c08       0x16 ./Output/port.o
                0x0000000000000c08                vPortSetupTimerInterrupt

.text.xPortStartScheduler
                0x0000000000000c20       0xf4
 .text.xPortStartScheduler
                0x0000000000000c20       0xf4 ./Output/port.o
                0x0000000000000c20                xPortStartScheduler

.text.vTaskFunction
                0x0000000000000d14       0x18
 .text.vTaskFunction
                0x0000000000000d14       0x18 ./Output/main.o
                0x0000000000000d14                vTaskFunction

.text.startup.main
                0x0000000000000d2c       0x24
 .text.startup.main
                0x0000000000000d2c       0x24 ./Output/main.o
                0x0000000000000d2c                main

.text.Default_Handler
                0x0000000000000e00        0xc
 .text.Default_Handler
                0x0000000000000e00        0xc ./Output/startup.o

.text.HardFault_Handler
                0x0000000000000f00       0x18
 .text.HardFault_Handler
                0x0000000000000f00       0x18 ./Output/startup.o

.text.Reset_Handler
                0x0000000000000f18        0x4
 .text.Reset_Handler
                0x0000000000000f18        0x4 ./Output/startup.o
                0x0000000000000f18                Reset_Handler

.text.prvGetRegistersFromStack
                0x0000000000000f1c       0x54
 .text.prvGetRegistersFromStack
                0x0000000000000f1c       0x54 ./Output/startup.o
                0x0000000000000f1c                prvGetRegistersFromStack

.rel.dyn        0x0000000000000f70        0x0
 .rel.iplt      0x0000000000000f70        0x0 ./Output/tasks.o

.data           0x0000000020400000        0x0
                0x0000000020400000                . = ALIGN (0x8)
                0x0000000020400000                _data = .
                0x0000000020400000                _sdata = .
 *(vtable)
 *(.data)
                0x0000000020400000                _edata = .

.data.uxTopUsedPriority
                0x0000000020400000        0x4
 .data.uxTopUsedPriority
                0x0000000020400000        0x4 ./Output/tasks.o

.igot.plt       0x0000000020400004        0x0
 .igot.plt      0x0000000020400004        0x0 ./Output/tasks.o

.data.uxCriticalNesting
                0x0000000020400004        0x4
 .data.uxCriticalNesting
                0x0000000020400004        0x4 ./Output/port.o

.bss            0x0000000020400008        0x0
                0x0000000020400008                . = ALIGN (0x8)
                0x0000000020400008                _bss = .
                0x0000000020400008                _sbss = .
 *(.bss)
                0x0000000020400008                _ebss = .

.bss.pxCurrentTCB
                0x0000000020400008        0x4
 .bss.pxCurrentTCB
                0x0000000020400008        0x4 ./Output/tasks.o
                0x0000000020400008                pxCurrentTCB

.bss.pxDelayedTaskList
                0x000000002040000c        0x4
 .bss.pxDelayedTaskList
                0x000000002040000c        0x4 ./Output/tasks.o

.bss.pxOverflowDelayedTaskList
                0x0000000020400010        0x4
 .bss.pxOverflowDelayedTaskList
                0x0000000020400010        0x4 ./Output/tasks.o

.bss.pxReadyTasksLists
                0x0000000020400014       0xb4
 .bss.pxReadyTasksLists
                0x0000000020400014       0xb4 ./Output/tasks.o

.bss.uxCurrentNumberOfTasks
                0x00000000204000c8        0x4
 .bss.uxCurrentNumberOfTasks
                0x00000000204000c8        0x4 ./Output/tasks.o

.bss.uxDeletedTasksWaitingCleanUp
                0x00000000204000cc        0x4
 .bss.uxDeletedTasksWaitingCleanUp
                0x00000000204000cc        0x4 ./Output/tasks.o

.bss.uxSchedulerSuspended
                0x00000000204000d0        0x4
 .bss.uxSchedulerSuspended
                0x00000000204000d0        0x4 ./Output/tasks.o

.bss.uxTaskNumber
                0x00000000204000d4        0x4
 .bss.uxTaskNumber
                0x00000000204000d4        0x4 ./Output/tasks.o

.bss.uxTopReadyPriority
                0x00000000204000d8        0x4
 .bss.uxTopReadyPriority
                0x00000000204000d8        0x4 ./Output/tasks.o

.bss.xDelayedTaskList1
                0x00000000204000dc       0x14
 .bss.xDelayedTaskList1
                0x00000000204000dc       0x14 ./Output/tasks.o

.bss.xDelayedTaskList2
                0x00000000204000f0       0x14
 .bss.xDelayedTaskList2
                0x00000000204000f0       0x14 ./Output/tasks.o

.bss.xIdleTaskHandles
                0x0000000020400104        0x4
 .bss.xIdleTaskHandles
                0x0000000020400104        0x4 ./Output/tasks.o

.bss.xNextTaskUnblockTime
                0x0000000020400108        0x4
 .bss.xNextTaskUnblockTime
                0x0000000020400108        0x4 ./Output/tasks.o

.bss.xNumOfOverflows
                0x000000002040010c        0x4
 .bss.xNumOfOverflows
                0x000000002040010c        0x4 ./Output/tasks.o

.bss.xPendedTicks
                0x0000000020400110        0x4
 .bss.xPendedTicks
                0x0000000020400110        0x4 ./Output/tasks.o

.bss.xPendingReadyList
                0x0000000020400114       0x14
 .bss.xPendingReadyList
                0x0000000020400114       0x14 ./Output/tasks.o

.bss.xSchedulerRunning
                0x0000000020400128        0x4
 .bss.xSchedulerRunning
                0x0000000020400128        0x4 ./Output/tasks.o

.bss.xSuspendedTaskList
                0x000000002040012c       0x14
 .bss.xSuspendedTaskList
                0x000000002040012c       0x14 ./Output/tasks.o

.bss.xTasksWaitingTermination
                0x0000000020400140       0x14
 .bss.xTasksWaitingTermination
                0x0000000020400140       0x14 ./Output/tasks.o

.bss.xTickCount
                0x0000000020400154        0x4
 .bss.xTickCount
                0x0000000020400154        0x4 ./Output/tasks.o

.bss.xYieldPendings
                0x0000000020400158        0x4
 .bss.xYieldPendings
                0x0000000020400158        0x4 ./Output/tasks.o

.bss.pxEnd      0x000000002040015c        0x4
 .bss.pxEnd     0x000000002040015c        0x4 ./Output/heap_4.o

.bss.ucHeap     0x0000000020400160     0xf000
 .bss.ucHeap    0x0000000020400160     0xf000 ./Output/heap_4.o

.bss.xFreeBytesRemaining
                0x000000002040f160        0x4
 .bss.xFreeBytesRemaining
                0x000000002040f160        0x4 ./Output/heap_4.o

.bss.xMinimumEverFreeBytesRemaining
                0x000000002040f164        0x4
 .bss.xMinimumEverFreeBytesRemaining
                0x000000002040f164        0x4 ./Output/heap_4.o

.bss.xNumberOfSuccessfulAllocations
                0x000000002040f168        0x4
 .bss.xNumberOfSuccessfulAllocations
                0x000000002040f168        0x4 ./Output/heap_4.o

.bss.xNumberOfSuccessfulFrees
                0x000000002040f16c        0x4
 .bss.xNumberOfSuccessfulFrees
                0x000000002040f16c        0x4 ./Output/heap_4.o

.bss.xStart     0x000000002040f170        0x8
 .bss.xStart    0x000000002040f170        0x8 ./Output/heap_4.o

.bss.ucMaxSysCallPriority
                0x000000002040f178        0x1
 .bss.ucMaxSysCallPriority
                0x000000002040f178        0x1 ./Output/port.o

.bss.ulMaxPRIGROUPValue
                0x000000002040f17c        0x4
 .bss.ulMaxPRIGROUPValue
                0x000000002040f17c        0x4 ./Output/port.o

.bss.gBlinkCounter
                0x000000002040f180        0x4
 .bss.gBlinkCounter
                0x000000002040f180        0x4 ./Output/main.o
                0x000000002040f180                gBlinkCounter

.bss.lr         0x000000002040f184        0x4
 .bss.lr        0x000000002040f184        0x4 ./Output/startup.o
                0x000000002040f184                lr

.bss.pc         0x000000002040f188        0x4
 .bss.pc        0x000000002040f188        0x4 ./Output/startup.o
                0x000000002040f188                pc

.bss.psr        0x000000002040f18c        0x4
 .bss.psr       0x000000002040f18c        0x4 ./Output/startup.o
                0x000000002040f18c                psr

.bss.r0         0x000000002040f190        0x4
 .bss.r0        0x000000002040f190        0x4 ./Output/startup.o
                0x000000002040f190                r0

.bss.r1         0x000000002040f194        0x4
 .bss.r1        0x000000002040f194        0x4 ./Output/startup.o
                0x000000002040f194                r1

.bss.r12        0x000000002040f198        0x4
 .bss.r12       0x000000002040f198        0x4 ./Output/startup.o
                0x000000002040f198                r12

.bss.r2         0x000000002040f19c        0x4
 .bss.r2        0x000000002040f19c        0x4 ./Output/startup.o
                0x000000002040f19c                r2

.bss.r3         0x000000002040f1a0        0x4
 .bss.r3        0x000000002040f1a0        0x4 ./Output/startup.o
                0x000000002040f1a0                r3

.heap           0x000000002040f1a4      0x40c
                0x000000002040f1a8                . = ALIGN (0x8)
 *fill*         0x000000002040f1a4        0x4 
                [!provide]                        PROVIDE (end = .)
                [!provide]                        PROVIDE (_end = .)
                0x000000002040f1a8                _heap_bottom = .
                0x000000002040f1b0                . = (. + _Min_Heap_Size)
 *fill*         0x000000002040f1a8        0x8 
                0x000000002040f1b0                _heap_top = .
                0x000000002040f5b0                . = (. + _Min_Stack_Size)
 *fill*         0x000000002040f1b0      0x400 
                0x000000002040f5b0                . = ALIGN (0x8)
                0x00000000204c0000                stack_top = (ORIGIN (RAM) + LENGTH (RAM))
                0x00000000204bfc00                __StackLimit = (stack_top - _Min_Stack_Size)
                [!provide]                        PROVIDE (__stack = stack_top)
                0x0000000000000001                ASSERT ((__StackLimit >= _heap_top), region RAM overflowed with stack)
OUTPUT(./Output/demo.elf elf32-littlearm)
LOAD linker stubs

.debug_info     0x0000000000000000     0x43f9
 .debug_info    0x0000000000000000      0x2d3 ./Output/list.o
 .debug_info    0x00000000000002d3     0x31d2 ./Output/tasks.o
 .debug_info    0x00000000000034a5      0x5fe ./Output/heap_4.o
 .debug_info    0x0000000000003aa3      0x4a0 ./Output/port.o
 .debug_info    0x0000000000003f43      0x1b9 ./Output/main.o
 .debug_info    0x00000000000040fc      0x1c6 ./Output/startup.o
 .debug_info    0x00000000000042c2      0x137 /usr/lib/gcc/arm-none-eabi/10.3.1/../../../arm-none-eabi/lib/thumb/v7e-m+fp/hard/libc_nano.a(lib_a-memset.o)

.debug_abbrev   0x0000000000000000      0xd3c
 .debug_abbrev  0x0000000000000000      0x102 ./Output/list.o
 .debug_abbrev  0x0000000000000102      0x47a ./Output/tasks.o
 .debug_abbrev  0x000000000000057c      0x29a ./Output/heap_4.o
 .debug_abbrev  0x0000000000000816      0x278 ./Output/port.o
 .debug_abbrev  0x0000000000000a8e       0xf6 ./Output/main.o
 .debug_abbrev  0x0000000000000b84      0x104 ./Output/startup.o
 .debug_abbrev  0x0000000000000c88       0xb4 /usr/lib/gcc/arm-none-eabi/10.3.1/../../../arm-none-eabi/lib/thumb/v7e-m+fp/hard/libc_nano.a(lib_a-memset.o)

.debug_loc      0x0000000000000000     0x32ae
 .debug_loc     0x0000000000000000       0xaf ./Output/list.o
 .debug_loc     0x00000000000000af     0x2989 ./Output/tasks.o
 .debug_loc     0x0000000000002a38      0x505 ./Output/heap_4.o
 .debug_loc     0x0000000000002f3d       0xd6 ./Output/port.o
 .debug_loc     0x0000000000003013       0x6f ./Output/main.o
 .debug_loc     0x0000000000003082      0x22c /usr/lib/gcc/arm-none-eabi/10.3.1/../../../arm-none-eabi/lib/thumb/v7e-m+fp/hard/libc_nano.a(lib_a-memset.o)

.debug_aranges  0x0000000000000000      0x388
 .debug_aranges
                0x0000000000000000       0x40 ./Output/list.o
 .debug_aranges
                0x0000000000000040      0x1f0 ./Output/tasks.o
 .debug_aranges
                0x0000000000000230       0x58 ./Output/heap_4.o
 .debug_aranges
                0x0000000000000288       0x80 ./Output/port.o
 .debug_aranges
                0x0000000000000308       0x28 ./Output/main.o
 .debug_aranges
                0x0000000000000330       0x38 ./Output/startup.o
 .debug_aranges
                0x0000000000000368       0x20 /usr/lib/gcc/arm-none-eabi/10.3.1/../../../arm-none-eabi/lib/thumb/v7e-m+fp/hard/libc_nano.a(lib_a-memset.o)

.debug_ranges   0x0000000000000000      0x6d0
 .debug_ranges  0x0000000000000000       0x30 ./Output/list.o
 .debug_ranges  0x0000000000000030      0x560 ./Output/tasks.o
 .debug_ranges  0x0000000000000590       0x48 ./Output/heap_4.o
 .debug_ranges  0x00000000000005d8       0xb8 ./Output/port.o
 .debug_ranges  0x0000000000000690       0x18 ./Output/main.o
 .debug_ranges  0x00000000000006a8       0x28 ./Output/startup.o

.debug_macro    0x0000000000000000     0x387b
 .debug_macro   0x0000000000000000      0x171 ./Output/list.o
 .debug_macro   0x0000000000000171      0xa6c ./Output/list.o
 .debug_macro   0x0000000000000bdd       0x18 ./Output/list.o
 .debug_macro   0x0000000000000bf5       0x22 ./Output/list.o
 .debug_macro   0x0000000000000c17       0x52 ./Output/list.o
 .debug_macro   0x0000000000000c69       0x94 ./Output/list.o
 .debug_macro   0x0000000000000cfd       0x35 ./Output/list.o
 .debug_macro   0x0000000000000d32       0x34 ./Output/list.o
 .debug_macro   0x0000000000000d66       0x16 ./Output/list.o
 .debug_macro   0x0000000000000d7c      0x10e ./Output/list.o
 .debug_macro   0x0000000000000e8a       0x8d ./Output/list.o
 .debug_macro   0x0000000000000f17       0x16 ./Output/list.o
 .debug_macro   0x0000000000000f2d       0x43 ./Output/list.o
 .debug_macro   0x0000000000000f70       0x57 ./Output/list.o
 .debug_macro   0x0000000000000fc7       0x34 ./Output/list.o
 .debug_macro   0x0000000000000ffb       0x10 ./Output/list.o
 .debug_macro   0x000000000000100b       0x52 ./Output/list.o
 .debug_macro   0x000000000000105d      0x182 ./Output/list.o
 .debug_macro   0x00000000000011df      0x333 ./Output/list.o
 .debug_macro   0x0000000000001512       0x16 ./Output/list.o
 .debug_macro   0x0000000000001528       0x29 ./Output/list.o
 .debug_macro   0x0000000000001551      0x34e ./Output/list.o
 .debug_macro   0x000000000000189f       0x16 ./Output/list.o
 .debug_macro   0x00000000000018b5      0x164 ./Output/list.o
 .debug_macro   0x0000000000001a19       0x1c ./Output/list.o
 .debug_macro   0x0000000000001a35      0x182 ./Output/list.o
 .debug_macro   0x0000000000001bb7       0xe7 ./Output/list.o
 .debug_macro   0x0000000000001c9e       0x2e ./Output/list.o
 .debug_macro   0x0000000000001ccc       0x1f ./Output/list.o
 .debug_macro   0x0000000000001ceb       0x12 ./Output/list.o
 .debug_macro   0x0000000000001cfd      0xfd7 ./Output/list.o
 .debug_macro   0x0000000000002cd4       0xc3 ./Output/list.o
 .debug_macro   0x0000000000002d97      0x289 ./Output/tasks.o
 .debug_macro   0x0000000000003020       0x16 ./Output/tasks.o
 .debug_macro   0x0000000000003036       0x35 ./Output/tasks.o
 .debug_macro   0x000000000000306b      0x14f ./Output/tasks.o
 .debug_macro   0x00000000000031ba       0x98 ./Output/tasks.o
 .debug_macro   0x0000000000003252       0x17 ./Output/tasks.o
 .debug_macro   0x0000000000003269      0x201 ./Output/heap_4.o
 .debug_macro   0x000000000000346a      0x174 ./Output/port.o
 .debug_macro   0x00000000000035de      0x174 ./Output/port.o
 .debug_macro   0x0000000000003752       0x9c ./Output/main.o
 .debug_macro   0x00000000000037ee       0x8d ./Output/startup.o

.debug_line     0x0000000000000000     0x4700
 .debug_line    0x0000000000000000      0x446 ./Output/list.o
 .debug_line    0x0000000000000446     0x2eab ./Output/tasks.o
 .debug_line    0x00000000000032f1      0x876 ./Output/heap_4.o
 .debug_line    0x0000000000003b67      0x5fb ./Output/port.o
 .debug_line    0x0000000000004162      0x1e1 ./Output/main.o
 .debug_line    0x0000000000004343      0x1fe ./Output/startup.o
 .debug_line    0x0000000000004541      0x1bf /usr/lib/gcc/arm-none-eabi/10.3.1/../../../arm-none-eabi/lib/thumb/v7e-m+fp/hard/libc_nano.a(lib_a-memset.o)

.debug_str      0x0000000000000000    0x141d5
 .debug_str     0x0000000000000000     0xf7ad ./Output/list.o
                                       0xf9af (size before relaxing)
 .debug_str     0x000000000000f7ad     0x372a ./Output/tasks.o
                                      0x130e4 (size before relaxing)
 .debug_str     0x0000000000012ed7      0x725 ./Output/heap_4.o
                                      0x11497 (size before relaxing)
 .debug_str     0x00000000000135fc      0x88b ./Output/port.o
                                       0xebad (size before relaxing)
 .debug_str     0x0000000000013e87       0x66 ./Output/main.o
                                       0xe283 (size before relaxing)
 .debug_str     0x0000000000013eed      0x1cb ./Output/startup.o
                                       0xc3b1 (size before relaxing)
 .debug_str     0x00000000000140b8      0x11d /usr/lib/gcc/arm-none-eabi/10.3.1/../../../arm-none-eabi/lib/thumb/v7e-m+fp/hard/libc_nano.a(lib_a-memset.o)
                                        0x1c0 (size before relaxing)

.comment        0x0000000000000000       0x33
 .comment       0x0000000000000000       0x33 ./Output/list.o
                                         0x34 (size before relaxing)
 .comment       0x0000000000000033       0x34 ./Output/tasks.o
 .comment       0x0000000000000033       0x34 ./Output/heap_4.o
 .comment       0x0000000000000033       0x34 ./Output/port.o
 .comment       0x0000000000000033       0x34 ./Output/main.o
 .comment       0x0000000000000033       0x34 ./Output/startup.o
 .comment       0x0000000000000033       0x34 /usr/lib/gcc/arm-none-eabi/10.3.1/../../../arm-none-eabi/lib/thumb/v7e-m+fp/hard/libc_nano.a(lib_a-memset.o)

.ARM.attributes
                0x0000000000000000       0x32
 .ARM.attributes
                0x0000000000000000       0x34 ./Output/list.o
 .ARM.attributes
                0x0000000000000034       0x34 ./Output/tasks.o
 .ARM.attributes
                0x0000000000000068       0x34 ./Output/heap_4.o
 .ARM.attributes
                0x000000000000009c       0x34 ./Output/port.o
 .ARM.attributes
                0x00000000000000d0       0x34 ./Output/main.o
 .ARM.attributes
                0x0000000000000104       0x34 ./Output/startup.o
 .ARM.attributes
                0x0000000000000138       0x34 /usr/lib/gcc/arm-none-eabi/10.3.1/../../../arm-none-eabi/lib/thumb/v7e-m+fp/hard/libc_nano.a(lib_a-memset.o)

.debug_frame    0x0000000000000000      0x974
 .debug_frame   0x0000000000000000       0x6c ./Output/list.o
 .debug_frame   0x000000000000006c      0x664 ./Output/tasks.o
 .debug_frame   0x00000000000006d0       0xe8 ./Output/heap_4.o
 .debug_frame   0x00000000000007b8      0x100 ./Output/port.o
 .debug_frame   0x00000000000008b8       0x40 ./Output/main.o
 .debug_frame   0x00000000000008f8       0x50 ./Output/startup.o
 .debug_frame   0x0000000000000948       0x2c /usr/lib/gcc/arm-none-eabi/10.3.1/../../../arm-none-eabi/lib/thumb/v7e-m+fp/hard/libc_nano.a(lib_a-memset.o)
