Archive member included to satisfy reference by file (symbol)

/usr/lib/gcc/arm-none-eabi/13.2.1/../../../arm-none-eabi/lib/thumb/v7e-m+fp/hard/libc_nano.a(libc_a-strlen.o)
                              ./Output/tasks.o (strlen)
/usr/lib/gcc/arm-none-eabi/13.2.1/../../../arm-none-eabi/lib/thumb/v7e-m+fp/hard/libc_nano.a(libc_a-memset.o)
                              ./Output/tasks.o (memset)

Discarded input sections

 .group         0x00000000        0xc ./Output/list.o
 .group         0x00000000        0xc ./Output/list.o
 .group         0x00000000        0xc ./Output/list.o
 .group         0x00000000        0xc ./Output/list.o
 .group         0x00000000        0xc ./Output/list.o
 .group         0x00000000        0xc ./Output/list.o
 .group         0x00000000        0xc ./Output/list.o
 .group         0x00000000        0xc ./Output/list.o
 .group         0x00000000        0xc ./Output/list.o
 .group         0x00000000        0xc ./Output/list.o
 .group         0x00000000        0xc ./Output/list.o
 .group         0x00000000        0xc ./Output/list.o
 .group         0x00000000        0xc ./Output/list.o
 .group         0x00000000        0xc ./Output/list.o
 .group         0x00000000        0xc ./Output/list.o
 .group         0x00000000        0xc ./Output/list.o
 .group         0x00000000        0xc ./Output/list.o
 .group         0x00000000        0xc ./Output/list.o
 .group         0x00000000        0xc ./Output/list.o
 .group         0x00000000        0xc ./Output/list.o
 .group         0x00000000        0xc ./Output/list.o
 .group         0x00000000        0xc ./Output/list.o
 .group         0x00000000        0xc ./Output/list.o
 .group         0x00000000        0xc ./Output/list.o
 .group         0x00000000        0xc ./Output/list.o
 .group         0x00000000        0xc ./Output/list.o
 .group         0x00000000        0xc ./Output/list.o
 .group         0x00000000        0xc ./Output/list.o
 .group         0x00000000        0xc ./Output/list.o
 .group         0x00000000        0xc ./Output/list.o
 .group         0x00000000        0xc ./Output/list.o
 .text          0x00000000        0x0 ./Output/list.o
 .data          0x00000000        0x0 ./Output/list.o
 .bss           0x00000000        0x0 ./Output/list.o
 .text.vListInsertEnd
                0x00000000       0x16 ./Output/list.o
 .group         0x00000000        0xc ./Output/tasks.o
 .group         0x00000000        0xc ./Output/tasks.o
 .group         0x00000000        0xc ./Output/tasks.o
 .group         0x00000000        0xc ./Output/tasks.o
 .group         0x00000000        0xc ./Output/tasks.o
 .group         0x00000000        0xc ./Output/tasks.o
 .group         0x00000000        0xc ./Output/tasks.o
 .group         0x00000000        0xc ./Output/tasks.o
 .group         0x00000000        0xc ./Output/tasks.o
 .group         0x00000000        0xc ./Output/tasks.o
 .group         0x00000000        0xc ./Output/tasks.o
 .group         0x00000000        0xc ./Output/tasks.o
 .group         0x00000000        0xc ./Output/tasks.o
 .group         0x00000000        0xc ./Output/tasks.o
 .group         0x00000000        0xc ./Output/tasks.o
 .group         0x00000000        0xc ./Output/tasks.o
 .group         0x00000000        0xc ./Output/tasks.o
 .group         0x00000000        0xc ./Output/tasks.o
 .group         0x00000000        0xc ./Output/tasks.o
 .group         0x00000000        0xc ./Output/tasks.o
 .group         0x00000000        0xc ./Output/tasks.o
 .group         0x00000000        0xc ./Output/tasks.o
 .group         0x00000000        0xc ./Output/tasks.o
 .group         0x00000000        0xc ./Output/tasks.o
 .group         0x00000000        0xc ./Output/tasks.o
 .group         0x00000000        0xc ./Output/tasks.o
 .group         0x00000000        0xc ./Output/tasks.o
 .group         0x00000000        0xc ./Output/tasks.o
 .group         0x00000000        0xc ./Output/tasks.o
 .group         0x00000000        0xc ./Output/tasks.o
 .group         0x00000000        0xc ./Output/tasks.o
 .group         0x00000000        0xc ./Output/tasks.o
 .group         0x00000000        0xc ./Output/tasks.o
 .group         0x00000000        0xc ./Output/tasks.o
 .group         0x00000000        0xc ./Output/tasks.o
 .group         0x00000000        0xc ./Output/tasks.o
 .text          0x00000000        0x0 ./Output/tasks.o
 .data          0x00000000        0x0 ./Output/tasks.o
 .bss           0x00000000        0x0 ./Output/tasks.o
 .text.prvSearchForNameWithinSingleList
                0x00000000       0x3e ./Output/tasks.o
 .text.prvTaskIsTaskSuspended
                0x00000000       0x40 ./Output/tasks.o
 .text.vTaskDelete
                0x00000000       0xd0 ./Output/tasks.o
 .text.eTaskGetState
                0x00000000       0x98 ./Output/tasks.o
 .text.uxTaskPriorityGet
                0x00000000       0x1c ./Output/tasks.o
 .text.uxTaskPriorityGetFromISR
                0x00000000       0x34 ./Output/tasks.o
 .text.uxTaskBasePriorityGet
                0x00000000       0x1c ./Output/tasks.o
 .text.uxTaskBasePriorityGetFromISR
                0x00000000       0x34 ./Output/tasks.o
 .text.vTaskPrioritySet
                0x00000000       0xdc ./Output/tasks.o
 .text.vTaskResume
                0x00000000       0x88 ./Output/tasks.o
 .text.xTaskResumeFromISR
                0x00000000       0xac ./Output/tasks.o
 .text.vTaskEndScheduler
                0x00000000       0x38 ./Output/tasks.o
 .text.xTaskGetTickCount
                0x00000000        0xc ./Output/tasks.o
 .text.xTaskGetTickCountFromISR
                0x00000000       0x10 ./Output/tasks.o
 .text.uxTaskGetNumberOfTasks
                0x00000000        0xc ./Output/tasks.o
 .text.pcTaskGetName
                0x00000000       0x14 ./Output/tasks.o
 .text.xTaskGetIdleTaskHandle
                0x00000000       0x10 ./Output/tasks.o
 .text.xTaskGetIdleTaskHandleForCore
                0x00000000       0x14 ./Output/tasks.o
 .text.xTaskDelayUntil
                0x00000000       0x6c ./Output/tasks.o
 .text.xTaskGetHandle
                0x00000000       0x78 ./Output/tasks.o
 .text.xTaskCatchUpTicks
                0x00000000       0x30 ./Output/tasks.o
 .text.xTaskAbortDelay
                0x00000000       0x98 ./Output/tasks.o
 .text.vTaskSuspend
                0x00000000       0xe4 ./Output/tasks.o
 .text.vTaskPlaceOnEventList
                0x00000000       0x24 ./Output/tasks.o
 .text.vTaskPlaceOnUnorderedEventList
                0x00000000       0x50 ./Output/tasks.o
 .text.xTaskRemoveFromEventList
                0x00000000       0xbc ./Output/tasks.o
 .text.vTaskRemoveFromUnorderedEventList
                0x00000000       0xa4 ./Output/tasks.o
 .text.vTaskSetTimeOutState
                0x00000000       0x28 ./Output/tasks.o
 .text.vTaskInternalSetTimeOutState
                0x00000000       0x18 ./Output/tasks.o
 .text.xTaskCheckForTimeOut
                0x00000000       0x70 ./Output/tasks.o
 .text.vTaskMissedYield
                0x00000000        0xc ./Output/tasks.o
 .text.uxTaskGetStackHighWaterMark
                0x00000000       0x1c ./Output/tasks.o
 .text.xTaskGetCurrentTaskHandle
                0x00000000        0xc ./Output/tasks.o
 .text.xTaskGetCurrentTaskHandleForCore
                0x00000000       0x10 ./Output/tasks.o
 .text.xTaskGetSchedulerState
                0x00000000       0x20 ./Output/tasks.o
 .text.xTaskPriorityInherit
                0x00000000       0xa0 ./Output/tasks.o
 .text.xTaskPriorityDisinherit
                0x00000000       0x84 ./Output/tasks.o
 .text.vTaskPriorityDisinheritAfterTimeout
                0x00000000       0x98 ./Output/tasks.o
 .text.uxTaskResetEventItemValue
                0x00000000       0x18 ./Output/tasks.o
 .text.pvTaskIncrementMutexHeldCount
                0x00000000       0x14 ./Output/tasks.o
 .text.ulTaskGenericNotifyTake
                0x00000000       0x9c ./Output/tasks.o
 .text.xTaskGenericNotifyWait
                0x00000000       0xc4 ./Output/tasks.o
 .text.xTaskGenericNotify
                0x00000000      0x104 ./Output/tasks.o
 .text.xTaskGenericNotifyFromISR
                0x00000000      0x14c ./Output/tasks.o
 .text.vTaskGenericNotifyGiveFromISR
                0x00000000       0xf8 ./Output/tasks.o
 .text.xTaskGenericNotifyStateClear
                0x00000000       0x38 ./Output/tasks.o
 .text.ulTaskGenericNotifyValueClear
                0x00000000       0x34 ./Output/tasks.o
 .text.vTaskResetState
                0x00000000       0x64 ./Output/tasks.o
 .debug_macro   0x00000000      0xacc ./Output/tasks.o
 .debug_macro   0x00000000       0x2a ./Output/tasks.o
 .debug_macro   0x00000000       0x22 ./Output/tasks.o
 .debug_macro   0x00000000       0x60 ./Output/tasks.o
 .debug_macro   0x00000000       0x94 ./Output/tasks.o
 .debug_macro   0x00000000       0x3c ./Output/tasks.o
 .debug_macro   0x00000000       0x34 ./Output/tasks.o
 .debug_macro   0x00000000       0x16 ./Output/tasks.o
 .debug_macro   0x00000000      0x11c ./Output/tasks.o
 .debug_macro   0x00000000       0x9b ./Output/tasks.o
 .debug_macro   0x00000000       0x57 ./Output/tasks.o
 .debug_macro   0x00000000      0x370 ./Output/tasks.o
 .debug_macro   0x00000000       0x16 ./Output/tasks.o
 .debug_macro   0x00000000       0x4a ./Output/tasks.o
 .debug_macro   0x00000000       0x34 ./Output/tasks.o
 .debug_macro   0x00000000       0x10 ./Output/tasks.o
 .debug_macro   0x00000000       0x52 ./Output/tasks.o
 .debug_macro   0x00000000      0x1de ./Output/tasks.o
 .debug_macro   0x00000000       0x16 ./Output/tasks.o
 .debug_macro   0x00000000       0x29 ./Output/tasks.o
 .debug_macro   0x00000000      0x34e ./Output/tasks.o
 .debug_macro   0x00000000       0x16 ./Output/tasks.o
 .debug_macro   0x00000000      0x164 ./Output/tasks.o
 .debug_macro   0x00000000       0x1c ./Output/tasks.o
 .debug_macro   0x00000000      0x182 ./Output/tasks.o
 .debug_macro   0x00000000       0xe7 ./Output/tasks.o
 .debug_macro   0x00000000       0x2e ./Output/tasks.o
 .debug_macro   0x00000000       0x1f ./Output/tasks.o
 .debug_macro   0x00000000       0x12 ./Output/tasks.o
 .debug_macro   0x00000000      0xfd7 ./Output/tasks.o
 .debug_macro   0x00000000       0xc3 ./Output/tasks.o
 .group         0x00000000        0xc ./Output/heap_4.o
 .group         0x00000000        0xc ./Output/heap_4.o
 .group         0x00000000        0xc ./Output/heap_4.o
 .group         0x00000000        0xc ./Output/heap_4.o
 .group         0x00000000        0xc ./Output/heap_4.o
 .group         0x00000000        0xc ./Output/heap_4.o
 .group         0x00000000        0xc ./Output/heap_4.o
 .group         0x00000000        0xc ./Output/heap_4.o
 .group         0x00000000        0xc ./Output/heap_4.o
 .group         0x00000000        0xc ./Output/heap_4.o
 .group         0x00000000        0xc ./Output/heap_4.o
 .group         0x00000000        0xc ./Output/heap_4.o
 .group         0x00000000        0xc ./Output/heap_4.o
 .group         0x00000000        0xc ./Output/heap_4.o
 .group         0x00000000        0xc ./Output/heap_4.o
 .group         0x00000000        0xc ./Output/heap_4.o
 .group         0x00000000        0xc ./Output/heap_4.o
 .group         0x00000000        0xc ./Output/heap_4.o
 .group         0x00000000        0xc ./Output/heap_4.o
 .group         0x00000000        0xc ./Output/heap_4.o
 .group         0x00000000        0xc ./Output/heap_4.o
 .group         0x00000000        0xc ./Output/heap_4.o
 .group         0x00000000        0xc ./Output/heap_4.o
 .group         0x00000000        0xc ./Output/heap_4.o
 .group         0x00000000        0xc ./Output/heap_4.o
 .group         0x00000000        0xc ./Output/heap_4.o
 .group         0x00000000        0xc ./Output/heap_4.o
 .group         0x00000000        0xc ./Output/heap_4.o
 .group         0x00000000        0xc ./Output/heap_4.o
 .group         0x00000000        0xc ./Output/heap_4.o
 .group         0x00000000        0xc ./Output/heap_4.o
 .group         0x00000000        0xc ./Output/heap_4.o
 .group         0x00000000        0xc ./Output/heap_4.o
 .group         0x00000000        0xc ./Output/heap_4.o
 .text          0x00000000        0x0 ./Output/heap_4.o
 .data          0x00000000        0x0 ./Output/heap_4.o
 .bss           0x00000000        0x0 ./Output/heap_4.o
 .text.xPortGetFreeHeapSize
                0x00000000        0xc ./Output/heap_4.o
 .text.xPortGetMinimumEverFreeHeapSize
                0x00000000        0xc ./Output/heap_4.o
 .text.vPortInitialiseBlocks
                0x00000000        0x2 ./Output/heap_4.o
 .text.pvPortCalloc
                0x00000000       0x2a ./Output/heap_4.o
 .text.vPortGetHeapStats
                0x00000000       0x84 ./Output/heap_4.o
 .text.vPortHeapResetState
                0x00000000       0x2c ./Output/heap_4.o
 .debug_macro   0x00000000      0xacc ./Output/heap_4.o
 .debug_macro   0x00000000       0x2a ./Output/heap_4.o
 .debug_macro   0x00000000       0x22 ./Output/heap_4.o
 .debug_macro   0x00000000       0x60 ./Output/heap_4.o
 .debug_macro   0x00000000       0x94 ./Output/heap_4.o
 .debug_macro   0x00000000       0x3c ./Output/heap_4.o
 .debug_macro   0x00000000       0x34 ./Output/heap_4.o
 .debug_macro   0x00000000       0x16 ./Output/heap_4.o
 .debug_macro   0x00000000      0x11c ./Output/heap_4.o
 .debug_macro   0x00000000       0x9b ./Output/heap_4.o
 .debug_macro   0x00000000       0x57 ./Output/heap_4.o
 .debug_macro   0x00000000      0x370 ./Output/heap_4.o
 .debug_macro   0x00000000       0x16 ./Output/heap_4.o
 .debug_macro   0x00000000       0x4a ./Output/heap_4.o
 .debug_macro   0x00000000       0x34 ./Output/heap_4.o
 .debug_macro   0x00000000       0x10 ./Output/heap_4.o
 .debug_macro   0x00000000       0x52 ./Output/heap_4.o
 .debug_macro   0x00000000      0x1de ./Output/heap_4.o
 .debug_macro   0x00000000       0x16 ./Output/heap_4.o
 .debug_macro   0x00000000       0x29 ./Output/heap_4.o
 .debug_macro   0x00000000       0x16 ./Output/heap_4.o
 .debug_macro   0x00000000       0x3c ./Output/heap_4.o
 .debug_macro   0x00000000      0x34e ./Output/heap_4.o
 .debug_macro   0x00000000       0x16 ./Output/heap_4.o
 .debug_macro   0x00000000      0x164 ./Output/heap_4.o
 .debug_macro   0x00000000       0x1c ./Output/heap_4.o
 .debug_macro   0x00000000      0x182 ./Output/heap_4.o
 .debug_macro   0x00000000       0xe7 ./Output/heap_4.o
 .debug_macro   0x00000000       0x2e ./Output/heap_4.o
 .debug_macro   0x00000000       0x1f ./Output/heap_4.o
 .debug_macro   0x00000000       0x12 ./Output/heap_4.o
 .debug_macro   0x00000000      0xfd7 ./Output/heap_4.o
 .debug_macro   0x00000000       0xc3 ./Output/heap_4.o
 .debug_macro   0x00000000      0x14f ./Output/heap_4.o
 .group         0x00000000        0xc ./Output/port.o
 .group         0x00000000        0xc ./Output/port.o
 .group         0x00000000        0xc ./Output/port.o
 .group         0x00000000        0xc ./Output/port.o
 .group         0x00000000        0xc ./Output/port.o
 .group         0x00000000        0xc ./Output/port.o
 .group         0x00000000        0xc ./Output/port.o
 .group         0x00000000        0xc ./Output/port.o
 .group         0x00000000        0xc ./Output/port.o
 .group         0x00000000        0xc ./Output/port.o
 .group         0x00000000        0xc ./Output/port.o
 .group         0x00000000        0xc ./Output/port.o
 .group         0x00000000        0xc ./Output/port.o
 .group         0x00000000        0xc ./Output/port.o
 .text          0x00000000        0x0 ./Output/port.o
 .data          0x00000000        0x0 ./Output/port.o
 .bss           0x00000000        0x0 ./Output/port.o
 .text.vPortEndScheduler
                0x00000000       0x14 ./Output/port.o
 .text.vPortValidateInterruptPriority
                0x00000000       0x3c ./Output/port.o
 .debug_macro   0x00000000      0xacc ./Output/port.o
 .debug_macro   0x00000000      0x34e ./Output/port.o
 .debug_macro   0x00000000       0x16 ./Output/port.o
 .debug_macro   0x00000000      0x164 ./Output/port.o
 .debug_macro   0x00000000       0x1c ./Output/port.o
 .debug_macro   0x00000000      0x182 ./Output/port.o
 .debug_macro   0x00000000       0xe7 ./Output/port.o
 .debug_macro   0x00000000       0x2e ./Output/port.o
 .debug_macro   0x00000000       0x1f ./Output/port.o
 .debug_macro   0x00000000       0x12 ./Output/port.o
 .debug_macro   0x00000000      0xfd7 ./Output/port.o
 .debug_macro   0x00000000       0xc3 ./Output/port.o
 .debug_macro   0x00000000      0x14f ./Output/port.o
 .group         0x00000000        0xc ./Output/main.o
 .group         0x00000000        0xc ./Output/main.o
 .group         0x00000000        0xc ./Output/main.o
 .group         0x00000000        0xc ./Output/main.o
 .group         0x00000000        0xc ./Output/main.o
 .group         0x00000000        0xc ./Output/main.o
 .group         0x00000000        0xc ./Output/main.o
 .group         0x00000000        0xc ./Output/main.o
 .group         0x00000000        0xc ./Output/main.o
 .group         0x00000000        0xc ./Output/main.o
 .group         0x00000000        0xc ./Output/main.o
 .group         0x00000000        0xc ./Output/main.o
 .group         0x00000000        0xc ./Output/main.o
 .group         0x00000000        0xc ./Output/main.o
 .text          0x00000000        0x0 ./Output/main.o
 .data          0x00000000        0x0 ./Output/main.o
 .bss           0x00000000        0x0 ./Output/main.o
 .debug_macro   0x00000000      0xacc ./Output/main.o
 .debug_macro   0x00000000      0x190 ./Output/main.o
 .debug_macro   0x00000000      0x34e ./Output/main.o
 .debug_macro   0x00000000       0x16 ./Output/main.o
 .debug_macro   0x00000000      0x164 ./Output/main.o
 .debug_macro   0x00000000       0x1c ./Output/main.o
 .debug_macro   0x00000000      0x182 ./Output/main.o
 .debug_macro   0x00000000       0xe7 ./Output/main.o
 .debug_macro   0x00000000       0x2e ./Output/main.o
 .debug_macro   0x00000000       0x1f ./Output/main.o
 .debug_macro   0x00000000       0x12 ./Output/main.o
 .debug_macro   0x00000000      0xfd7 ./Output/main.o
 .debug_macro   0x00000000       0xc3 ./Output/main.o
 .debug_macro   0x00000000      0x14f ./Output/main.o
 .group         0x00000000        0xc ./Output/uart.o
 .group         0x00000000        0xc ./Output/uart.o
 .group         0x00000000        0xc ./Output/uart.o
 .group         0x00000000        0xc ./Output/uart.o
 .group         0x00000000        0xc ./Output/uart.o
 .group         0x00000000        0xc ./Output/uart.o
 .group         0x00000000        0xc ./Output/uart.o
 .group         0x00000000        0xc ./Output/uart.o
 .group         0x00000000        0xc ./Output/uart.o
 .group         0x00000000        0xc ./Output/uart.o
 .group         0x00000000        0xc ./Output/uart.o
 .group         0x00000000        0xc ./Output/uart.o
 .group         0x00000000        0xc ./Output/uart.o
 .text          0x00000000        0x0 ./Output/uart.o
 .data          0x00000000        0x0 ./Output/uart.o
 .bss           0x00000000        0x0 ./Output/uart.o
 .text.UART_init
                0x00000000        0xe ./Output/uart.o
 .text.UART_printf
                0x00000000       0x12 ./Output/uart.o
 .debug_info    0x00000000       0xd1 ./Output/uart.o
 .debug_abbrev  0x00000000       0x93 ./Output/uart.o
 .debug_loclists
                0x00000000       0x32 ./Output/uart.o
 .debug_aranges
                0x00000000       0x28 ./Output/uart.o
 .debug_rnglists
                0x00000000       0x19 ./Output/uart.o
 .debug_macro   0x00000000       0x8d ./Output/uart.o
 .debug_macro   0x00000000      0xacc ./Output/uart.o
 .debug_macro   0x00000000      0x190 ./Output/uart.o
 .debug_macro   0x00000000      0x34e ./Output/uart.o
 .debug_macro   0x00000000       0x16 ./Output/uart.o
 .debug_macro   0x00000000      0x164 ./Output/uart.o
 .debug_macro   0x00000000       0x1c ./Output/uart.o
 .debug_macro   0x00000000      0x182 ./Output/uart.o
 .debug_macro   0x00000000       0xe7 ./Output/uart.o
 .debug_macro   0x00000000       0x2e ./Output/uart.o
 .debug_macro   0x00000000       0x1f ./Output/uart.o
 .debug_macro   0x00000000       0x12 ./Output/uart.o
 .debug_macro   0x00000000      0xfd7 ./Output/uart.o
 .debug_macro   0x00000000       0x22 ./Output/uart.o
 .debug_line    0x00000000      0x1b1 ./Output/uart.o
 .debug_str     0x00000000     0xc4fd ./Output/uart.o
 .comment       0x00000000       0x27 ./Output/uart.o
 .debug_frame   0x00000000       0x30 ./Output/uart.o
 .ARM.attributes
                0x00000000       0x34 ./Output/uart.o
 .group         0x00000000        0xc ./Output/startup.o
 .group         0x00000000        0xc ./Output/startup.o
 .group         0x00000000        0xc ./Output/startup.o
 .group         0x00000000        0xc ./Output/startup.o
 .group         0x00000000        0xc ./Output/startup.o
 .group         0x00000000        0xc ./Output/startup.o
 .group         0x00000000        0xc ./Output/startup.o
 .group         0x00000000        0xc ./Output/startup.o
 .group         0x00000000        0xc ./Output/startup.o
 .group         0x00000000        0xc ./Output/startup.o
 .group         0x00000000        0xc ./Output/startup.o
 .group         0x00000000        0xc ./Output/startup.o
 .group         0x00000000        0xc ./Output/startup.o
 .text          0x00000000        0x0 ./Output/startup.o
 .data          0x00000000        0x0 ./Output/startup.o
 .bss           0x00000000        0x0 ./Output/startup.o
 .debug_macro   0x00000000      0xacc ./Output/startup.o
 .debug_macro   0x00000000      0x190 ./Output/startup.o
 .debug_macro   0x00000000      0x34e ./Output/startup.o
 .debug_macro   0x00000000       0x16 ./Output/startup.o
 .debug_macro   0x00000000      0x164 ./Output/startup.o
 .debug_macro   0x00000000       0x1c ./Output/startup.o
 .debug_macro   0x00000000      0x182 ./Output/startup.o
 .debug_macro   0x00000000       0xe7 ./Output/startup.o
 .debug_macro   0x00000000       0x2e ./Output/startup.o
 .debug_macro   0x00000000       0x1f ./Output/startup.o
 .debug_macro   0x00000000       0x12 ./Output/startup.o
 .debug_macro   0x00000000      0xfd7 ./Output/startup.o
 .debug_macro   0x00000000       0x22 ./Output/startup.o
 .text          0x00000000       0xd8 /usr/lib/gcc/arm-none-eabi/13.2.1/../../../arm-none-eabi/lib/thumb/v7e-m+fp/hard/libc_nano.a(libc_a-strlen.o)
 .data          0x00000000        0x0 /usr/lib/gcc/arm-none-eabi/13.2.1/../../../arm-none-eabi/lib/thumb/v7e-m+fp/hard/libc_nano.a(libc_a-strlen.o)
 .bss           0x00000000        0x0 /usr/lib/gcc/arm-none-eabi/13.2.1/../../../arm-none-eabi/lib/thumb/v7e-m+fp/hard/libc_nano.a(libc_a-strlen.o)
 .ARM.extab     0x00000000        0x0 /usr/lib/gcc/arm-none-eabi/13.2.1/../../../arm-none-eabi/lib/thumb/v7e-m+fp/hard/libc_nano.a(libc_a-strlen.o)
 .ARM.exidx     0x00000000        0x8 /usr/lib/gcc/arm-none-eabi/13.2.1/../../../arm-none-eabi/lib/thumb/v7e-m+fp/hard/libc_nano.a(libc_a-strlen.o)
 .debug_line    0x00000000       0x86 /usr/lib/gcc/arm-none-eabi/13.2.1/../../../arm-none-eabi/lib/thumb/v7e-m+fp/hard/libc_nano.a(libc_a-strlen.o)
 .debug_line_str
                0x00000000       0x98 /usr/lib/gcc/arm-none-eabi/13.2.1/../../../arm-none-eabi/lib/thumb/v7e-m+fp/hard/libc_nano.a(libc_a-strlen.o)
 .debug_info    0x00000000       0x33 /usr/lib/gcc/arm-none-eabi/13.2.1/../../../arm-none-eabi/lib/thumb/v7e-m+fp/hard/libc_nano.a(libc_a-strlen.o)
 .debug_abbrev  0x00000000       0x28 /usr/lib/gcc/arm-none-eabi/13.2.1/../../../arm-none-eabi/lib/thumb/v7e-m+fp/hard/libc_nano.a(libc_a-strlen.o)
 .debug_aranges
                0x00000000       0x20 /usr/lib/gcc/arm-none-eabi/13.2.1/../../../arm-none-eabi/lib/thumb/v7e-m+fp/hard/libc_nano.a(libc_a-strlen.o)
 .debug_str     0x00000000       0xab /usr/lib/gcc/arm-none-eabi/13.2.1/../../../arm-none-eabi/lib/thumb/v7e-m+fp/hard/libc_nano.a(libc_a-strlen.o)
 .eh_frame      0x00000000       0x34 /usr/lib/gcc/arm-none-eabi/13.2.1/../../../arm-none-eabi/lib/thumb/v7e-m+fp/hard/libc_nano.a(libc_a-strlen.o)
 .ARM.attributes
                0x00000000       0x1c /usr/lib/gcc/arm-none-eabi/13.2.1/../../../arm-none-eabi/lib/thumb/v7e-m+fp/hard/libc_nano.a(libc_a-strlen.o)
 .data          0x00000000        0x0 /usr/lib/gcc/arm-none-eabi/13.2.1/../../../arm-none-eabi/lib/thumb/v7e-m+fp/hard/libc_nano.a(libc_a-memset.o)
 .bss           0x00000000        0x0 /usr/lib/gcc/arm-none-eabi/13.2.1/../../../arm-none-eabi/lib/thumb/v7e-m+fp/hard/libc_nano.a(libc_a-memset.o)

Memory Configuration

Name             Origin             Length             Attributes
FLASH            0x00000000         0x00010000         xr
RAM              0x20400000         0x000c0000         rw
*default*        0x00000000         0xffffffff

Linker script and memory map

LOAD ./Output/list.o
LOAD ./Output/tasks.o
LOAD ./Output/heap_4.o
LOAD ./Output/port.o
LOAD ./Output/main.o
LOAD ./Output/uart.o
LOAD ./Output/startup.o
START GROUP
LOAD /usr/lib/gcc/arm-none-eabi/13.2.1/thumb/v7e-m+fp/hard/libgcc.a
LOAD /usr/lib/gcc/arm-none-eabi/13.2.1/../../../arm-none-eabi/lib/thumb/v7e-m+fp/hard/libc_nano.a
END GROUP
START GROUP
LOAD /usr/lib/gcc/arm-none-eabi/13.2.1/thumb/v7e-m+fp/hard/libgcc.a
LOAD /usr/lib/gcc/arm-none-eabi/13.2.1/../../../arm-none-eabi/lib/thumb/v7e-m+fp/hard/libc_nano.a
LOAD /usr/lib/gcc/arm-none-eabi/13.2.1/../../../arm-none-eabi/lib/thumb/v7e-m+fp/hard/libnosys.a
END GROUP
START GROUP
LOAD /usr/lib/gcc/arm-none-eabi/13.2.1/thumb/v7e-m+fp/hard/libgcc.a
LOAD /usr/lib/gcc/arm-none-eabi/13.2.1/../../../arm-none-eabi/lib/thumb/v7e-m+fp/hard/libc_nano.a
LOAD /usr/lib/gcc/arm-none-eabi/13.2.1/../../../arm-none-eabi/lib/thumb/v7e-m+fp/hard/libnosys.a
END GROUP
                0x00000008                        _Min_Heap_Size = 0x8
                0x00000400                        _Min_Stack_Size = 0x400
                0x204c0000                        _estack = (ORIGIN (RAM) + LENGTH (RAM))

.isr_vector     0x00000000       0x78
                0x00000000                        __vector_table = .
 *(.isr_vector)
 .isr_vector    0x00000000       0x78 ./Output/startup.o
                0x00000000                isr_vector
                0x00000078                        . = ALIGN (0x4)

.text           0x00000078       0xb4
 *(.text)
 .text          0x00000078       0xa4 /usr/lib/gcc/arm-none-eabi/13.2.1/../../../arm-none-eabi/lib/thumb/v7e-m+fp/hard/libc_nano.a(libc_a-memset.o)
                0x00000078                memset
 *(.rodata*)
 .rodata.vTaskStartScheduler.str1.1
                0x0000011c        0xb ./Output/tasks.o
                                  0x5 (size before relaxing)
 *fill*         0x00000127        0x1 
 .rodata.uxTopUsedPriority
                0x00000128        0x4 ./Output/tasks.o
 .rodata.main.str1.1
                0x0000012c        0x6 ./Output/main.o
 *(.constdata*)
                0x0000012c                        _etext = .
                0x0000012c                        _sidata = .

.glue_7         0x0000012c        0x0
 .glue_7        0x0000012c        0x0 linker stubs

.glue_7t        0x0000012c        0x0
 .glue_7t       0x0000012c        0x0 linker stubs

.vfp11_veneer   0x0000012c        0x0
 .vfp11_veneer  0x0000012c        0x0 linker stubs

.v4_bx          0x0000012c        0x0
 .v4_bx         0x0000012c        0x0 linker stubs

.text.vListInitialise
                0x0000012c       0x16
 .text.vListInitialise
                0x0000012c       0x16 ./Output/list.o
                0x0000012c                vListInitialise

.text.vListInitialiseItem
                0x00000142        0x6
 .text.vListInitialiseItem
                0x00000142        0x6 ./Output/list.o
                0x00000142                vListInitialiseItem

.text.vListInsert
                0x00000148       0x2e
 .text.vListInsert
                0x00000148       0x2e ./Output/list.o
                0x00000148                vListInsert

.text.uxListRemove
                0x00000176       0x1e
 .text.uxListRemove
                0x00000176       0x1e ./Output/list.o
                0x00000176                uxListRemove

.text.prvAddCurrentTaskToDelayedList
                0x00000194       0xb4
 .text.prvAddCurrentTaskToDelayedList
                0x00000194       0xb4 ./Output/tasks.o

.text.prvResetNextTaskUnblockTime
                0x00000248       0x24
 .text.prvResetNextTaskUnblockTime
                0x00000248       0x24 ./Output/tasks.o

.text.prvCheckTasksWaitingTermination
                0x0000026c       0x48
 .text.prvCheckTasksWaitingTermination
                0x0000026c       0x48 ./Output/tasks.o

.text.prvIdleTask
                0x000002b4        0x8
 .text.prvIdleTask
                0x000002b4        0x8 ./Output/tasks.o

.text.xTaskCreate
                0x000002bc      0x1c0
 .text.xTaskCreate
                0x000002bc      0x1c0 ./Output/tasks.o
                0x000002bc                xTaskCreate

.text.vTaskStartScheduler
                0x0000047c       0x80
 .text.vTaskStartScheduler
                0x0000047c       0x80 ./Output/tasks.o
                0x0000047c                vTaskStartScheduler

.text.vTaskSuspendAll
                0x000004fc       0x10
 .text.vTaskSuspendAll
                0x000004fc       0x10 ./Output/tasks.o
                0x000004fc                vTaskSuspendAll

.text.xTaskIncrementTick
                0x0000050c      0x180
 .text.xTaskIncrementTick
                0x0000050c      0x180 ./Output/tasks.o
                0x0000050c                xTaskIncrementTick

.text.xTaskResumeAll
                0x0000068c      0x154
 .text.xTaskResumeAll
                0x0000068c      0x154 ./Output/tasks.o
                0x0000068c                xTaskResumeAll

.text.vTaskDelay
                0x000007e0       0x3c
 .text.vTaskDelay
                0x000007e0       0x3c ./Output/tasks.o
                0x000007e0                vTaskDelay

.text.vTaskSwitchContext
                0x0000081c       0x68
 .text.vTaskSwitchContext
                0x0000081c       0x68 ./Output/tasks.o
                0x0000081c                vTaskSwitchContext

.iplt           0x00000884        0x0
 .iplt          0x00000884        0x0 ./Output/tasks.o

.text.pvPortMalloc
                0x00000884      0x130
 .text.pvPortMalloc
                0x00000884      0x130 ./Output/heap_4.o
                0x00000884                pvPortMalloc

.text.vPortFree
                0x000009b4       0xbc
 .text.vPortFree
                0x000009b4       0xbc ./Output/heap_4.o
                0x000009b4                vPortFree

.text.prvTaskExitError
                0x00000a70       0x34
 .text.prvTaskExitError
                0x00000a70       0x34 ./Output/port.o

.text.vPortSVCHandler
                0x00000ab0       0x24
 .text.vPortSVCHandler
                0x00000ab0       0x24 ./Output/port.o
                0x00000ab0                vPortSVCHandler

.text.prvPortStartFirstTask
                0x00000ad4       0x28
 .text.prvPortStartFirstTask
                0x00000ad4       0x28 ./Output/port.o

.text.xPortPendSVHandler
                0x00000b00       0x64
 .text.xPortPendSVHandler
                0x00000b00       0x64 ./Output/port.o
                0x00000b00                xPortPendSVHandler

.text.vPortEnableVFP
                0x00000b64       0x14
 .text.vPortEnableVFP
                0x00000b64       0x14 ./Output/port.o

.text.pxPortInitialiseStack
                0x00000b78       0x24
 .text.pxPortInitialiseStack
                0x00000b78       0x24 ./Output/port.o
                0x00000b78                pxPortInitialiseStack

.text.vPortEnterCritical
                0x00000b9c       0x34
 .text.vPortEnterCritical
                0x00000b9c       0x34 ./Output/port.o
                0x00000b9c                vPortEnterCritical

.text.vPortExitCritical
                0x00000bd0       0x18
 .text.vPortExitCritical
                0x00000bd0       0x18 ./Output/port.o
                0x00000bd0                vPortExitCritical

.text.xPortSysTickHandler
                0x00000be8       0x30
 .text.xPortSysTickHandler
                0x00000be8       0x30 ./Output/port.o
                0x00000be8                xPortSysTickHandler

.text.vPortSetupTimerInterrupt
                0x00000c18       0x16
 .text.vPortSetupTimerInterrupt
                0x00000c18       0x16 ./Output/port.o
                0x00000c18                vPortSetupTimerInterrupt

.text.xPortStartScheduler
                0x00000c30       0xf4
 .text.xPortStartScheduler
                0x00000c30       0xf4 ./Output/port.o
                0x00000c30                xPortStartScheduler

.text.vTaskFunction
                0x00000d24       0x18
 .text.vTaskFunction
                0x00000d24       0x18 ./Output/main.o
                0x00000d24                vTaskFunction

.text.startup.main
                0x00000d3c       0x24
 .text.startup.main
                0x00000d3c       0x24 ./Output/main.o
                0x00000d3c                main

.text.Default_Handler
                0x00000e00        0xc
 .text.Default_Handler
                0x00000e00        0xc ./Output/startup.o

.text.HardFault_Handler
                0x00000f00       0x18
 .text.HardFault_Handler
                0x00000f00       0x18 ./Output/startup.o

.text.Reset_Handler
                0x00000f18        0x4
 .text.Reset_Handler
                0x00000f18        0x4 ./Output/startup.o
                0x00000f18                Reset_Handler

.text.prvGetRegistersFromStack
                0x00000f1c       0x54
 .text.prvGetRegistersFromStack
                0x00000f1c       0x54 ./Output/startup.o
                0x00000f1c                prvGetRegistersFromStack

.rel.dyn        0x00000f70        0x0
 .rel.iplt      0x00000f70        0x0 ./Output/tasks.o

.data           0x20400000        0x0
                0x20400000                        . = ALIGN (0x8)
                0x20400000                        _data = .
                0x20400000                        _sdata = .
 *(vtable)
 *(.data)
                0x20400000                        _edata = .

.igot.plt       0x20400000        0x0
 .igot.plt      0x20400000        0x0 ./Output/tasks.o

.data.uxCriticalNesting
                0x20400000        0x4
 .data.uxCriticalNesting
                0x20400000        0x4 ./Output/port.o

.bss            0x20400004        0x4
                0x20400008                        . = ALIGN (0x8)
 *fill*         0x20400004        0x4 
                0x20400008                        _bss = .
                0x20400008                        _sbss = .
 *(.bss)
                0x20400008                        _ebss = .

.bss.uxSchedulerSuspended
                0x20400008        0x4
 .bss.uxSchedulerSuspended
                0x20400008        0x4 ./Output/tasks.o

.bss.xIdleTaskHandles
                0x2040000c        0x4
 .bss.xIdleTaskHandles
                0x2040000c        0x4 ./Output/tasks.o

.bss.xNextTaskUnblockTime
                0x20400010        0x4
 .bss.xNextTaskUnblockTime
                0x20400010        0x4 ./Output/tasks.o

.bss.uxTaskNumber
                0x20400014        0x4
 .bss.uxTaskNumber
                0x20400014        0x4 ./Output/tasks.o

.bss.xNumOfOverflows
                0x20400018        0x4
 .bss.xNumOfOverflows
                0x20400018        0x4 ./Output/tasks.o

.bss.xYieldPendings
                0x2040001c        0x4
 .bss.xYieldPendings
                0x2040001c        0x4 ./Output/tasks.o

.bss.xPendedTicks
                0x20400020        0x4
 .bss.xPendedTicks
                0x20400020        0x4 ./Output/tasks.o

.bss.xSchedulerRunning
                0x20400024        0x4
 .bss.xSchedulerRunning
                0x20400024        0x4 ./Output/tasks.o

.bss.uxTopReadyPriority
                0x20400028        0x4
 .bss.uxTopReadyPriority
                0x20400028        0x4 ./Output/tasks.o

.bss.xTickCount
                0x2040002c        0x4
 .bss.xTickCount
                0x2040002c        0x4 ./Output/tasks.o

.bss.uxCurrentNumberOfTasks
                0x20400030        0x4
 .bss.uxCurrentNumberOfTasks
                0x20400030        0x4 ./Output/tasks.o

.bss.xSuspendedTaskList
                0x20400034       0x14
 .bss.xSuspendedTaskList
                0x20400034       0x14 ./Output/tasks.o

.bss.uxDeletedTasksWaitingCleanUp
                0x20400048        0x4
 .bss.uxDeletedTasksWaitingCleanUp
                0x20400048        0x4 ./Output/tasks.o

.bss.xTasksWaitingTermination
                0x2040004c       0x14
 .bss.xTasksWaitingTermination
                0x2040004c       0x14 ./Output/tasks.o

.bss.xPendingReadyList
                0x20400060       0x14
 .bss.xPendingReadyList
                0x20400060       0x14 ./Output/tasks.o

.bss.pxOverflowDelayedTaskList
                0x20400074        0x4
 .bss.pxOverflowDelayedTaskList
                0x20400074        0x4 ./Output/tasks.o

.bss.pxDelayedTaskList
                0x20400078        0x4
 .bss.pxDelayedTaskList
                0x20400078        0x4 ./Output/tasks.o

.bss.xDelayedTaskList2
                0x2040007c       0x14
 .bss.xDelayedTaskList2
                0x2040007c       0x14 ./Output/tasks.o

.bss.xDelayedTaskList1
                0x20400090       0x14
 .bss.xDelayedTaskList1
                0x20400090       0x14 ./Output/tasks.o

.bss.pxReadyTasksLists
                0x204000a4       0xb4
 .bss.pxReadyTasksLists
                0x204000a4       0xb4 ./Output/tasks.o

.bss.pxCurrentTCB
                0x20400158        0x4
 .bss.pxCurrentTCB
                0x20400158        0x4 ./Output/tasks.o
                0x20400158                pxCurrentTCB

.bss.xNumberOfSuccessfulFrees
                0x2040015c        0x4
 .bss.xNumberOfSuccessfulFrees
                0x2040015c        0x4 ./Output/heap_4.o

.bss.xNumberOfSuccessfulAllocations
                0x20400160        0x4
 .bss.xNumberOfSuccessfulAllocations
                0x20400160        0x4 ./Output/heap_4.o

.bss.xMinimumEverFreeBytesRemaining
                0x20400164        0x4
 .bss.xMinimumEverFreeBytesRemaining
                0x20400164        0x4 ./Output/heap_4.o

.bss.xFreeBytesRemaining
                0x20400168        0x4
 .bss.xFreeBytesRemaining
                0x20400168        0x4 ./Output/heap_4.o

.bss.pxEnd      0x2040016c        0x4
 .bss.pxEnd     0x2040016c        0x4 ./Output/heap_4.o

.bss.xStart     0x20400170        0x8
 .bss.xStart    0x20400170        0x8 ./Output/heap_4.o

.bss.ucHeap     0x20400178     0xf000
 .bss.ucHeap    0x20400178     0xf000 ./Output/heap_4.o

.bss.ulMaxPRIGROUPValue
                0x2040f178        0x4
 .bss.ulMaxPRIGROUPValue
                0x2040f178        0x4 ./Output/port.o

.bss.ucMaxSysCallPriority
                0x2040f17c        0x1
 .bss.ucMaxSysCallPriority
                0x2040f17c        0x1 ./Output/port.o

.bss.gBlinkCounter
                0x2040f180        0x4
 .bss.gBlinkCounter
                0x2040f180        0x4 ./Output/main.o
                0x2040f180                gBlinkCounter

.bss.psr        0x2040f184        0x4
 .bss.psr       0x2040f184        0x4 ./Output/startup.o
                0x2040f184                psr

.bss.pc         0x2040f188        0x4
 .bss.pc        0x2040f188        0x4 ./Output/startup.o
                0x2040f188                pc

.bss.lr         0x2040f18c        0x4
 .bss.lr        0x2040f18c        0x4 ./Output/startup.o
                0x2040f18c                lr

.bss.r12        0x2040f190        0x4
 .bss.r12       0x2040f190        0x4 ./Output/startup.o
                0x2040f190                r12

.bss.r3         0x2040f194        0x4
 .bss.r3        0x2040f194        0x4 ./Output/startup.o
                0x2040f194                r3

.bss.r2         0x2040f198        0x4
 .bss.r2        0x2040f198        0x4 ./Output/startup.o
                0x2040f198                r2

.bss.r1         0x2040f19c        0x4
 .bss.r1        0x2040f19c        0x4 ./Output/startup.o
                0x2040f19c                r1

.bss.r0         0x2040f1a0        0x4
 .bss.r0        0x2040f1a0        0x4 ./Output/startup.o
                0x2040f1a0                r0

.heap           0x2040f1a4      0x40c
                0x2040f1a8                        . = ALIGN (0x8)
 *fill*         0x2040f1a4        0x4 
                [!provide]                        PROVIDE (end = .)
                [!provide]                        PROVIDE (_end = .)
                0x2040f1a8                        _heap_bottom = .
                0x2040f1b0                        . = (. + _Min_Heap_Size)
 *fill*         0x2040f1a8        0x8 
                0x2040f1b0                        _heap_top = .
                0x2040f5b0                        . = (. + _Min_Stack_Size)
 *fill*         0x2040f1b0      0x400 
                0x2040f5b0                        . = ALIGN (0x8)
                0x204c0000                        stack_top = (ORIGIN (RAM) + LENGTH (RAM))
                0x204bfc00                        __StackLimit = (stack_top - _Min_Stack_Size)
                [!provide]                        PROVIDE (__stack = stack_top)
                0x00000001                        ASSERT ((__StackLimit >= _heap_top), region RAM overflowed with stack)
OUTPUT(./Output/demo.elf elf32-littlearm)
LOAD linker stubs

.debug_info     0x00000000     0x42a5
 .debug_info    0x00000000      0x2b2 ./Output/list.o
 .debug_info    0x000002b2     0x3062 ./Output/tasks.o
 .debug_info    0x00003314      0x5d7 ./Output/heap_4.o
 .debug_info    0x000038eb      0x47a ./Output/port.o
 .debug_info    0x00003d65      0x24c ./Output/main.o
 .debug_info    0x00003fb1      0x1bf ./Output/startup.o
 .debug_info    0x00004170      0x135 /usr/lib/gcc/arm-none-eabi/13.2.1/../../../arm-none-eabi/lib/thumb/v7e-m+fp/hard/libc_nano.a(libc_a-memset.o)

.debug_abbrev   0x00000000      0xe95
 .debug_abbrev  0x00000000      0x105 ./Output/list.o
 .debug_abbrev  0x00000105      0x4ff ./Output/tasks.o
 .debug_abbrev  0x00000604      0x2d2 ./Output/heap_4.o
 .debug_abbrev  0x000008d6      0x29e ./Output/port.o
 .debug_abbrev  0x00000b74      0x138 ./Output/main.o
 .debug_abbrev  0x00000cac      0x132 ./Output/startup.o
 .debug_abbrev  0x00000dde       0xb7 /usr/lib/gcc/arm-none-eabi/13.2.1/../../../arm-none-eabi/lib/thumb/v7e-m+fp/hard/libc_nano.a(libc_a-memset.o)

.debug_loclists
                0x00000000     0x218f
 .debug_loclists
                0x00000000       0x77 ./Output/list.o
 .debug_loclists
                0x00000077     0x1af2 ./Output/tasks.o
 .debug_loclists
                0x00001b69      0x371 ./Output/heap_4.o
 .debug_loclists
                0x00001eda       0x90 ./Output/port.o
 .debug_loclists
                0x00001f6a       0x63 ./Output/main.o
 .debug_loclists
                0x00001fcd      0x1c2 /usr/lib/gcc/arm-none-eabi/13.2.1/../../../arm-none-eabi/lib/thumb/v7e-m+fp/hard/libc_nano.a(libc_a-memset.o)

.debug_aranges  0x00000000      0x388
 .debug_aranges
                0x00000000       0x40 ./Output/list.o
 .debug_aranges
                0x00000040      0x1f0 ./Output/tasks.o
 .debug_aranges
                0x00000230       0x58 ./Output/heap_4.o
 .debug_aranges
                0x00000288       0x80 ./Output/port.o
 .debug_aranges
                0x00000308       0x28 ./Output/main.o
 .debug_aranges
                0x00000330       0x38 ./Output/startup.o
 .debug_aranges
                0x00000368       0x20 /usr/lib/gcc/arm-none-eabi/13.2.1/../../../arm-none-eabi/lib/thumb/v7e-m+fp/hard/libc_nano.a(libc_a-memset.o)

.debug_rnglists
                0x00000000      0x41c
 .debug_rnglists
                0x00000000       0x2b ./Output/list.o
 .debug_rnglists
                0x0000002b      0x2e2 ./Output/tasks.o
 .debug_rnglists
                0x0000030d       0x4c ./Output/heap_4.o
 .debug_rnglists
                0x00000359       0x85 ./Output/port.o
 .debug_rnglists
                0x000003de       0x19 ./Output/main.o
 .debug_rnglists
                0x000003f7       0x25 ./Output/startup.o

.debug_macro    0x00000000     0x39e1
 .debug_macro   0x00000000      0x171 ./Output/list.o
 .debug_macro   0x00000171      0xacc ./Output/list.o
 .debug_macro   0x00000c3d       0x2a ./Output/list.o
 .debug_macro   0x00000c67       0x22 ./Output/list.o
 .debug_macro   0x00000c89       0x60 ./Output/list.o
 .debug_macro   0x00000ce9       0x94 ./Output/list.o
 .debug_macro   0x00000d7d       0x3c ./Output/list.o
 .debug_macro   0x00000db9       0x34 ./Output/list.o
 .debug_macro   0x00000ded       0x16 ./Output/list.o
 .debug_macro   0x00000e03      0x11c ./Output/list.o
 .debug_macro   0x00000f1f       0x9b ./Output/list.o
 .debug_macro   0x00000fba       0x57 ./Output/list.o
 .debug_macro   0x00001011      0x370 ./Output/list.o
 .debug_macro   0x00001381       0x16 ./Output/list.o
 .debug_macro   0x00001397       0x4a ./Output/list.o
 .debug_macro   0x000013e1       0x34 ./Output/list.o
 .debug_macro   0x00001415       0x10 ./Output/list.o
 .debug_macro   0x00001425       0x52 ./Output/list.o
 .debug_macro   0x00001477      0x1de ./Output/list.o
 .debug_macro   0x00001655       0x16 ./Output/list.o
 .debug_macro   0x0000166b       0x29 ./Output/list.o
 .debug_macro   0x00001694      0x34e ./Output/list.o
 .debug_macro   0x000019e2       0x16 ./Output/list.o
 .debug_macro   0x000019f8      0x164 ./Output/list.o
 .debug_macro   0x00001b5c       0x1c ./Output/list.o
 .debug_macro   0x00001b78      0x182 ./Output/list.o
 .debug_macro   0x00001cfa       0xe7 ./Output/list.o
 .debug_macro   0x00001de1       0x2e ./Output/list.o
 .debug_macro   0x00001e0f       0x1f ./Output/list.o
 .debug_macro   0x00001e2e       0x12 ./Output/list.o
 .debug_macro   0x00001e40      0xfd7 ./Output/list.o
 .debug_macro   0x00002e17       0xc3 ./Output/list.o
 .debug_macro   0x00002eda      0x289 ./Output/tasks.o
 .debug_macro   0x00003163       0x16 ./Output/tasks.o
 .debug_macro   0x00003179       0x3c ./Output/tasks.o
 .debug_macro   0x000031b5      0x14f ./Output/tasks.o
 .debug_macro   0x00003304       0x98 ./Output/tasks.o
 .debug_macro   0x0000339c       0x17 ./Output/tasks.o
 .debug_macro   0x000033b3      0x201 ./Output/heap_4.o
 .debug_macro   0x000035b4      0x174 ./Output/port.o
 .debug_macro   0x00003728      0x190 ./Output/port.o
 .debug_macro   0x000038b8       0x9c ./Output/main.o
 .debug_macro   0x00003954       0x8d ./Output/startup.o

.debug_line     0x00000000     0x41bf
 .debug_line    0x00000000      0x464 ./Output/list.o
 .debug_line    0x00000464     0x2a08 ./Output/tasks.o
 .debug_line    0x00002e6c      0x862 ./Output/heap_4.o
 .debug_line    0x000036ce      0x56e ./Output/port.o
 .debug_line    0x00003c3c      0x1cc ./Output/main.o
 .debug_line    0x00003e08      0x201 ./Output/startup.o
 .debug_line    0x00004009      0x1b6 /usr/lib/gcc/arm-none-eabi/13.2.1/../../../arm-none-eabi/lib/thumb/v7e-m+fp/hard/libc_nano.a(libc_a-memset.o)

.debug_str      0x00000000    0x146ef
 .debug_str     0x00000000    0x146ef ./Output/list.o
                               0xfebe (size before relaxing)
 .debug_str     0x000146ef    0x135f3 ./Output/tasks.o
 .debug_str     0x000146ef    0x119b1 ./Output/heap_4.o
 .debug_str     0x000146ef     0xed61 ./Output/port.o
 .debug_str     0x000146ef     0xe474 ./Output/main.o
 .debug_str     0x000146ef     0xc592 ./Output/startup.o
 .debug_str     0x000146ef      0x1ad /usr/lib/gcc/arm-none-eabi/13.2.1/../../../arm-none-eabi/lib/thumb/v7e-m+fp/hard/libc_nano.a(libc_a-memset.o)

.comment        0x00000000       0x26
 .comment       0x00000000       0x26 ./Output/list.o
                                 0x27 (size before relaxing)
 .comment       0x00000026       0x27 ./Output/tasks.o
 .comment       0x00000026       0x27 ./Output/heap_4.o
 .comment       0x00000026       0x27 ./Output/port.o
 .comment       0x00000026       0x27 ./Output/main.o
 .comment       0x00000026       0x27 ./Output/startup.o
 .comment       0x00000026       0x27 /usr/lib/gcc/arm-none-eabi/13.2.1/../../../arm-none-eabi/lib/thumb/v7e-m+fp/hard/libc_nano.a(libc_a-memset.o)

.ARM.attributes
                0x00000000       0x32
 .ARM.attributes
                0x00000000       0x34 ./Output/list.o
 .ARM.attributes
                0x00000034       0x34 ./Output/tasks.o
 .ARM.attributes
                0x00000068       0x34 ./Output/heap_4.o
 .ARM.attributes
                0x0000009c       0x34 ./Output/port.o
 .ARM.attributes
                0x000000d0       0x34 ./Output/main.o
 .ARM.attributes
                0x00000104       0x34 ./Output/startup.o
 .ARM.attributes
                0x00000138       0x34 /usr/lib/gcc/arm-none-eabi/13.2.1/../../../arm-none-eabi/lib/thumb/v7e-m+fp/hard/libc_nano.a(libc_a-memset.o)

.debug_frame    0x00000000      0x954
 .debug_frame   0x00000000       0x6c ./Output/list.o
 .debug_frame   0x0000006c      0x648 ./Output/tasks.o
 .debug_frame   0x000006b4       0xe4 ./Output/heap_4.o
 .debug_frame   0x00000798      0x100 ./Output/port.o
 .debug_frame   0x00000898       0x40 ./Output/main.o
 .debug_frame   0x000008d8       0x50 ./Output/startup.o
 .debug_frame   0x00000928       0x2c /usr/lib/gcc/arm-none-eabi/13.2.1/../../../arm-none-eabi/lib/thumb/v7e-m+fp/hard/libc_nano.a(libc_a-memset.o)
