D:/Gitwork/freertos-git.freescale.com/FreeRTOS/Source/event_groups.c:145:28:xEventGroupCreate	8	static
D:/Gitwork/freertos-git.freescale.com/FreeRTOS/Source/event_groups.c:312:17:xEventGroupWaitBits	32	static
D:/Gitwork/freertos-git.freescale.com/FreeRTOS/Source/event_groups.c:472:17:xEventGroupClearBits	16	static
D:/Gitwork/freertos-git.freescale.com/FreeRTOS/Source/event_groups.c:761:10:vEventGroupClearBitsCallback	0	static
D:/Gitwork/freertos-git.freescale.com/FreeRTOS/Source/event_groups.c:506:20:xEventGroupClearBitsFromISR	0	static
D:/Gitwork/freertos-git.freescale.com/FreeRTOS/Source/event_groups.c:524:17:xEventGroupGetBitsFromISR	0	static
D:/Gitwork/freertos-git.freescale.com/FreeRTOS/Source/event_groups.c:547:17:xEventGroupSetBits	24	static
D:/Gitwork/freertos-git.freescale.com/FreeRTOS/Source/event_groups.c:185:17:xEventGroupSync	24	static
D:/Gitwork/freertos-git.freescale.com/FreeRTOS/Source/event_groups.c:745:10:vEventGroupSetBitsCallback	0	static
D:/Gitwork/freertos-git.freescale.com/FreeRTOS/Source/event_groups.c:647:10:vEventGroupDelete	16	static
D:/Gitwork/freertos-git.freescale.com/FreeRTOS/Source/event_groups.c:814:20:xEventGroupSetBitsFromISR	0	static
D:/Gitwork/freertos-git.freescale.com/FreeRTOS/Source/event_groups.c:835:21:uxEventGroupGetNumber	0	static
D:/Gitwork/freertos-git.freescale.com/FreeRTOS/Source/event_groups.c:865:14:vEventGroupSetNumber	0	static
