Archive member included to satisfy reference by file (symbol)

/usr/lib/gcc/arm-none-eabi/10.3.1/../../../arm-none-eabi/lib/thumb/v7e-m+fp/hard/libc_nano.a(lib_a-memcpy.o)
                              ./Output/queue.o (memcpy)
/usr/lib/gcc/arm-none-eabi/10.3.1/../../../arm-none-eabi/lib/thumb/v7e-m+fp/hard/libc_nano.a(lib_a-memset.o)
                              ./Output/tasks.o (memset)
/usr/lib/gcc/arm-none-eabi/10.3.1/../../../arm-none-eabi/lib/thumb/v7e-m+fp/hard/libc_nano.a(lib_a-rand.o)
                              ./Output/main.o (srand)
/usr/lib/gcc/arm-none-eabi/10.3.1/../../../arm-none-eabi/lib/thumb/v7e-m+fp/hard/libc_nano.a(lib_a-strlen.o)
                              ./Output/tasks.o (strlen)
/usr/lib/gcc/arm-none-eabi/10.3.1/../../../arm-none-eabi/lib/thumb/v7e-m+fp/hard/libc_nano.a(lib_a-sysgettod.o)
                              ./Output/main.o (gettimeofday)
/usr/lib/gcc/arm-none-eabi/10.3.1/../../../arm-none-eabi/lib/thumb/v7e-m+fp/hard/libc_nano.a(lib_a-assert.o)
                              /usr/lib/gcc/arm-none-eabi/10.3.1/../../../arm-none-eabi/lib/thumb/v7e-m+fp/hard/libc_nano.a(lib_a-rand.o) (__assert_func)
/usr/lib/gcc/arm-none-eabi/10.3.1/../../../arm-none-eabi/lib/thumb/v7e-m+fp/hard/libc_nano.a(lib_a-fprintf.o)
                              /usr/lib/gcc/arm-none-eabi/10.3.1/../../../arm-none-eabi/lib/thumb/v7e-m+fp/hard/libc_nano.a(lib_a-assert.o) (fiprintf)
/usr/lib/gcc/arm-none-eabi/10.3.1/../../../arm-none-eabi/lib/thumb/v7e-m+fp/hard/libc_nano.a(lib_a-gettimeofdayr.o)
                              /usr/lib/gcc/arm-none-eabi/10.3.1/../../../arm-none-eabi/lib/thumb/v7e-m+fp/hard/libc_nano.a(lib_a-sysgettod.o) (_gettimeofday_r)
/usr/lib/gcc/arm-none-eabi/10.3.1/../../../arm-none-eabi/lib/thumb/v7e-m+fp/hard/libc_nano.a(lib_a-impure.o)
                              /usr/lib/gcc/arm-none-eabi/10.3.1/../../../arm-none-eabi/lib/thumb/v7e-m+fp/hard/libc_nano.a(lib_a-rand.o) (_impure_ptr)
/usr/lib/gcc/arm-none-eabi/10.3.1/../../../arm-none-eabi/lib/thumb/v7e-m+fp/hard/libc_nano.a(lib_a-malloc.o)
                              /usr/lib/gcc/arm-none-eabi/10.3.1/../../../arm-none-eabi/lib/thumb/v7e-m+fp/hard/libc_nano.a(lib_a-rand.o) (malloc)
/usr/lib/gcc/arm-none-eabi/10.3.1/../../../arm-none-eabi/lib/thumb/v7e-m+fp/hard/libc_nano.a(lib_a-nano-freer.o)
                              /usr/lib/gcc/arm-none-eabi/10.3.1/../../../arm-none-eabi/lib/thumb/v7e-m+fp/hard/libc_nano.a(lib_a-malloc.o) (_free_r)
/usr/lib/gcc/arm-none-eabi/10.3.1/../../../arm-none-eabi/lib/thumb/v7e-m+fp/hard/libc_nano.a(lib_a-nano-mallocr.o)
                              /usr/lib/gcc/arm-none-eabi/10.3.1/../../../arm-none-eabi/lib/thumb/v7e-m+fp/hard/libc_nano.a(lib_a-malloc.o) (_malloc_r)
/usr/lib/gcc/arm-none-eabi/10.3.1/../../../arm-none-eabi/lib/thumb/v7e-m+fp/hard/libc_nano.a(lib_a-nano-vfprintf.o)
                              /usr/lib/gcc/arm-none-eabi/10.3.1/../../../arm-none-eabi/lib/thumb/v7e-m+fp/hard/libc_nano.a(lib_a-fprintf.o) (_vfprintf_r)
/usr/lib/gcc/arm-none-eabi/10.3.1/../../../arm-none-eabi/lib/thumb/v7e-m+fp/hard/libc_nano.a(lib_a-nano-vfprintf_i.o)
                              /usr/lib/gcc/arm-none-eabi/10.3.1/../../../arm-none-eabi/lib/thumb/v7e-m+fp/hard/libc_nano.a(lib_a-nano-vfprintf.o) (_printf_i)
/usr/lib/gcc/arm-none-eabi/10.3.1/../../../arm-none-eabi/lib/thumb/v7e-m+fp/hard/libc_nano.a(lib_a-reent.o)
                              /usr/lib/gcc/arm-none-eabi/10.3.1/../../../arm-none-eabi/lib/thumb/v7e-m+fp/hard/libc_nano.a(lib_a-gettimeofdayr.o) (errno)
/usr/lib/gcc/arm-none-eabi/10.3.1/../../../arm-none-eabi/lib/thumb/v7e-m+fp/hard/libc_nano.a(lib_a-sbrkr.o)
                              /usr/lib/gcc/arm-none-eabi/10.3.1/../../../arm-none-eabi/lib/thumb/v7e-m+fp/hard/libc_nano.a(lib_a-nano-mallocr.o) (_sbrk_r)
/usr/lib/gcc/arm-none-eabi/10.3.1/../../../arm-none-eabi/lib/thumb/v7e-m+fp/hard/libc_nano.a(lib_a-wbuf.o)
                              /usr/lib/gcc/arm-none-eabi/10.3.1/../../../arm-none-eabi/lib/thumb/v7e-m+fp/hard/libc_nano.a(lib_a-nano-vfprintf.o) (__swbuf_r)
/usr/lib/gcc/arm-none-eabi/10.3.1/../../../arm-none-eabi/lib/thumb/v7e-m+fp/hard/libc_nano.a(lib_a-wsetup.o)
                              /usr/lib/gcc/arm-none-eabi/10.3.1/../../../arm-none-eabi/lib/thumb/v7e-m+fp/hard/libc_nano.a(lib_a-nano-vfprintf.o) (__swsetup_r)
/usr/lib/gcc/arm-none-eabi/10.3.1/../../../arm-none-eabi/lib/thumb/v7e-m+fp/hard/libc_nano.a(lib_a-abort.o)
                              /usr/lib/gcc/arm-none-eabi/10.3.1/../../../arm-none-eabi/lib/thumb/v7e-m+fp/hard/libc_nano.a(lib_a-assert.o) (abort)
/usr/lib/gcc/arm-none-eabi/10.3.1/../../../arm-none-eabi/lib/thumb/v7e-m+fp/hard/libc_nano.a(lib_a-fflush.o)
                              /usr/lib/gcc/arm-none-eabi/10.3.1/../../../arm-none-eabi/lib/thumb/v7e-m+fp/hard/libc_nano.a(lib_a-wbuf.o) (_fflush_r)
/usr/lib/gcc/arm-none-eabi/10.3.1/../../../arm-none-eabi/lib/thumb/v7e-m+fp/hard/libc_nano.a(lib_a-findfp.o)
[...]
Memory Configuration

Name             Origin             Length             Attributes
FLASH            0x0000000000000000 0x0000000000010000 xr
RAM              0x0000000020400000 0x00000000000c0000 rw
*default*        0x0000000000000000 0xffffffffffffffff

Linker script and memory map

LOAD ./Output/list.o
LOAD ./Output/tasks.o
LOAD ./Output/queue.o
LOAD ./Output/heap_4.o
LOAD ./Output/port.o
LOAD ./Output/main.o
LOAD ./Output/uart.o
LOAD ./Output/timer.o
LOAD ./Output/printf-stdarg.o
LOAD ./Output/startup.o
START GROUP
LOAD /usr/lib/gcc/arm-none-eabi/10.3.1/thumb/v7e-m+fp/hard/libgcc.a
LOAD /usr/lib/gcc/arm-none-eabi/10.3.1/../../../arm-none-eabi/lib/thumb/v7e-m+fp/hard/libc_nano.a
END GROUP
START GROUP
LOAD /usr/lib/gcc/arm-none-eabi/10.3.1/thumb/v7e-m+fp/hard/libgcc.a
LOAD /usr/lib/gcc/arm-none-eabi/10.3.1/../../../arm-none-eabi/lib/thumb/v7e-m+fp/hard/libc_nano.a
LOAD /usr/lib/gcc/arm-none-eabi/10.3.1/../../../arm-none-eabi/lib/thumb/v7e-m+fp/hard/libnosys.a
END GROUP
START GROUP
LOAD /usr/lib/gcc/arm-none-eabi/10.3.1/thumb/v7e-m+fp/hard/libgcc.a
LOAD /usr/lib/gcc/arm-none-eabi/10.3.1/../../../arm-none-eabi/lib/thumb/v7e-m+fp/hard/libc_nano.a
LOAD /usr/lib/gcc/arm-none-eabi/10.3.1/../../../arm-none-eabi/lib/thumb/v7e-m+fp/hard/libnosys.a
END GROUP
                0x0000000000000008                _Min_Heap_Size = 0x8
                0x0000000000000400                _Min_Stack_Size = 0x400
                0x00000000204c0000                _estack = (ORIGIN (RAM) + LENGTH (RAM))

.isr_vector     0x0000000000000000      0x1d4
                0x0000000000000000                __vector_table = .
 *(.isr_vector)
 .isr_vector    0x0000000000000000      0x1d4 ./Output/startup.o
                0x0000000000000000                isr_vector
                0x00000000000001d4                . = ALIGN (0x4)

.text           0x00000000000001e0     0x23e0
 *(.text)
 .text          0x00000000000001e0      0x134 /usr/lib/gcc/arm-none-eabi/10.3.1/../../../arm-none-eabi/lib/thumb/v7e-m+fp/hard/libc_nano.a(lib_a-memcpy.o)
                0x00000000000001e0                memcpy
 .text          0x0000000000000314       0xa4 /usr/lib/gcc/arm-none-eabi/10.3.1/../../../arm-none-eabi/lib/thumb/v7e-m+fp/hard/libc_nano.a(lib_a-memset.o)
                0x0000000000000314                memset
 .text          0x00000000000003b8       0xfc /usr/lib/gcc/arm-none-eabi/10.3.1/../../../arm-none-eabi/lib/thumb/v7e-m+fp/hard/libc_nano.a(lib_a-rand.o)
                0x00000000000003b8                srand
                0x000000000000041c                rand
 .text          0x00000000000004b4       0x18 /usr/lib/gcc/arm-none-eabi/10.3.1/../../../arm-none-eabi/lib/thumb/v7e-m+fp/hard/libc_nano.a(lib_a-sysgettod.o)
                0x00000000000004b4                gettimeofday
 .text          0x00000000000004cc       0x4c /usr/lib/gcc/arm-none-eabi/10.3.1/../../../arm-none-eabi/lib/thumb/v7e-m+fp/hard/libc_nano.a(lib_a-assert.o)
                0x00000000000004cc                __assert_func
                0x000000000000050c                __assert
 .text          0x0000000000000518       0x44 /usr/lib/gcc/arm-none-eabi/10.3.1/../../../arm-none-eabi/lib/thumb/v7e-m+fp/hard/libc_nano.a(lib_a-fprintf.o)
                0x0000000000000518                _fprintf_r
                0x0000000000000518                _fiprintf_r
                0x0000000000000534                fprintf
                0x0000000000000534                fiprintf
 .text          0x000000000000055c       0x2c /usr/lib/gcc/arm-none-eabi/10.3.1/../../../arm-none-eabi/lib/thumb/v7e-m+fp/hard/libc_nano.a(lib_a-gettimeofdayr.o)
                0x000000000000055c                _gettimeofday_r
 .text          0x0000000000000588       0x20 /usr/lib/gcc/arm-none-eabi/10.3.1/../../../arm-none-eabi/lib/thumb/v7e-m+fp/hard/libc_nano.a(lib_a-malloc.o)
                0x0000000000000588                malloc
                0x0000000000000598                free
 .text          0x00000000000005a8       0xc4 /usr/lib/gcc/arm-none-eabi/10.3.1/../../../arm-none-eabi/lib/thumb/v7e-m+fp/hard/libc_nano.a(lib_a-nano-freer.o)
                0x00000000000005a8                _free_r
 .text          0x000000000000066c       0xb4 /usr/lib/gcc/arm-none-eabi/10.3.1/../../../arm-none-eabi/lib/thumb/v7e-m+fp/hard/libc_nano.a(lib_a-nano-mallocr.o)
                0x000000000000066c                _malloc_r
 .text          0x0000000000000720      0x328 /usr/lib/gcc/arm-none-eabi/10.3.1/../../../arm-none-eabi/lib/thumb/v7e-m+fp/hard/libc_nano.a(lib_a-nano-vfprintf.o)
                0x000000000000075c                __sfputs_r
                0x000000000000078c                __sprint_r
                0x00000000000007a8                _vfiprintf_r
                0x00000000000007a8                _vfprintf_r
                0x0000000000000a2c                vfiprintf
                0x0000000000000a2c                vfprintf
 .text          0x0000000000000a48      0x3dc /usr/lib/gcc/arm-none-eabi/10.3.1/../../../arm-none-eabi/lib/thumb/v7e-m+fp/hard/libc_nano.a(lib_a-nano-vfprintf_i.o)
                0x0000000000000a48                _printf_common
                0x0000000000000b74                _printf_i
 .text          0x0000000000000e24       0x24 /usr/lib/gcc/arm-none-eabi/10.3.1/../../../arm-none-eabi/lib/thumb/v7e-m+fp/hard/libc_nano.a(lib_a-sbrkr.o)
                0x0000000000000e24                _sbrk_r
 .text          0x0000000000000e48       0xc8 /usr/lib/gcc/arm-none-eabi/10.3.1/../../../arm-none-eabi/lib/thumb/v7e-m+fp/hard/libc_nano.a(lib_a-wbuf.o)
                0x0000000000000e48                __swbuf_r
                0x0000000000000ef8                __swbuf
 .text          0x0000000000000f10      0x104 /usr/lib/gcc/arm-none-eabi/10.3.1/../../../arm-none-eabi/lib/thumb/v7e-m+fp/hard/libc_nano.a(lib_a-wsetup.o)
                0x0000000000000f10                __swsetup_r
 .text          0x0000000000001014       0x10 /usr/lib/gcc/arm-none-eabi/10.3.1/../../../arm-none-eabi/lib/thumb/v7e-m+fp/hard/libc_nano.a(lib_a-abort.o)
                0x0000000000001014                abort
 .text          0x0000000000001024      0x1e8 /usr/lib/gcc/arm-none-eabi/10.3.1/../../../arm-none-eabi/lib/thumb/v7e-m+fp/hard/libc_nano.a(lib_a-fflush.o)
                0x0000000000001024                __sflush_r
                0x0000000000001138                _fflush_r
                0x000000000000118c                fflush
 .text          0x000000000000120c      0x238 /usr/lib/gcc/arm-none-eabi/10.3.1/../../../arm-none-eabi/lib/thumb/v7e-m+fp/hard/libc_nano.a(lib_a-findfp.o)
                0x0000000000001210                _cleanup_r
                0x0000000000001220                __sfmoreglue
                0x0000000000001250                __sfp
                0x00000000000013f0                _cleanup
                0x0000000000001404                __sinit
                0x000000000000140c                __sfp_lock_acquire
                0x0000000000001410                __sfp_lock_release
                0x0000000000001414                __sinit_lock_acquire
                0x0000000000001418                __sinit_lock_release
                0x000000000000141c                __fp_lock_all
                0x0000000000001430                __fp_unlock_all
 .text          0x0000000000001444      0x2f0 /usr/lib/gcc/arm-none-eabi/10.3.1/../../../arm-none-eabi/lib/thumb/v7e-m+fp/hard/libc_nano.a(lib_a-fvwrite.o)
                0x0000000000001444                __sfvwrite_r
 .text          0x0000000000001734       0x88 /usr/lib/gcc/arm-none-eabi/10.3.1/../../../arm-none-eabi/lib/thumb/v7e-m+fp/hard/libc_nano.a(lib_a-fwalk.o)
                0x0000000000001734                _fwalk
                0x0000000000001774                _fwalk_reent
 .text          0x00000000000017bc      0x11c /usr/lib/gcc/arm-none-eabi/10.3.1/../../../arm-none-eabi/lib/thumb/v7e-m+fp/hard/libc_nano.a(lib_a-makebuf.o)
                0x00000000000017bc                __smakebuf_r
                0x000000000000187c                __swhatbuf_r
 *fill*         0x00000000000018d8        0x8 
 .text          0x00000000000018e0       0xa0 /usr/lib/gcc/arm-none-eabi/10.3.1/../../../arm-none-eabi/lib/thumb/v7e-m+fp/hard/libc_nano.a(lib_a-memchr.o)
                0x00000000000018e0                memchr
 .text          0x0000000000001980       0xf8 /usr/lib/gcc/arm-none-eabi/10.3.1/../../../arm-none-eabi/lib/thumb/v7e-m+fp/hard/libc_nano.a(lib_a-memmove.o)
                0x0000000000001980                memmove
 .text          0x0000000000001a78        0x8 /usr/lib/gcc/arm-none-eabi/10.3.1/../../../arm-none-eabi/lib/thumb/v7e-m+fp/hard/libc_nano.a(lib_a-mlock.o)
                0x0000000000001a78                __malloc_lock
                0x0000000000001a7c                __malloc_unlock
 .text          0x0000000000001a80       0x50 /usr/lib/gcc/arm-none-eabi/10.3.1/../../../arm-none-eabi/lib/thumb/v7e-m+fp/hard/libc_nano.a(lib_a-nano-reallocr.o)
                0x0000000000001a80                _realloc_r
 .text          0x0000000000001ad0      0x268 /usr/lib/gcc/arm-none-eabi/10.3.1/../../../arm-none-eabi/lib/thumb/v7e-m+fp/hard/libc_nano.a(lib_a-signal.o)
                0x0000000000001ad0                _init_signal_r
                0x0000000000001afc                _signal_r
                0x0000000000001b44                _raise_r
                0x0000000000001b98                __sigtramp_r
                0x0000000000001bf8                raise
                0x0000000000001c50                signal
                0x0000000000001ca0                _init_signal
                0x0000000000001cd4                __sigtramp
 .text          0x0000000000001d38       0x30 /usr/lib/gcc/arm-none-eabi/10.3.1/../../../arm-none-eabi/lib/thumb/v7e-m+fp/hard/libc_nano.a(lib_a-signalr.o)
                0x0000000000001d38                _kill_r
                0x0000000000001d64                _getpid_r
 .text          0x0000000000001d68       0x90 /usr/lib/gcc/arm-none-eabi/10.3.1/../../../arm-none-eabi/lib/thumb/v7e-m+fp/hard/libc_nano.a(lib_a-stdio.o)
                0x0000000000001d68                __sread
                0x0000000000001d8c                __seofread
                0x0000000000001d90                __swrite
                0x0000000000001dd0                __sseek
                0x0000000000001df0                __sclose
 .text          0x0000000000001df8       0x2c /usr/lib/gcc/arm-none-eabi/10.3.1/../../../arm-none-eabi/lib/thumb/v7e-m+fp/hard/libc_nano.a(lib_a-writer.o)
                0x0000000000001df8                _write_r
 .text          0x0000000000001e24       0x24 /usr/lib/gcc/arm-none-eabi/10.3.1/../../../arm-none-eabi/lib/thumb/v7e-m+fp/hard/libc_nano.a(lib_a-closer.o)
                0x0000000000001e24                _close_r
 .text          0x0000000000001e48       0x2c /usr/lib/gcc/arm-none-eabi/10.3.1/../../../arm-none-eabi/lib/thumb/v7e-m+fp/hard/libc_nano.a(lib_a-fstatr.o)
                0x0000000000001e48                _fstat_r
 .text          0x0000000000001e74       0x24 /usr/lib/gcc/arm-none-eabi/10.3.1/../../../arm-none-eabi/lib/thumb/v7e-m+fp/hard/libc_nano.a(lib_a-isattyr.o)
                0x0000000000001e74                _isatty_r
 .text          0x0000000000001e98       0x2c /usr/lib/gcc/arm-none-eabi/10.3.1/../../../arm-none-eabi/lib/thumb/v7e-m+fp/hard/libc_nano.a(lib_a-lseekr.o)
                0x0000000000001e98                _lseek_r
 .text          0x0000000000001ec4       0x14 /usr/lib/gcc/arm-none-eabi/10.3.1/../../../arm-none-eabi/lib/thumb/v7e-m+fp/hard/libc_nano.a(lib_a-nano-msizer.o)
                0x0000000000001ec4                _malloc_usable_size_r
 .text          0x0000000000001ed8       0x2c /usr/lib/gcc/arm-none-eabi/10.3.1/../../../arm-none-eabi/lib/thumb/v7e-m+fp/hard/libc_nano.a(lib_a-readr.o)
                0x0000000000001ed8                _read_r
 .text          0x0000000000001f04       0x10 /usr/lib/gcc/arm-none-eabi/10.3.1/../../../arm-none-eabi/lib/thumb/v7e-m+fp/hard/libnosys.a(close.o)
                0x0000000000001f04                _close
 .text          0x0000000000001f14       0x10 /usr/lib/gcc/arm-none-eabi/10.3.1/../../../arm-none-eabi/lib/thumb/v7e-m+fp/hard/libnosys.a(fstat.o)
                0x0000000000001f14                _fstat
 .text          0x0000000000001f24       0x10 /usr/lib/gcc/arm-none-eabi/10.3.1/../../../arm-none-eabi/lib/thumb/v7e-m+fp/hard/libnosys.a(getpid.o)
                0x0000000000001f24                _getpid
 .text          0x0000000000001f34       0x10 /usr/lib/gcc/arm-none-eabi/10.3.1/../../../arm-none-eabi/lib/thumb/v7e-m+fp/hard/libnosys.a(gettod.o)
                0x0000000000001f34                _gettimeofday
 .text          0x0000000000001f44       0x10 /usr/lib/gcc/arm-none-eabi/10.3.1/../../../arm-none-eabi/lib/thumb/v7e-m+fp/hard/libnosys.a(isatty.o)
                0x0000000000001f44                _isatty
 .text          0x0000000000001f54       0x10 /usr/lib/gcc/arm-none-eabi/10.3.1/../../../arm-none-eabi/lib/thumb/v7e-m+fp/hard/libnosys.a(kill.o)
                0x0000000000001f54                _kill
 .text          0x0000000000001f64       0x10 /usr/lib/gcc/arm-none-eabi/10.3.1/../../../arm-none-eabi/lib/thumb/v7e-m+fp/hard/libnosys.a(lseek.o)
                0x0000000000001f64                _lseek
 .text          0x0000000000001f74       0x10 /usr/lib/gcc/arm-none-eabi/10.3.1/../../../arm-none-eabi/lib/thumb/v7e-m+fp/hard/libnosys.a(read.o)
                0x0000000000001f74                _read
 .text          0x0000000000001f84       0x1c /usr/lib/gcc/arm-none-eabi/10.3.1/../../../arm-none-eabi/lib/thumb/v7e-m+fp/hard/libnosys.a(sbrk.o)
                0x0000000000001f84                _sbrk
 .text          0x0000000000001fa0       0x10 /usr/lib/gcc/arm-none-eabi/10.3.1/../../../arm-none-eabi/lib/thumb/v7e-m+fp/hard/libnosys.a(write.o)
                0x0000000000001fa0                _write
 .text          0x0000000000001fb0        0x4 /usr/lib/gcc/arm-none-eabi/10.3.1/../../../arm-none-eabi/lib/thumb/v7e-m+fp/hard/libnosys.a(_exit.o)
                0x0000000000001fb0                _exit
 *(.rodata*)
 .rodata.vTaskStartScheduler.str1.1
                0x0000000000001fb4        0x5 ./Output/tasks.o
 .rodata.timer1_user_callback.str1.1
                0x0000000000001fb9       0x47 ./Output/main.o
 .rodata.slow_fibonacci.str1.1
                0x0000000000002000       0x6b ./Output/main.o
 .rodata.dump_stack.str1.1
                0x000000000000206b       0x5e ./Output/main.o
                                         0x60 (size before relaxing)
 .rodata.timer2_user_callback.str1.1
                0x00000000000020c9       0x1b ./Output/main.o
 .rodata.print_context.str1.1
                0x00000000000020e4       0x9b ./Output/main.o
 .rodata.timer0_user_callback.str1.1
                0x000000000000217f       0x1b ./Output/main.o
 .rodata.welcome_message.str1.1
                0x000000000000219a      0x2e1 ./Output/main.o
 .rodata.main.str1.1
                0x000000000000247b        0xf ./Output/main.o
 .rodata.tiny_print.str1.1
                0x000000000000248a        0x7 ./Output/printf-stdarg.o
 *fill*         0x0000000000002491        0x3 
 .rodata.str1.4
                0x0000000000002494       0x4a /usr/lib/gcc/arm-none-eabi/10.3.1/../../../arm-none-eabi/lib/thumb/v7e-m+fp/hard/libc_nano.a(lib_a-rand.o)
 *fill*         0x00000000000024de        0x2 
 .rodata.str1.4
                0x00000000000024e0       0x3f /usr/lib/gcc/arm-none-eabi/10.3.1/../../../arm-none-eabi/lib/thumb/v7e-m+fp/hard/libc_nano.a(lib_a-assert.o)
                                         0x43 (size before relaxing)
 *fill*         0x000000000000251f        0x1 
 .rodata        0x0000000000002520        0x4 /usr/lib/gcc/arm-none-eabi/10.3.1/../../../arm-none-eabi/lib/thumb/v7e-m+fp/hard/libc_nano.a(lib_a-impure.o)
                0x0000000000002520                _global_impure_ptr
 .rodata.str1.4
                0x0000000000002524       0x13 /usr/lib/gcc/arm-none-eabi/10.3.1/../../../arm-none-eabi/lib/thumb/v7e-m+fp/hard/libc_nano.a(lib_a-nano-vfprintf.o)
 *fill*         0x0000000000002537        0x1 
 .rodata.str1.4
                0x0000000000002538       0x25 /usr/lib/gcc/arm-none-eabi/10.3.1/../../../arm-none-eabi/lib/thumb/v7e-m+fp/hard/libc_nano.a(lib_a-nano-vfprintf_i.o)
 *fill*         0x000000000000255d        0x3 
 .rodata        0x0000000000002560       0x60 /usr/lib/gcc/arm-none-eabi/10.3.1/../../../arm-none-eabi/lib/thumb/v7e-m+fp/hard/libc_nano.a(lib_a-findfp.o)
                0x0000000000002560                __sf_fake_stderr
                0x0000000000002580                __sf_fake_stdout
                0x00000000000025a0                __sf_fake_stdin
 *(.constdata*)
                0x00000000000025c0                _etext = .
                0x00000000000025c0                _sidata = .

.glue_7         0x00000000000025c0        0x0
 .glue_7        0x00000000000025c0        0x0 linker stubs

.glue_7t        0x00000000000025c0        0x0
 .glue_7t       0x00000000000025c0        0x0 linker stubs

.vfp11_veneer   0x00000000000025c0        0x0
 .vfp11_veneer  0x00000000000025c0        0x0 linker stubs

.v4_bx          0x00000000000025c0        0x0
 .v4_bx         0x00000000000025c0        0x0 linker stubs

.text.vListInitialise
                0x00000000000025c0       0x16
 .text.vListInitialise
                0x00000000000025c0       0x16 ./Output/list.o
                0x00000000000025c0                vListInitialise

.text.vListInitialiseItem
                0x00000000000025d6        0x6
 .text.vListInitialiseItem
                0x00000000000025d6        0x6 ./Output/list.o
                0x00000000000025d6                vListInitialiseItem

.text.uxListRemove
                0x00000000000025dc       0x1e
 .text.uxListRemove
                0x00000000000025dc       0x1e ./Output/list.o
                0x00000000000025dc                uxListRemove

.text.prvResetNextTaskUnblockTime
                0x00000000000025fc       0x24
 .text.prvResetNextTaskUnblockTime
                0x00000000000025fc       0x24 ./Output/tasks.o

.text.prvCheckTasksWaitingTermination
                0x0000000000002620       0x48
 .text.prvCheckTasksWaitingTermination
                0x0000000000002620       0x48 ./Output/tasks.o

.text.prvIdleTask
                0x0000000000002668        0x8
 .text.prvIdleTask
                0x0000000000002668        0x8 ./Output/tasks.o

.text.xTaskCreate
                0x0000000000002670      0x1bc
 .text.xTaskCreate
                0x0000000000002670      0x1bc ./Output/tasks.o
                0x0000000000002670                xTaskCreate

.text.vTaskStartScheduler
                0x000000000000282c       0x80
 .text.vTaskStartScheduler
                0x000000000000282c       0x80 ./Output/tasks.o
                0x000000000000282c                vTaskStartScheduler

.text.vTaskSuspendAll
                0x00000000000028ac       0x10
 .text.vTaskSuspendAll
                0x00000000000028ac       0x10 ./Output/tasks.o
                0x00000000000028ac                vTaskSuspendAll

.text.xTaskIncrementTick
                0x00000000000028bc      0x17c
 .text.xTaskIncrementTick
                0x00000000000028bc      0x17c ./Output/tasks.o
                0x00000000000028bc                xTaskIncrementTick

.text.xTaskResumeAll
                0x0000000000002a38      0x154
 .text.xTaskResumeAll
                0x0000000000002a38      0x154 ./Output/tasks.o
                0x0000000000002a38                xTaskResumeAll

.text.vTaskSwitchContext
                0x0000000000002b8c       0x68
 .text.vTaskSwitchContext
                0x0000000000002b8c       0x68 ./Output/tasks.o
                0x0000000000002b8c                vTaskSwitchContext

.iplt           0x0000000000002bf4        0x0
 .iplt          0x0000000000002bf4        0x0 ./Output/tasks.o

.text.pvPortMalloc
                0x0000000000002bf4      0x130
 .text.pvPortMalloc
                0x0000000000002bf4      0x130 ./Output/heap_4.o
                0x0000000000002bf4                pvPortMalloc

.text.vPortFree
                0x0000000000002d24       0xb8
 .text.vPortFree
                0x0000000000002d24       0xb8 ./Output/heap_4.o
                0x0000000000002d24                vPortFree

.text.prvTaskExitError
                0x0000000000002ddc       0x34
 .text.prvTaskExitError
                0x0000000000002ddc       0x34 ./Output/port.o

.text.vPortSVCHandler
                0x0000000000002e10       0x24
 .text.vPortSVCHandler
                0x0000000000002e10       0x24 ./Output/port.o
                0x0000000000002e10                vPortSVCHandler

.text.prvPortStartFirstTask
                0x0000000000002e34       0x28
 .text.prvPortStartFirstTask
                0x0000000000002e34       0x28 ./Output/port.o

.text.xPortPendSVHandler
                0x0000000000002e60       0x64
 .text.xPortPendSVHandler
                0x0000000000002e60       0x64 ./Output/port.o
                0x0000000000002e60                xPortPendSVHandler

.text.vPortEnableVFP
                0x0000000000002ec4       0x14
 .text.vPortEnableVFP
                0x0000000000002ec4       0x14 ./Output/port.o

.text.pxPortInitialiseStack
                0x0000000000002ed8       0x24
 .text.pxPortInitialiseStack
                0x0000000000002ed8       0x24 ./Output/port.o
                0x0000000000002ed8                pxPortInitialiseStack

.text.vPortEnterCritical
                0x0000000000002efc       0x34
 .text.vPortEnterCritical
                0x0000000000002efc       0x34 ./Output/port.o
                0x0000000000002efc                vPortEnterCritical

.text.vPortExitCritical
                0x0000000000002f30       0x18
 .text.vPortExitCritical
                0x0000000000002f30       0x18 ./Output/port.o
                0x0000000000002f30                vPortExitCritical

.text.xPortSysTickHandler
                0x0000000000002f48       0x30
 .text.xPortSysTickHandler
                0x0000000000002f48       0x30 ./Output/port.o
                0x0000000000002f48                xPortSysTickHandler

.text.vPortSetupTimerInterrupt
                0x0000000000002f78       0x16
 .text.vPortSetupTimerInterrupt
                0x0000000000002f78       0x16 ./Output/port.o
                0x0000000000002f78                vPortSetupTimerInterrupt

.text.xPortStartScheduler
                0x0000000000002f90       0xf4
 .text.xPortStartScheduler
                0x0000000000002f90       0xf4 ./Output/port.o
                0x0000000000002f90                xPortStartScheduler

.text.timer1_user_callback
                0x0000000000003084       0x34
 .text.timer1_user_callback
                0x0000000000003084       0x34 ./Output/main.o
                0x0000000000003084                timer1_user_callback

.text.slow_fibonacci
                0x00000000000030b8       0xa8
 .text.slow_fibonacci
                0x00000000000030b8       0xa8 ./Output/main.o
                0x00000000000030b8                slow_fibonacci

.text.dump_stack
                0x0000000000003160       0x5c
 .text.dump_stack
                0x0000000000003160       0x5c ./Output/main.o
                0x0000000000003160                dump_stack

.text.timer2_user_callback
                0x00000000000031bc       0x14
 .text.timer2_user_callback
                0x00000000000031bc       0x14 ./Output/main.o
                0x00000000000031bc                timer2_user_callback

.text.print_context
                0x00000000000031d0       0x5c
 .text.print_context
                0x00000000000031d0       0x5c ./Output/main.o
                0x00000000000031d0                print_context

.text.store_context
                0x000000000000322c       0x60
 .text.store_context
                0x000000000000322c       0x60 ./Output/main.o
                0x000000000000322c                store_context

.text.timer0_user_callback
                0x000000000000328c       0x14
 .text.timer0_user_callback
                0x000000000000328c       0x14 ./Output/main.o
                0x000000000000328c                timer0_user_callback

.text.welcome_message
                0x00000000000032a0       0x3c
 .text.welcome_message
                0x00000000000032a0       0x3c ./Output/main.o
                0x00000000000032a0                welcome_message

.text.startup.main
                0x00000000000032dc       0x64
 .text.startup.main
                0x00000000000032dc       0x64 ./Output/main.o
                0x00000000000032dc                main

.text.timer0_start
                0x0000000000003340       0x30
 .text.timer0_start
                0x0000000000003340       0x30 ./Output/timer.o
                0x0000000000003340                timer0_start

.text.timer1_start
                0x0000000000003370       0x34
 .text.timer1_start
                0x0000000000003370       0x34 ./Output/timer.o
                0x0000000000003370                timer1_start

.text.timer2_start
                0x00000000000033a4       0x34
 .text.timer2_start
                0x00000000000033a4       0x34 ./Output/timer.o
                0x00000000000033a4                timer2_start

.text.timer0_set_callback
                0x00000000000033d8        0xc
 .text.timer0_set_callback
                0x00000000000033d8        0xc ./Output/timer.o
                0x00000000000033d8                timer0_set_callback

.text.timer1_set_callback
                0x00000000000033e4        0xc
 .text.timer1_set_callback
                0x00000000000033e4        0xc ./Output/timer.o
                0x00000000000033e4                timer1_set_callback

.text.timer2_set_callback
                0x00000000000033f0        0xc
 .text.timer2_set_callback
                0x00000000000033f0        0xc ./Output/timer.o
                0x00000000000033f0                timer2_set_callback

.text.TIMER0_Handler
                0x00000000000033fc       0x24
 .text.TIMER0_Handler
                0x00000000000033fc       0x24 ./Output/timer.o
                0x00000000000033fc                TIMER0_Handler

.text.TIMER1_Handler
                0x0000000000003420       0x24
 .text.TIMER1_Handler
                0x0000000000003420       0x24 ./Output/timer.o
                0x0000000000003420                TIMER1_Handler

.text.TIMER2_Handler
                0x0000000000003444       0x24
 .text.TIMER2_Handler
                0x0000000000003444       0x24 ./Output/timer.o
                0x0000000000003444                TIMER2_Handler

.text.printchar
                0x0000000000003468       0x20
 .text.printchar
                0x0000000000003468       0x20 ./Output/printf-stdarg.o

.text.prints    0x0000000000003488       0x88
 .text.prints   0x0000000000003488       0x88 ./Output/printf-stdarg.o

.text.printi    0x0000000000003510       0xae
 .text.printi   0x0000000000003510       0xae ./Output/printf-stdarg.o

.text.tiny_print
                0x00000000000035c0      0x124
 .text.tiny_print
                0x00000000000035c0      0x124 ./Output/printf-stdarg.o

.text.printf    0x00000000000036e4       0x1e
 .text.printf   0x00000000000036e4       0x1e ./Output/printf-stdarg.o
                0x00000000000036e4                printf

.text.Default_Handler
                0x0000000000003800        0xc
 .text.Default_Handler
                0x0000000000003800        0xc ./Output/startup.o

.text.HardFault_Handler
                0x0000000000003900       0x18
 .text.HardFault_Handler
                0x0000000000003900       0x18 ./Output/startup.o

.text.Reset_Handler
                0x0000000000003918        0x4
 .text.Reset_Handler
                0x0000000000003918        0x4 ./Output/startup.o
                0x0000000000003918                Reset_Handler

.text.prvGetRegistersFromStack
                0x000000000000391c       0x54
 .text.prvGetRegistersFromStack
                0x000000000000391c       0x54 ./Output/startup.o
                0x000000000000391c                prvGetRegistersFromStack

.rel.dyn        0x0000000000003970        0x0
 .rel.iplt      0x0000000000003970        0x0 ./Output/tasks.o

.data           0x0000000020400000       0x64
                0x0000000020400000                . = ALIGN (0x8)
                0x0000000020400000                _data = .
                0x0000000020400000                _sdata = .
 *(vtable)
 *(.data)
 .data          0x0000000020400000       0x64 /usr/lib/gcc/arm-none-eabi/10.3.1/../../../arm-none-eabi/lib/thumb/v7e-m+fp/hard/libc_nano.a(lib_a-impure.o)
                0x0000000020400000                _impure_ptr
                0x0000000020400064                _edata = .

.data.uxTopUsedPriority
                0x0000000020400064        0x4
 .data.uxTopUsedPriority
                0x0000000020400064        0x4 ./Output/tasks.o

.igot.plt       0x0000000020400068        0x0
 .igot.plt      0x0000000020400068        0x0 ./Output/tasks.o

.data.uxCriticalNesting
                0x0000000020400068        0x4
 .data.uxCriticalNesting
                0x0000000020400068        0x4 ./Output/port.o

.bss            0x000000002040006c       0x14
                0x0000000020400070                . = ALIGN (0x8)
 *fill*         0x000000002040006c        0x4 
                0x0000000020400070                _bss = .
                0x0000000020400070                _sbss = .
 *(.bss)
 .bss           0x0000000020400070        0x8 /usr/lib/gcc/arm-none-eabi/10.3.1/../../../arm-none-eabi/lib/thumb/v7e-m+fp/hard/libc_nano.a(lib_a-nano-mallocr.o)
                0x0000000020400070                __malloc_free_list
                0x0000000020400074                __malloc_sbrk_start
 .bss           0x0000000020400078        0x4 /usr/lib/gcc/arm-none-eabi/10.3.1/../../../arm-none-eabi/lib/thumb/v7e-m+fp/hard/libc_nano.a(lib_a-reent.o)
                0x0000000020400078                errno
 .bss           0x000000002040007c        0x4 /usr/lib/gcc/arm-none-eabi/10.3.1/../../../arm-none-eabi/lib/thumb/v7e-m+fp/hard/libnosys.a(sbrk.o)
                0x0000000020400080                _ebss = .

.bss.pxCurrentTCB
                0x0000000020400080        0x4
 .bss.pxCurrentTCB
                0x0000000020400080        0x4 ./Output/tasks.o
                0x0000000020400080                pxCurrentTCB

.bss.pxDelayedTaskList
                0x0000000020400084        0x4
 .bss.pxDelayedTaskList
                0x0000000020400084        0x4 ./Output/tasks.o

.bss.pxOverflowDelayedTaskList
                0x0000000020400088        0x4
 .bss.pxOverflowDelayedTaskList
                0x0000000020400088        0x4 ./Output/tasks.o

.bss.pxReadyTasksLists
                0x000000002040008c       0xb4
 .bss.pxReadyTasksLists
                0x000000002040008c       0xb4 ./Output/tasks.o

.bss.uxCurrentNumberOfTasks
                0x0000000020400140        0x4
 .bss.uxCurrentNumberOfTasks
                0x0000000020400140        0x4 ./Output/tasks.o

.bss.uxDeletedTasksWaitingCleanUp
                0x0000000020400144        0x4
 .bss.uxDeletedTasksWaitingCleanUp
                0x0000000020400144        0x4 ./Output/tasks.o

.bss.uxSchedulerSuspended
                0x0000000020400148        0x4
 .bss.uxSchedulerSuspended
                0x0000000020400148        0x4 ./Output/tasks.o

.bss.uxTaskNumber
                0x000000002040014c        0x4
 .bss.uxTaskNumber
                0x000000002040014c        0x4 ./Output/tasks.o

.bss.uxTopReadyPriority
                0x0000000020400150        0x4
 .bss.uxTopReadyPriority
                0x0000000020400150        0x4 ./Output/tasks.o

.bss.xDelayedTaskList1
                0x0000000020400154       0x14
 .bss.xDelayedTaskList1
                0x0000000020400154       0x14 ./Output/tasks.o

.bss.xDelayedTaskList2
                0x0000000020400168       0x14
 .bss.xDelayedTaskList2
                0x0000000020400168       0x14 ./Output/tasks.o

.bss.xIdleTaskHandles
                0x000000002040017c        0x4
 .bss.xIdleTaskHandles
                0x000000002040017c        0x4 ./Output/tasks.o

.bss.xNextTaskUnblockTime
                0x0000000020400180        0x4
 .bss.xNextTaskUnblockTime
                0x0000000020400180        0x4 ./Output/tasks.o

.bss.xNumOfOverflows
                0x0000000020400184        0x4
 .bss.xNumOfOverflows
                0x0000000020400184        0x4 ./Output/tasks.o

.bss.xPendedTicks
                0x0000000020400188        0x4
 .bss.xPendedTicks
                0x0000000020400188        0x4 ./Output/tasks.o

.bss.xPendingReadyList
                0x000000002040018c       0x14
 .bss.xPendingReadyList
                0x000000002040018c       0x14 ./Output/tasks.o

.bss.xSchedulerRunning
                0x00000000204001a0        0x4
 .bss.xSchedulerRunning
                0x00000000204001a0        0x4 ./Output/tasks.o

.bss.xSuspendedTaskList
                0x00000000204001a4       0x14
 .bss.xSuspendedTaskList
                0x00000000204001a4       0x14 ./Output/tasks.o

.bss.xTasksWaitingTermination
                0x00000000204001b8       0x14
 .bss.xTasksWaitingTermination
                0x00000000204001b8       0x14 ./Output/tasks.o

.bss.xTickCount
                0x00000000204001cc        0x4
 .bss.xTickCount
                0x00000000204001cc        0x4 ./Output/tasks.o

.bss.xYieldPendings
                0x00000000204001d0        0x4
 .bss.xYieldPendings
                0x00000000204001d0        0x4 ./Output/tasks.o

.bss.pxEnd      0x00000000204001d4        0x4
 .bss.pxEnd     0x00000000204001d4        0x4 ./Output/heap_4.o

.bss.ucHeap     0x00000000204001d8     0xf000
 .bss.ucHeap    0x00000000204001d8     0xf000 ./Output/heap_4.o

.bss.xFreeBytesRemaining
                0x000000002040f1d8        0x4
 .bss.xFreeBytesRemaining
                0x000000002040f1d8        0x4 ./Output/heap_4.o

.bss.xMinimumEverFreeBytesRemaining
                0x000000002040f1dc        0x4
 .bss.xMinimumEverFreeBytesRemaining
                0x000000002040f1dc        0x4 ./Output/heap_4.o

.bss.xNumberOfSuccessfulAllocations
                0x000000002040f1e0        0x4
 .bss.xNumberOfSuccessfulAllocations
                0x000000002040f1e0        0x4 ./Output/heap_4.o

.bss.xNumberOfSuccessfulFrees
                0x000000002040f1e4        0x4
 .bss.xNumberOfSuccessfulFrees
                0x000000002040f1e4        0x4 ./Output/heap_4.o

.bss.xStart     0x000000002040f1e8        0x8
 .bss.xStart    0x000000002040f1e8        0x8 ./Output/heap_4.o

.bss.ucMaxSysCallPriority
                0x000000002040f1f0        0x1
 .bss.ucMaxSysCallPriority
                0x000000002040f1f0        0x1 ./Output/port.o

.bss.ulMaxPRIGROUPValue
                0x000000002040f1f4        0x4
 .bss.ulMaxPRIGROUPValue
                0x000000002040f1f4        0x4 ./Output/port.o

.bss.i          0x000000002040f1f8        0x4
 .bss.i         0x000000002040f1f8        0x4 ./Output/main.o

.bss.iter       0x000000002040f1fc        0x4
 .bss.iter      0x000000002040f1fc        0x4 ./Output/main.o

.bss.n          0x000000002040f200        0x4
 .bss.n         0x000000002040f200        0x4 ./Output/main.o

.bss.timer0_callback
                0x000000002040f204        0x4
 .bss.timer0_callback
                0x000000002040f204        0x4 ./Output/timer.o

.bss.timer0_tick_count
                0x000000002040f208        0x4
 .bss.timer0_tick_count
                0x000000002040f208        0x4 ./Output/timer.o
                0x000000002040f208                timer0_tick_count

.bss.timer1_callback
                0x000000002040f20c        0x4
 .bss.timer1_callback
                0x000000002040f20c        0x4 ./Output/timer.o

.bss.timer1_tick_count
                0x000000002040f210        0x4
 .bss.timer1_tick_count
                0x000000002040f210        0x4 ./Output/timer.o
                0x000000002040f210                timer1_tick_count

.bss.timer2_callback
                0x000000002040f214        0x4
 .bss.timer2_callback
                0x000000002040f214        0x4 ./Output/timer.o

.bss.timer2_tick_count
                0x000000002040f218        0x4
 .bss.timer2_tick_count
                0x000000002040f218        0x4 ./Output/timer.o
                0x000000002040f218                timer2_tick_count

.bss.lr         0x000000002040f21c        0x4
 .bss.lr        0x000000002040f21c        0x4 ./Output/startup.o
                0x000000002040f21c                lr

.bss.pc         0x000000002040f220        0x4
 .bss.pc        0x000000002040f220        0x4 ./Output/startup.o
                0x000000002040f220                pc

.bss.psr        0x000000002040f224        0x4
 .bss.psr       0x000000002040f224        0x4 ./Output/startup.o
                0x000000002040f224                psr

.bss.r0         0x000000002040f228        0x4
 .bss.r0        0x000000002040f228        0x4 ./Output/startup.o
                0x000000002040f228                r0

.bss.r1         0x000000002040f22c        0x4
 .bss.r1        0x000000002040f22c        0x4 ./Output/startup.o
                0x000000002040f22c                r1

.bss.r12        0x000000002040f230        0x4
 .bss.r12       0x000000002040f230        0x4 ./Output/startup.o
                0x000000002040f230                r12

.bss.r2         0x000000002040f234        0x4
 .bss.r2        0x000000002040f234        0x4 ./Output/startup.o
                0x000000002040f234                r2

.bss.r3         0x000000002040f238        0x4
 .bss.r3        0x000000002040f238        0x4 ./Output/startup.o
                0x000000002040f238                r3

.heap           0x000000002040f23c      0x40c
                0x000000002040f240                . = ALIGN (0x8)
 *fill*         0x000000002040f23c        0x4 
                0x000000002040f240                PROVIDE (end = .)
                [!provide]                        PROVIDE (_end = .)
                0x000000002040f240                _heap_bottom = .
                0x000000002040f248                . = (. + _Min_Heap_Size)
 *fill*         0x000000002040f240        0x8 
                0x000000002040f248                _heap_top = .
                0x000000002040f648                . = (. + _Min_Stack_Size)
 *fill*         0x000000002040f248      0x400 
                0x000000002040f648                . = ALIGN (0x8)
                0x00000000204c0000                stack_top = (ORIGIN (RAM) + LENGTH (RAM))
                0x00000000204bfc00                __StackLimit = (stack_top - _Min_Stack_Size)
                [!provide]                        PROVIDE (__stack = stack_top)
                0x0000000000000001                ASSERT ((__StackLimit >= _heap_top), region RAM overflowed with stack)
OUTPUT(./Output/demo.elf elf32-littlearm)
LOAD linker stubs

.debug_info     0x0000000000000000    0x1a012
 .debug_info    0x0000000000000000      0x2d3 ./Output/list.o
 .debug_info    0x00000000000002d3     0x31d2 ./Output/tasks.o
 .debug_info    0x00000000000034a5      0x5fe ./Output/heap_4.o
 .debug_info    0x0000000000003aa3      0x4a0 ./Output/port.o
 .debug_info    0x0000000000003f43      0x759 ./Output/main.o
 .debug_info    0x000000000000469c      0x578 ./Output/timer.o
 .debug_info    0x0000000000004c14      0x6e6 ./Output/printf-stdarg.o
 .debug_info    0x00000000000052fa      0x1c6 ./Output/startup.o
 .debug_info    0x00000000000054c0       0x26 /usr/lib/gcc/arm-none-eabi/10.3.1/../../../arm-none-eabi/lib/thumb/v7e-m+fp/hard/libc_nano.a(lib_a-memcpy.o)
 .debug_info    0x00000000000054e6      0x137 /usr/lib/gcc/arm-none-eabi/10.3.1/../../../arm-none-eabi/lib/thumb/v7e-m+fp/hard/libc_nano.a(lib_a-memset.o)
 .debug_info    0x000000000000561d      0x8f2 /usr/lib/gcc/arm-none-eabi/10.3.1/../../../arm-none-eabi/lib/thumb/v7e-m+fp/hard/libc_nano.a(lib_a-rand.o)
 .debug_info    0x0000000000005f0f      0x858 /usr/lib/gcc/arm-none-eabi/10.3.1/../../../arm-none-eabi/lib/thumb/v7e-m+fp/hard/libc_nano.a(lib_a-sysgettod.o)
 .debug_info    0x0000000000006767      0x8bd /usr/lib/gcc/arm-none-eabi/10.3.1/../../../arm-none-eabi/lib/thumb/v7e-m+fp/hard/libc_nano.a(lib_a-assert.o)
 .debug_info    0x0000000000007024      0x902 /usr/lib/gcc/arm-none-eabi/10.3.1/../../../arm-none-eabi/lib/thumb/v7e-m+fp/hard/libc_nano.a(lib_a-fprintf.o)
 .debug_info    0x0000000000007926      0x87f /usr/lib/gcc/arm-none-eabi/10.3.1/../../../arm-none-eabi/lib/thumb/v7e-m+fp/hard/libc_nano.a(lib_a-gettimeofdayr.o)
 .debug_info    0x00000000000081a5      0x863 /usr/lib/gcc/arm-none-eabi/10.3.1/../../../arm-none-eabi/lib/thumb/v7e-m+fp/hard/libc_nano.a(lib_a-impure.o)
 .debug_info    0x0000000000008a08      0x832 /usr/lib/gcc/arm-none-eabi/10.3.1/../../../arm-none-eabi/lib/thumb/v7e-m+fp/hard/libc_nano.a(lib_a-malloc.o)
 .debug_info    0x000000000000923a      0x903 /usr/lib/gcc/arm-none-eabi/10.3.1/../../../arm-none-eabi/lib/thumb/v7e-m+fp/hard/libc_nano.a(lib_a-nano-freer.o)
 .debug_info    0x0000000000009b3d      0xa0c /usr/lib/gcc/arm-none-eabi/10.3.1/../../../arm-none-eabi/lib/thumb/v7e-m+fp/hard/libc_nano.a(lib_a-nano-mallocr.o)
 .debug_info    0x000000000000a549     0x115f /usr/lib/gcc/arm-none-eabi/10.3.1/../../../arm-none-eabi/lib/thumb/v7e-m+fp/hard/libc_nano.a(lib_a-nano-vfprintf.o)
 .debug_info    0x000000000000b6a8      0xe9e /usr/lib/gcc/arm-none-eabi/10.3.1/../../../arm-none-eabi/lib/thumb/v7e-m+fp/hard/libc_nano.a(lib_a-nano-vfprintf_i.o)
 .debug_info    0x000000000000c546      0xa7e /usr/lib/gcc/arm-none-eabi/10.3.1/../../../arm-none-eabi/lib/thumb/v7e-m+fp/hard/libc_nano.a(lib_a-reent.o)
 .debug_info    0x000000000000cfc4      0x828 /usr/lib/gcc/arm-none-eabi/10.3.1/../../../arm-none-eabi/lib/thumb/v7e-m+fp/hard/libc_nano.a(lib_a-sbrkr.o)
 .debug_info    0x000000000000d7ec      0x998 /usr/lib/gcc/arm-none-eabi/10.3.1/../../../arm-none-eabi/lib/thumb/v7e-m+fp/hard/libc_nano.a(lib_a-wbuf.o)
 .debug_info    0x000000000000e184      0x902 /usr/lib/gcc/arm-none-eabi/10.3.1/../../../arm-none-eabi/lib/thumb/v7e-m+fp/hard/libc_nano.a(lib_a-wsetup.o)
 .debug_info    0x000000000000ea86       0xcb /usr/lib/gcc/arm-none-eabi/10.3.1/../../../arm-none-eabi/lib/thumb/v7e-m+fp/hard/libc_nano.a(lib_a-abort.o)
 .debug_info    0x000000000000eb51      0xb0d /usr/lib/gcc/arm-none-eabi/10.3.1/../../../arm-none-eabi/lib/thumb/v7e-m+fp/hard/libc_nano.a(lib_a-fflush.o)
 .debug_info    0x000000000000f65e      0xfae /usr/lib/gcc/arm-none-eabi/10.3.1/../../../arm-none-eabi/lib/thumb/v7e-m+fp/hard/libc_nano.a(lib_a-findfp.o)
 .debug_info    0x000000000001060c      0xb5e /usr/lib/gcc/arm-none-eabi/10.3.1/../../../arm-none-eabi/lib/thumb/v7e-m+fp/hard/libc_nano.a(lib_a-fvwrite.o)
 .debug_info    0x000000000001116a      0x900 /usr/lib/gcc/arm-none-eabi/10.3.1/../../../arm-none-eabi/lib/thumb/v7e-m+fp/hard/libc_nano.a(lib_a-fwalk.o)
 .debug_info    0x0000000000011a6a      0xc8a /usr/lib/gcc/arm-none-eabi/10.3.1/../../../arm-none-eabi/lib/thumb/v7e-m+fp/hard/libc_nano.a(lib_a-makebuf.o)
 .debug_info    0x00000000000126f4       0x26 /usr/lib/gcc/arm-none-eabi/10.3.1/../../../arm-none-eabi/lib/thumb/v7e-m+fp/hard/libc_nano.a(lib_a-memchr.o)
 .debug_info    0x000000000001271a      0x152 /usr/lib/gcc/arm-none-eabi/10.3.1/../../../arm-none-eabi/lib/thumb/v7e-m+fp/hard/libc_nano.a(lib_a-memmove.o)
 .debug_info    0x000000000001286c      0x7dc /usr/lib/gcc/arm-none-eabi/10.3.1/../../../arm-none-eabi/lib/thumb/v7e-m+fp/hard/libc_nano.a(lib_a-mlock.o)
 .debug_info    0x0000000000013048      0x911 /usr/lib/gcc/arm-none-eabi/10.3.1/../../../arm-none-eabi/lib/thumb/v7e-m+fp/hard/libc_nano.a(lib_a-nano-reallocr.o)
 .debug_info    0x0000000000013959      0xdcc /usr/lib/gcc/arm-none-eabi/10.3.1/../../../arm-none-eabi/lib/thumb/v7e-m+fp/hard/libc_nano.a(lib_a-signal.o)
 .debug_info    0x0000000000014725      0x871 /usr/lib/gcc/arm-none-eabi/10.3.1/../../../arm-none-eabi/lib/thumb/v7e-m+fp/hard/libc_nano.a(lib_a-signalr.o)
 .debug_info    0x0000000000014f96      0xabc /usr/lib/gcc/arm-none-eabi/10.3.1/../../../arm-none-eabi/lib/thumb/v7e-m+fp/hard/libc_nano.a(lib_a-stdio.o)
 .debug_info    0x0000000000015a52      0x85a /usr/lib/gcc/arm-none-eabi/10.3.1/../../../arm-none-eabi/lib/thumb/v7e-m+fp/hard/libc_nano.a(lib_a-writer.o)
 .debug_info    0x00000000000162ac      0x805 /usr/lib/gcc/arm-none-eabi/10.3.1/../../../arm-none-eabi/lib/thumb/v7e-m+fp/hard/libc_nano.a(lib_a-closer.o)
 .debug_info    0x0000000000016ab1      0xa1d /usr/lib/gcc/arm-none-eabi/10.3.1/../../../arm-none-eabi/lib/thumb/v7e-m+fp/hard/libc_nano.a(lib_a-fstatr.o)
 .debug_info    0x00000000000174ce      0x805 /usr/lib/gcc/arm-none-eabi/10.3.1/../../../arm-none-eabi/lib/thumb/v7e-m+fp/hard/libc_nano.a(lib_a-isattyr.o)
 .debug_info    0x0000000000017cd3      0x83b /usr/lib/gcc/arm-none-eabi/10.3.1/../../../arm-none-eabi/lib/thumb/v7e-m+fp/hard/libc_nano.a(lib_a-lseekr.o)
 .debug_info    0x000000000001850e      0x840 /usr/lib/gcc/arm-none-eabi/10.3.1/../../../arm-none-eabi/lib/thumb/v7e-m+fp/hard/libc_nano.a(lib_a-nano-msizer.o)
 .debug_info    0x0000000000018d4e      0x853 /usr/lib/gcc/arm-none-eabi/10.3.1/../../../arm-none-eabi/lib/thumb/v7e-m+fp/hard/libc_nano.a(lib_a-readr.o)
 .debug_info    0x00000000000195a1       0xb1 /usr/lib/gcc/arm-none-eabi/10.3.1/../../../arm-none-eabi/lib/thumb/v7e-m+fp/hard/libnosys.a(close.o)
 .debug_info    0x0000000000019652      0x2cc /usr/lib/gcc/arm-none-eabi/10.3.1/../../../arm-none-eabi/lib/thumb/v7e-m+fp/hard/libnosys.a(fstat.o)
 .debug_info    0x000000000001991e       0x9c /usr/lib/gcc/arm-none-eabi/10.3.1/../../../arm-none-eabi/lib/thumb/v7e-m+fp/hard/libnosys.a(getpid.o)
 .debug_info    0x00000000000199ba      0x123 /usr/lib/gcc/arm-none-eabi/10.3.1/../../../arm-none-eabi/lib/thumb/v7e-m+fp/hard/libnosys.a(gettod.o)
 .debug_info    0x0000000000019add       0xb1 /usr/lib/gcc/arm-none-eabi/10.3.1/../../../arm-none-eabi/lib/thumb/v7e-m+fp/hard/libnosys.a(isatty.o)
 .debug_info    0x0000000000019b8e       0xbf /usr/lib/gcc/arm-none-eabi/10.3.1/../../../arm-none-eabi/lib/thumb/v7e-m+fp/hard/libnosys.a(kill.o)
 .debug_info    0x0000000000019c4d       0xd3 /usr/lib/gcc/arm-none-eabi/10.3.1/../../../arm-none-eabi/lib/thumb/v7e-m+fp/hard/libnosys.a(lseek.o)
 .debug_info    0x0000000000019d20       0xd9 /usr/lib/gcc/arm-none-eabi/10.3.1/../../../arm-none-eabi/lib/thumb/v7e-m+fp/hard/libnosys.a(read.o)
 .debug_info    0x0000000000019df9       0x9d /usr/lib/gcc/arm-none-eabi/10.3.1/../../../arm-none-eabi/lib/thumb/v7e-m+fp/hard/libnosys.a(sbrk.o)
 .debug_info    0x0000000000019e96       0xd9 /usr/lib/gcc/arm-none-eabi/10.3.1/../../../arm-none-eabi/lib/thumb/v7e-m+fp/hard/libnosys.a(write.o)
 .debug_info    0x0000000000019f6f       0xa3 /usr/lib/gcc/arm-none-eabi/10.3.1/../../../arm-none-eabi/lib/thumb/v7e-m+fp/hard/libnosys.a(_exit.o)

.debug_abbrev   0x0000000000000000     0x5b44
 .debug_abbrev  0x0000000000000000      0x102 ./Output/list.o
 .debug_abbrev  0x0000000000000102      0x47a ./Output/tasks.o
 .debug_abbrev  0x000000000000057c      0x29a ./Output/heap_4.o
 .debug_abbrev  0x0000000000000816      0x278 ./Output/port.o
 .debug_abbrev  0x0000000000000a8e      0x22a ./Output/main.o
 .debug_abbrev  0x0000000000000cb8      0x1dd ./Output/timer.o
 .debug_abbrev  0x0000000000000e95      0x23e ./Output/printf-stdarg.o
 .debug_abbrev  0x00000000000010d3      0x104 ./Output/startup.o
 .debug_abbrev  0x00000000000011d7       0x14 /usr/lib/gcc/arm-none-eabi/10.3.1/../../../arm-none-eabi/lib/thumb/v7e-m+fp/hard/libc_nano.a(lib_a-memcpy.o)
 .debug_abbrev  0x00000000000011eb       0xb4 /usr/lib/gcc/arm-none-eabi/10.3.1/../../../arm-none-eabi/lib/thumb/v7e-m+fp/hard/libc_nano.a(lib_a-memset.o)
 .debug_abbrev  0x000000000000129f      0x203 /usr/lib/gcc/arm-none-eabi/10.3.1/../../../arm-none-eabi/lib/thumb/v7e-m+fp/hard/libc_nano.a(lib_a-rand.o)
 .debug_abbrev  0x00000000000014a2      0x19a /usr/lib/gcc/arm-none-eabi/10.3.1/../../../arm-none-eabi/lib/thumb/v7e-m+fp/hard/libc_nano.a(lib_a-sysgettod.o)
 .debug_abbrev  0x000000000000163c      0x1c3 /usr/lib/gcc/arm-none-eabi/10.3.1/../../../arm-none-eabi/lib/thumb/v7e-m+fp/hard/libc_nano.a(lib_a-assert.o)
 .debug_abbrev  0x00000000000017ff      0x213 /usr/lib/gcc/arm-none-eabi/10.3.1/../../../arm-none-eabi/lib/thumb/v7e-m+fp/hard/libc_nano.a(lib_a-fprintf.o)
 .debug_abbrev  0x0000000000001a12      0x1bf /usr/lib/gcc/arm-none-eabi/10.3.1/../../../arm-none-eabi/lib/thumb/v7e-m+fp/hard/libc_nano.a(lib_a-gettimeofdayr.o)
 .debug_abbrev  0x0000000000001bd1      0x151 /usr/lib/gcc/arm-none-eabi/10.3.1/../../../arm-none-eabi/lib/thumb/v7e-m+fp/hard/libc_nano.a(lib_a-impure.o)
 .debug_abbrev  0x0000000000001d22      0x1b6 /usr/lib/gcc/arm-none-eabi/10.3.1/../../../arm-none-eabi/lib/thumb/v7e-m+fp/hard/libc_nano.a(lib_a-malloc.o)
 .debug_abbrev  0x0000000000001ed8      0x235 /usr/lib/gcc/arm-none-eabi/10.3.1/../../../arm-none-eabi/lib/thumb/v7e-m+fp/hard/libc_nano.a(lib_a-nano-freer.o)
 .debug_abbrev  0x000000000000210d      0x290 /usr/lib/gcc/arm-none-eabi/10.3.1/../../../arm-none-eabi/lib/thumb/v7e-m+fp/hard/libc_nano.a(lib_a-nano-mallocr.o)
 .debug_abbrev  0x000000000000239d      0x358 /usr/lib/gcc/arm-none-eabi/10.3.1/../../../arm-none-eabi/lib/thumb/v7e-m+fp/hard/libc_nano.a(lib_a-nano-vfprintf.o)
 .debug_abbrev  0x00000000000026f5      0x25c /usr/lib/gcc/arm-none-eabi/10.3.1/../../../arm-none-eabi/lib/thumb/v7e-m+fp/hard/libc_nano.a(lib_a-nano-vfprintf_i.o)
 .debug_abbrev  0x0000000000002951      0x265 /usr/lib/gcc/arm-none-eabi/10.3.1/../../../arm-none-eabi/lib/thumb/v7e-m+fp/hard/libc_nano.a(lib_a-reent.o)
 .debug_abbrev  0x0000000000002bb6      0x1d6 /usr/lib/gcc/arm-none-eabi/10.3.1/../../../arm-none-eabi/lib/thumb/v7e-m+fp/hard/libc_nano.a(lib_a-sbrkr.o)
 .debug_abbrev  0x0000000000002d8c      0x21f /usr/lib/gcc/arm-none-eabi/10.3.1/../../../arm-none-eabi/lib/thumb/v7e-m+fp/hard/libc_nano.a(lib_a-wbuf.o)
 .debug_abbrev  0x0000000000002fab      0x1d4 /usr/lib/gcc/arm-none-eabi/10.3.1/../../../arm-none-eabi/lib/thumb/v7e-m+fp/hard/libc_nano.a(lib_a-wsetup.o)
 .debug_abbrev  0x000000000000317f       0x80 /usr/lib/gcc/arm-none-eabi/10.3.1/../../../arm-none-eabi/lib/thumb/v7e-m+fp/hard/libc_nano.a(lib_a-abort.o)
 .debug_abbrev  0x00000000000031ff      0x2dd /usr/lib/gcc/arm-none-eabi/10.3.1/../../../arm-none-eabi/lib/thumb/v7e-m+fp/hard/libc_nano.a(lib_a-fflush.o)
 .debug_abbrev  0x00000000000034dc      0x3cd /usr/lib/gcc/arm-none-eabi/10.3.1/../../../arm-none-eabi/lib/thumb/v7e-m+fp/hard/libc_nano.a(lib_a-findfp.o)
 .debug_abbrev  0x00000000000038a9      0x1f7 /usr/lib/gcc/arm-none-eabi/10.3.1/../../../arm-none-eabi/lib/thumb/v7e-m+fp/hard/libc_nano.a(lib_a-fvwrite.o)
 .debug_abbrev  0x0000000000003aa0      0x197 /usr/lib/gcc/arm-none-eabi/10.3.1/../../../arm-none-eabi/lib/thumb/v7e-m+fp/hard/libc_nano.a(lib_a-fwalk.o)
 .debug_abbrev  0x0000000000003c37      0x278 /usr/lib/gcc/arm-none-eabi/10.3.1/../../../arm-none-eabi/lib/thumb/v7e-m+fp/hard/libc_nano.a(lib_a-makebuf.o)
 .debug_abbrev  0x0000000000003eaf       0x14 /usr/lib/gcc/arm-none-eabi/10.3.1/../../../arm-none-eabi/lib/thumb/v7e-m+fp/hard/libc_nano.a(lib_a-memchr.o)
 .debug_abbrev  0x0000000000003ec3       0xc0 /usr/lib/gcc/arm-none-eabi/10.3.1/../../../arm-none-eabi/lib/thumb/v7e-m+fp/hard/libc_nano.a(lib_a-memmove.o)
 .debug_abbrev  0x0000000000003f83      0x189 /usr/lib/gcc/arm-none-eabi/10.3.1/../../../arm-none-eabi/lib/thumb/v7e-m+fp/hard/libc_nano.a(lib_a-mlock.o)
 .debug_abbrev  0x000000000000410c      0x1d6 /usr/lib/gcc/arm-none-eabi/10.3.1/../../../arm-none-eabi/lib/thumb/v7e-m+fp/hard/libc_nano.a(lib_a-nano-reallocr.o)
 .debug_abbrev  0x00000000000042e2      0x2ba /usr/lib/gcc/arm-none-eabi/10.3.1/../../../arm-none-eabi/lib/thumb/v7e-m+fp/hard/libc_nano.a(lib_a-signal.o)
 .debug_abbrev  0x000000000000459c      0x1db /usr/lib/gcc/arm-none-eabi/10.3.1/../../../arm-none-eabi/lib/thumb/v7e-m+fp/hard/libc_nano.a(lib_a-signalr.o)
 .debug_abbrev  0x0000000000004777      0x1fb /usr/lib/gcc/arm-none-eabi/10.3.1/../../../arm-none-eabi/lib/thumb/v7e-m+fp/hard/libc_nano.a(lib_a-stdio.o)
 .debug_abbrev  0x0000000000004972      0x1b0 /usr/lib/gcc/arm-none-eabi/10.3.1/../../../arm-none-eabi/lib/thumb/v7e-m+fp/hard/libc_nano.a(lib_a-writer.o)
 .debug_abbrev  0x0000000000004b22      0x1ab /usr/lib/gcc/arm-none-eabi/10.3.1/../../../arm-none-eabi/lib/thumb/v7e-m+fp/hard/libc_nano.a(lib_a-closer.o)
 .debug_abbrev  0x0000000000004ccd      0x1bf /usr/lib/gcc/arm-none-eabi/10.3.1/../../../arm-none-eabi/lib/thumb/v7e-m+fp/hard/libc_nano.a(lib_a-fstatr.o)
 .debug_abbrev  0x0000000000004e8c      0x1ab /usr/lib/gcc/arm-none-eabi/10.3.1/../../../arm-none-eabi/lib/thumb/v7e-m+fp/hard/libc_nano.a(lib_a-isattyr.o)
 .debug_abbrev  0x0000000000005037      0x1bf /usr/lib/gcc/arm-none-eabi/10.3.1/../../../arm-none-eabi/lib/thumb/v7e-m+fp/hard/libc_nano.a(lib_a-lseekr.o)
 .debug_abbrev  0x00000000000051f6      0x191 /usr/lib/gcc/arm-none-eabi/10.3.1/../../../arm-none-eabi/lib/thumb/v7e-m+fp/hard/libc_nano.a(lib_a-nano-msizer.o)
 .debug_abbrev  0x0000000000005387      0x1ab /usr/lib/gcc/arm-none-eabi/10.3.1/../../../arm-none-eabi/lib/thumb/v7e-m+fp/hard/libc_nano.a(lib_a-readr.o)
 .debug_abbrev  0x0000000000005532       0x6d /usr/lib/gcc/arm-none-eabi/10.3.1/../../../arm-none-eabi/lib/thumb/v7e-m+fp/hard/libnosys.a(close.o)
 .debug_abbrev  0x000000000000559f       0xcc /usr/lib/gcc/arm-none-eabi/10.3.1/../../../arm-none-eabi/lib/thumb/v7e-m+fp/hard/libnosys.a(fstat.o)
 .debug_abbrev  0x000000000000566b       0x59 /usr/lib/gcc/arm-none-eabi/10.3.1/../../../arm-none-eabi/lib/thumb/v7e-m+fp/hard/libnosys.a(getpid.o)
 .debug_abbrev  0x00000000000056c4       0xc1 /usr/lib/gcc/arm-none-eabi/10.3.1/../../../arm-none-eabi/lib/thumb/v7e-m+fp/hard/libnosys.a(gettod.o)
 .debug_abbrev  0x0000000000005785       0x6d /usr/lib/gcc/arm-none-eabi/10.3.1/../../../arm-none-eabi/lib/thumb/v7e-m+fp/hard/libnosys.a(isatty.o)
 .debug_abbrev  0x00000000000057f2       0x7e /usr/lib/gcc/arm-none-eabi/10.3.1/../../../arm-none-eabi/lib/thumb/v7e-m+fp/hard/libnosys.a(kill.o)
 .debug_abbrev  0x0000000000005870       0x92 /usr/lib/gcc/arm-none-eabi/10.3.1/../../../arm-none-eabi/lib/thumb/v7e-m+fp/hard/libnosys.a(lseek.o)
 .debug_abbrev  0x0000000000005902       0x9b /usr/lib/gcc/arm-none-eabi/10.3.1/../../../arm-none-eabi/lib/thumb/v7e-m+fp/hard/libnosys.a(read.o)
 .debug_abbrev  0x000000000000599d       0xa2 /usr/lib/gcc/arm-none-eabi/10.3.1/../../../arm-none-eabi/lib/thumb/v7e-m+fp/hard/libnosys.a(sbrk.o)
 .debug_abbrev  0x0000000000005a3f       0x9b /usr/lib/gcc/arm-none-eabi/10.3.1/../../../arm-none-eabi/lib/thumb/v7e-m+fp/hard/libnosys.a(write.o)
 .debug_abbrev  0x0000000000005ada       0x6a /usr/lib/gcc/arm-none-eabi/10.3.1/../../../arm-none-eabi/lib/thumb/v7e-m+fp/hard/libnosys.a(_exit.o)

.debug_loc      0x0000000000000000     0x8c01
 .debug_loc     0x0000000000000000       0xaf ./Output/list.o
 .debug_loc     0x00000000000000af     0x2989 ./Output/tasks.o
 .debug_loc     0x0000000000002a38      0x505 ./Output/heap_4.o
 .debug_loc     0x0000000000002f3d       0xd6 ./Output/port.o
 .debug_loc     0x0000000000003013      0x241 ./Output/main.o
 .debug_loc     0x0000000000003254      0x20d ./Output/timer.o
 .debug_loc     0x0000000000003461      0xada ./Output/printf-stdarg.o
 .debug_loc     0x0000000000003f3b      0x22c /usr/lib/gcc/arm-none-eabi/10.3.1/../../../arm-none-eabi/lib/thumb/v7e-m+fp/hard/libc_nano.a(lib_a-memset.o)
 .debug_loc     0x0000000000004167       0xd4 /usr/lib/gcc/arm-none-eabi/10.3.1/../../../arm-none-eabi/lib/thumb/v7e-m+fp/hard/libc_nano.a(lib_a-rand.o)
 .debug_loc     0x000000000000423b       0x64 /usr/lib/gcc/arm-none-eabi/10.3.1/../../../arm-none-eabi/lib/thumb/v7e-m+fp/hard/libc_nano.a(lib_a-sysgettod.o)
 .debug_loc     0x000000000000429f      0x185 /usr/lib/gcc/arm-none-eabi/10.3.1/../../../arm-none-eabi/lib/thumb/v7e-m+fp/hard/libc_nano.a(lib_a-assert.o)
 .debug_loc     0x0000000000004424       0xa6 /usr/lib/gcc/arm-none-eabi/10.3.1/../../../arm-none-eabi/lib/thumb/v7e-m+fp/hard/libc_nano.a(lib_a-fprintf.o)
 .debug_loc     0x00000000000044ca       0xab /usr/lib/gcc/arm-none-eabi/10.3.1/../../../arm-none-eabi/lib/thumb/v7e-m+fp/hard/libc_nano.a(lib_a-gettimeofdayr.o)
 .debug_loc     0x0000000000004575       0x64 /usr/lib/gcc/arm-none-eabi/10.3.1/../../../arm-none-eabi/lib/thumb/v7e-m+fp/hard/libc_nano.a(lib_a-malloc.o)
 .debug_loc     0x00000000000045d9      0x203 /usr/lib/gcc/arm-none-eabi/10.3.1/../../../arm-none-eabi/lib/thumb/v7e-m+fp/hard/libc_nano.a(lib_a-nano-freer.o)
 .debug_loc     0x00000000000047dc      0x3cd /usr/lib/gcc/arm-none-eabi/10.3.1/../../../arm-none-eabi/lib/thumb/v7e-m+fp/hard/libc_nano.a(lib_a-nano-mallocr.o)
 .debug_loc     0x0000000000004ba9      0x7ae /usr/lib/gcc/arm-none-eabi/10.3.1/../../../arm-none-eabi/lib/thumb/v7e-m+fp/hard/libc_nano.a(lib_a-nano-vfprintf.o)
 .debug_loc     0x0000000000005357      0x5dd /usr/lib/gcc/arm-none-eabi/10.3.1/../../../arm-none-eabi/lib/thumb/v7e-m+fp/hard/libc_nano.a(lib_a-nano-vfprintf_i.o)
 .debug_loc     0x0000000000005934      0x1cd /usr/lib/gcc/arm-none-eabi/10.3.1/../../../arm-none-eabi/lib/thumb/v7e-m+fp/hard/libc_nano.a(lib_a-reent.o)
 .debug_loc     0x0000000000005b01       0x6c /usr/lib/gcc/arm-none-eabi/10.3.1/../../../arm-none-eabi/lib/thumb/v7e-m+fp/hard/libc_nano.a(lib_a-sbrkr.o)
 .debug_loc     0x0000000000005b6d      0x193 /usr/lib/gcc/arm-none-eabi/10.3.1/../../../arm-none-eabi/lib/thumb/v7e-m+fp/hard/libc_nano.a(lib_a-wbuf.o)
 .debug_loc     0x0000000000005d00       0xb7 /usr/lib/gcc/arm-none-eabi/10.3.1/../../../arm-none-eabi/lib/thumb/v7e-m+fp/hard/libc_nano.a(lib_a-wsetup.o)
 .debug_loc     0x0000000000005db7      0x4ee /usr/lib/gcc/arm-none-eabi/10.3.1/../../../arm-none-eabi/lib/thumb/v7e-m+fp/hard/libc_nano.a(lib_a-fflush.o)
 .debug_loc     0x00000000000062a5      0x3d9 /usr/lib/gcc/arm-none-eabi/10.3.1/../../../arm-none-eabi/lib/thumb/v7e-m+fp/hard/libc_nano.a(lib_a-findfp.o)
 .debug_loc     0x000000000000667e      0x76c /usr/lib/gcc/arm-none-eabi/10.3.1/../../../arm-none-eabi/lib/thumb/v7e-m+fp/hard/libc_nano.a(lib_a-fvwrite.o)
 .debug_loc     0x0000000000006dea      0x1bf /usr/lib/gcc/arm-none-eabi/10.3.1/../../../arm-none-eabi/lib/thumb/v7e-m+fp/hard/libc_nano.a(lib_a-fwalk.o)
 .debug_loc     0x0000000000006fa9      0x327 /usr/lib/gcc/arm-none-eabi/10.3.1/../../../arm-none-eabi/lib/thumb/v7e-m+fp/hard/libc_nano.a(lib_a-makebuf.o)
 .debug_loc     0x00000000000072d0      0x34f /usr/lib/gcc/arm-none-eabi/10.3.1/../../../arm-none-eabi/lib/thumb/v7e-m+fp/hard/libc_nano.a(lib_a-memmove.o)
 .debug_loc     0x000000000000761f      0x133 /usr/lib/gcc/arm-none-eabi/10.3.1/../../../arm-none-eabi/lib/thumb/v7e-m+fp/hard/libc_nano.a(lib_a-nano-reallocr.o)
 .debug_loc     0x0000000000007752      0x967 /usr/lib/gcc/arm-none-eabi/10.3.1/../../../arm-none-eabi/lib/thumb/v7e-m+fp/hard/libc_nano.a(lib_a-signal.o)
 .debug_loc     0x00000000000080b9       0xd0 /usr/lib/gcc/arm-none-eabi/10.3.1/../../../arm-none-eabi/lib/thumb/v7e-m+fp/hard/libc_nano.a(lib_a-signalr.o)
 .debug_loc     0x0000000000008189      0x3a0 /usr/lib/gcc/arm-none-eabi/10.3.1/../../../arm-none-eabi/lib/thumb/v7e-m+fp/hard/libc_nano.a(lib_a-stdio.o)
 .debug_loc     0x0000000000008529       0xf7 /usr/lib/gcc/arm-none-eabi/10.3.1/../../../arm-none-eabi/lib/thumb/v7e-m+fp/hard/libc_nano.a(lib_a-writer.o)
 .debug_loc     0x0000000000008620       0x6c /usr/lib/gcc/arm-none-eabi/10.3.1/../../../arm-none-eabi/lib/thumb/v7e-m+fp/hard/libc_nano.a(lib_a-closer.o)
 .debug_loc     0x000000000000868c       0xab /usr/lib/gcc/arm-none-eabi/10.3.1/../../../arm-none-eabi/lib/thumb/v7e-m+fp/hard/libc_nano.a(lib_a-fstatr.o)
 .debug_loc     0x0000000000008737       0x6c /usr/lib/gcc/arm-none-eabi/10.3.1/../../../arm-none-eabi/lib/thumb/v7e-m+fp/hard/libc_nano.a(lib_a-isattyr.o)
 .debug_loc     0x00000000000087a3       0xf7 /usr/lib/gcc/arm-none-eabi/10.3.1/../../../arm-none-eabi/lib/thumb/v7e-m+fp/hard/libc_nano.a(lib_a-lseekr.o)
 .debug_loc     0x000000000000889a       0x86 /usr/lib/gcc/arm-none-eabi/10.3.1/../../../arm-none-eabi/lib/thumb/v7e-m+fp/hard/libc_nano.a(lib_a-nano-msizer.o)
 .debug_loc     0x0000000000008920       0xf7 /usr/lib/gcc/arm-none-eabi/10.3.1/../../../arm-none-eabi/lib/thumb/v7e-m+fp/hard/libc_nano.a(lib_a-readr.o)
 .debug_loc     0x0000000000008a17       0x25 /usr/lib/gcc/arm-none-eabi/10.3.1/../../../arm-none-eabi/lib/thumb/v7e-m+fp/hard/libnosys.a(close.o)
 .debug_loc     0x0000000000008a3c       0x25 /usr/lib/gcc/arm-none-eabi/10.3.1/../../../arm-none-eabi/lib/thumb/v7e-m+fp/hard/libnosys.a(fstat.o)
 .debug_loc     0x0000000000008a61       0x25 /usr/lib/gcc/arm-none-eabi/10.3.1/../../../arm-none-eabi/lib/thumb/v7e-m+fp/hard/libnosys.a(gettod.o)
 .debug_loc     0x0000000000008a86       0x25 /usr/lib/gcc/arm-none-eabi/10.3.1/../../../arm-none-eabi/lib/thumb/v7e-m+fp/hard/libnosys.a(isatty.o)
 .debug_loc     0x0000000000008aab       0x25 /usr/lib/gcc/arm-none-eabi/10.3.1/../../../arm-none-eabi/lib/thumb/v7e-m+fp/hard/libnosys.a(kill.o)
 .debug_loc     0x0000000000008ad0       0x4a /usr/lib/gcc/arm-none-eabi/10.3.1/../../../arm-none-eabi/lib/thumb/v7e-m+fp/hard/libnosys.a(lseek.o)
 .debug_loc     0x0000000000008b1a       0x4a /usr/lib/gcc/arm-none-eabi/10.3.1/../../../arm-none-eabi/lib/thumb/v7e-m+fp/hard/libnosys.a(read.o)
 .debug_loc     0x0000000000008b64       0x3e /usr/lib/gcc/arm-none-eabi/10.3.1/../../../arm-none-eabi/lib/thumb/v7e-m+fp/hard/libnosys.a(sbrk.o)
 .debug_loc     0x0000000000008ba2       0x4a /usr/lib/gcc/arm-none-eabi/10.3.1/../../../arm-none-eabi/lib/thumb/v7e-m+fp/hard/libnosys.a(write.o)
 .debug_loc     0x0000000000008bec       0x15 /usr/lib/gcc/arm-none-eabi/10.3.1/../../../arm-none-eabi/lib/thumb/v7e-m+fp/hard/libnosys.a(_exit.o)

.debug_aranges  0x0000000000000000      0xa80
 .debug_aranges
                0x0000000000000000       0x40 ./Output/list.o
 .debug_aranges
                0x0000000000000040      0x1f0 ./Output/tasks.o
 .debug_aranges
                0x0000000000000230       0x58 ./Output/heap_4.o
 .debug_aranges
                0x0000000000000288       0x80 ./Output/port.o
 .debug_aranges
                0x0000000000000308       0x60 ./Output/main.o
 .debug_aranges
                0x0000000000000368       0x90 ./Output/timer.o
 .debug_aranges
                0x00000000000003f8       0x58 ./Output/printf-stdarg.o
 .debug_aranges
                0x0000000000000450       0x38 ./Output/startup.o
 .debug_aranges
                0x0000000000000488       0x20 /usr/lib/gcc/arm-none-eabi/10.3.1/../../../arm-none-eabi/lib/thumb/v7e-m+fp/hard/libc_nano.a(lib_a-memcpy.o)
 .debug_aranges
                0x00000000000004a8       0x20 /usr/lib/gcc/arm-none-eabi/10.3.1/../../../arm-none-eabi/lib/thumb/v7e-m+fp/hard/libc_nano.a(lib_a-memset.o)
 .debug_aranges
                0x00000000000004c8       0x20 /usr/lib/gcc/arm-none-eabi/10.3.1/../../../arm-none-eabi/lib/thumb/v7e-m+fp/hard/libc_nano.a(lib_a-rand.o)
 .debug_aranges
                0x00000000000004e8       0x20 /usr/lib/gcc/arm-none-eabi/10.3.1/../../../arm-none-eabi/lib/thumb/v7e-m+fp/hard/libc_nano.a(lib_a-sysgettod.o)
 .debug_aranges
                0x0000000000000508       0x20 /usr/lib/gcc/arm-none-eabi/10.3.1/../../../arm-none-eabi/lib/thumb/v7e-m+fp/hard/libc_nano.a(lib_a-assert.o)
 .debug_aranges
                0x0000000000000528       0x20 /usr/lib/gcc/arm-none-eabi/10.3.1/../../../arm-none-eabi/lib/thumb/v7e-m+fp/hard/libc_nano.a(lib_a-fprintf.o)
 .debug_aranges
                0x0000000000000548       0x20 /usr/lib/gcc/arm-none-eabi/10.3.1/../../../arm-none-eabi/lib/thumb/v7e-m+fp/hard/libc_nano.a(lib_a-gettimeofdayr.o)
 .debug_aranges
                0x0000000000000568       0x18 /usr/lib/gcc/arm-none-eabi/10.3.1/../../../arm-none-eabi/lib/thumb/v7e-m+fp/hard/libc_nano.a(lib_a-impure.o)
 .debug_aranges
                0x0000000000000580       0x20 /usr/lib/gcc/arm-none-eabi/10.3.1/../../../arm-none-eabi/lib/thumb/v7e-m+fp/hard/libc_nano.a(lib_a-malloc.o)
 .debug_aranges
                0x00000000000005a0       0x20 /usr/lib/gcc/arm-none-eabi/10.3.1/../../../arm-none-eabi/lib/thumb/v7e-m+fp/hard/libc_nano.a(lib_a-nano-freer.o)
 .debug_aranges
                0x00000000000005c0       0x20 /usr/lib/gcc/arm-none-eabi/10.3.1/../../../arm-none-eabi/lib/thumb/v7e-m+fp/hard/libc_nano.a(lib_a-nano-mallocr.o)
 .debug_aranges
                0x00000000000005e0       0x20 /usr/lib/gcc/arm-none-eabi/10.3.1/../../../arm-none-eabi/lib/thumb/v7e-m+fp/hard/libc_nano.a(lib_a-nano-vfprintf.o)
 .debug_aranges
                0x0000000000000600       0x20 /usr/lib/gcc/arm-none-eabi/10.3.1/../../../arm-none-eabi/lib/thumb/v7e-m+fp/hard/libc_nano.a(lib_a-nano-vfprintf_i.o)
 .debug_aranges
                0x0000000000000620       0x20 /usr/lib/gcc/arm-none-eabi/10.3.1/../../../arm-none-eabi/lib/thumb/v7e-m+fp/hard/libc_nano.a(lib_a-reent.o)
 .debug_aranges
                0x0000000000000640       0x20 /usr/lib/gcc/arm-none-eabi/10.3.1/../../../arm-none-eabi/lib/thumb/v7e-m+fp/hard/libc_nano.a(lib_a-sbrkr.o)
 .debug_aranges
                0x0000000000000660       0x20 /usr/lib/gcc/arm-none-eabi/10.3.1/../../../arm-none-eabi/lib/thumb/v7e-m+fp/hard/libc_nano.a(lib_a-wbuf.o)
 .debug_aranges
                0x0000000000000680       0x20 /usr/lib/gcc/arm-none-eabi/10.3.1/../../../arm-none-eabi/lib/thumb/v7e-m+fp/hard/libc_nano.a(lib_a-wsetup.o)
 .debug_aranges
                0x00000000000006a0       0x20 /usr/lib/gcc/arm-none-eabi/10.3.1/../../../arm-none-eabi/lib/thumb/v7e-m+fp/hard/libc_nano.a(lib_a-abort.o)
 .debug_aranges
                0x00000000000006c0       0x20 /usr/lib/gcc/arm-none-eabi/10.3.1/../../../arm-none-eabi/lib/thumb/v7e-m+fp/hard/libc_nano.a(lib_a-fflush.o)
 .debug_aranges
                0x00000000000006e0       0x20 /usr/lib/gcc/arm-none-eabi/10.3.1/../../../arm-none-eabi/lib/thumb/v7e-m+fp/hard/libc_nano.a(lib_a-findfp.o)
 .debug_aranges
                0x0000000000000700       0x20 /usr/lib/gcc/arm-none-eabi/10.3.1/../../../arm-none-eabi/lib/thumb/v7e-m+fp/hard/libc_nano.a(lib_a-fvwrite.o)
 .debug_aranges
                0x0000000000000720       0x20 /usr/lib/gcc/arm-none-eabi/10.3.1/../../../arm-none-eabi/lib/thumb/v7e-m+fp/hard/libc_nano.a(lib_a-fwalk.o)
 .debug_aranges
                0x0000000000000740       0x20 /usr/lib/gcc/arm-none-eabi/10.3.1/../../../arm-none-eabi/lib/thumb/v7e-m+fp/hard/libc_nano.a(lib_a-makebuf.o)
 .debug_aranges
                0x0000000000000760       0x20 /usr/lib/gcc/arm-none-eabi/10.3.1/../../../arm-none-eabi/lib/thumb/v7e-m+fp/hard/libc_nano.a(lib_a-memchr.o)
 .debug_aranges
                0x0000000000000780       0x20 /usr/lib/gcc/arm-none-eabi/10.3.1/../../../arm-none-eabi/lib/thumb/v7e-m+fp/hard/libc_nano.a(lib_a-memmove.o)
 .debug_aranges
                0x00000000000007a0       0x20 /usr/lib/gcc/arm-none-eabi/10.3.1/../../../arm-none-eabi/lib/thumb/v7e-m+fp/hard/libc_nano.a(lib_a-mlock.o)
 .debug_aranges
                0x00000000000007c0       0x20 /usr/lib/gcc/arm-none-eabi/10.3.1/../../../arm-none-eabi/lib/thumb/v7e-m+fp/hard/libc_nano.a(lib_a-nano-reallocr.o)
 .debug_aranges
                0x00000000000007e0       0x20 /usr/lib/gcc/arm-none-eabi/10.3.1/../../../arm-none-eabi/lib/thumb/v7e-m+fp/hard/libc_nano.a(lib_a-signal.o)
 .debug_aranges
                0x0000000000000800       0x20 /usr/lib/gcc/arm-none-eabi/10.3.1/../../../arm-none-eabi/lib/thumb/v7e-m+fp/hard/libc_nano.a(lib_a-signalr.o)
 .debug_aranges
                0x0000000000000820       0x20 /usr/lib/gcc/arm-none-eabi/10.3.1/../../../arm-none-eabi/lib/thumb/v7e-m+fp/hard/libc_nano.a(lib_a-stdio.o)
 .debug_aranges
                0x0000000000000840       0x20 /usr/lib/gcc/arm-none-eabi/10.3.1/../../../arm-none-eabi/lib/thumb/v7e-m+fp/hard/libc_nano.a(lib_a-writer.o)
 .debug_aranges
                0x0000000000000860       0x20 /usr/lib/gcc/arm-none-eabi/10.3.1/../../../arm-none-eabi/lib/thumb/v7e-m+fp/hard/libc_nano.a(lib_a-closer.o)
 .debug_aranges
                0x0000000000000880       0x20 /usr/lib/gcc/arm-none-eabi/10.3.1/../../../arm-none-eabi/lib/thumb/v7e-m+fp/hard/libc_nano.a(lib_a-fstatr.o)
 .debug_aranges
                0x00000000000008a0       0x20 /usr/lib/gcc/arm-none-eabi/10.3.1/../../../arm-none-eabi/lib/thumb/v7e-m+fp/hard/libc_nano.a(lib_a-isattyr.o)
 .debug_aranges
                0x00000000000008c0       0x20 /usr/lib/gcc/arm-none-eabi/10.3.1/../../../arm-none-eabi/lib/thumb/v7e-m+fp/hard/libc_nano.a(lib_a-lseekr.o)
 .debug_aranges
                0x00000000000008e0       0x20 /usr/lib/gcc/arm-none-eabi/10.3.1/../../../arm-none-eabi/lib/thumb/v7e-m+fp/hard/libc_nano.a(lib_a-nano-msizer.o)
 .debug_aranges
                0x0000000000000900       0x20 /usr/lib/gcc/arm-none-eabi/10.3.1/../../../arm-none-eabi/lib/thumb/v7e-m+fp/hard/libc_nano.a(lib_a-readr.o)
 .debug_aranges
                0x0000000000000920       0x20 /usr/lib/gcc/arm-none-eabi/10.3.1/../../../arm-none-eabi/lib/thumb/v7e-m+fp/hard/libnosys.a(close.o)
 .debug_aranges
                0x0000000000000940       0x20 /usr/lib/gcc/arm-none-eabi/10.3.1/../../../arm-none-eabi/lib/thumb/v7e-m+fp/hard/libnosys.a(fstat.o)
 .debug_aranges
                0x0000000000000960       0x20 /usr/lib/gcc/arm-none-eabi/10.3.1/../../../arm-none-eabi/lib/thumb/v7e-m+fp/hard/libnosys.a(getpid.o)
 .debug_aranges
                0x0000000000000980       0x20 /usr/lib/gcc/arm-none-eabi/10.3.1/../../../arm-none-eabi/lib/thumb/v7e-m+fp/hard/libnosys.a(gettod.o)
 .debug_aranges
                0x00000000000009a0       0x20 /usr/lib/gcc/arm-none-eabi/10.3.1/../../../arm-none-eabi/lib/thumb/v7e-m+fp/hard/libnosys.a(isatty.o)
 .debug_aranges
                0x00000000000009c0       0x20 /usr/lib/gcc/arm-none-eabi/10.3.1/../../../arm-none-eabi/lib/thumb/v7e-m+fp/hard/libnosys.a(kill.o)
 .debug_aranges
                0x00000000000009e0       0x20 /usr/lib/gcc/arm-none-eabi/10.3.1/../../../arm-none-eabi/lib/thumb/v7e-m+fp/hard/libnosys.a(lseek.o)
 .debug_aranges
                0x0000000000000a00       0x20 /usr/lib/gcc/arm-none-eabi/10.3.1/../../../arm-none-eabi/lib/thumb/v7e-m+fp/hard/libnosys.a(read.o)
 .debug_aranges
                0x0000000000000a20       0x20 /usr/lib/gcc/arm-none-eabi/10.3.1/../../../arm-none-eabi/lib/thumb/v7e-m+fp/hard/libnosys.a(sbrk.o)
 .debug_aranges
                0x0000000000000a40       0x20 /usr/lib/gcc/arm-none-eabi/10.3.1/../../../arm-none-eabi/lib/thumb/v7e-m+fp/hard/libnosys.a(write.o)
 .debug_aranges
                0x0000000000000a60       0x20 /usr/lib/gcc/arm-none-eabi/10.3.1/../../../arm-none-eabi/lib/thumb/v7e-m+fp/hard/libnosys.a(_exit.o)

.debug_ranges   0x0000000000000000      0xdc0
 .debug_ranges  0x0000000000000000       0x30 ./Output/list.o
 .debug_ranges  0x0000000000000030      0x560 ./Output/tasks.o
 .debug_ranges  0x0000000000000590       0x48 ./Output/heap_4.o
 .debug_ranges  0x00000000000005d8       0xb8 ./Output/port.o
 .debug_ranges  0x0000000000000690      0x100 ./Output/main.o
 .debug_ranges  0x0000000000000790       0xc8 ./Output/timer.o
 .debug_ranges  0x0000000000000858       0x60 ./Output/printf-stdarg.o
 .debug_ranges  0x00000000000008b8       0x28 ./Output/startup.o
 .debug_ranges  0x00000000000008e0       0x70 /usr/lib/gcc/arm-none-eabi/10.3.1/../../../arm-none-eabi/lib/thumb/v7e-m+fp/hard/libc_nano.a(lib_a-rand.o)
 .debug_ranges  0x0000000000000950       0x20 /usr/lib/gcc/arm-none-eabi/10.3.1/../../../arm-none-eabi/lib/thumb/v7e-m+fp/hard/libc_nano.a(lib_a-nano-freer.o)
 .debug_ranges  0x0000000000000970       0x38 /usr/lib/gcc/arm-none-eabi/10.3.1/../../../arm-none-eabi/lib/thumb/v7e-m+fp/hard/libc_nano.a(lib_a-nano-mallocr.o)
 .debug_ranges  0x00000000000009a8       0x40 /usr/lib/gcc/arm-none-eabi/10.3.1/../../../arm-none-eabi/lib/thumb/v7e-m+fp/hard/libc_nano.a(lib_a-nano-vfprintf.o)
 .debug_ranges  0x00000000000009e8       0xa0 /usr/lib/gcc/arm-none-eabi/10.3.1/../../../arm-none-eabi/lib/thumb/v7e-m+fp/hard/libc_nano.a(lib_a-nano-vfprintf_i.o)
 .debug_ranges  0x0000000000000a88       0x20 /usr/lib/gcc/arm-none-eabi/10.3.1/../../../arm-none-eabi/lib/thumb/v7e-m+fp/hard/libc_nano.a(lib_a-wbuf.o)
 .debug_ranges  0x0000000000000aa8       0x30 /usr/lib/gcc/arm-none-eabi/10.3.1/../../../arm-none-eabi/lib/thumb/v7e-m+fp/hard/libc_nano.a(lib_a-wsetup.o)
 .debug_ranges  0x0000000000000ad8       0xb8 /usr/lib/gcc/arm-none-eabi/10.3.1/../../../arm-none-eabi/lib/thumb/v7e-m+fp/hard/libc_nano.a(lib_a-fflush.o)
 .debug_ranges  0x0000000000000b90       0xc8 /usr/lib/gcc/arm-none-eabi/10.3.1/../../../arm-none-eabi/lib/thumb/v7e-m+fp/hard/libc_nano.a(lib_a-findfp.o)
 .debug_ranges  0x0000000000000c58       0x28 /usr/lib/gcc/arm-none-eabi/10.3.1/../../../arm-none-eabi/lib/thumb/v7e-m+fp/hard/libc_nano.a(lib_a-fvwrite.o)
 .debug_ranges  0x0000000000000c80       0x78 /usr/lib/gcc/arm-none-eabi/10.3.1/../../../arm-none-eabi/lib/thumb/v7e-m+fp/hard/libc_nano.a(lib_a-makebuf.o)
 .debug_ranges  0x0000000000000cf8       0xc8 /usr/lib/gcc/arm-none-eabi/10.3.1/../../../arm-none-eabi/lib/thumb/v7e-m+fp/hard/libc_nano.a(lib_a-signal.o)

.debug_macro    0x0000000000000000     0x42ce
 .debug_macro   0x0000000000000000      0x171 ./Output/list.o
 .debug_macro   0x0000000000000171      0xa6c ./Output/list.o
 .debug_macro   0x0000000000000bdd       0x18 ./Output/list.o
 .debug_macro   0x0000000000000bf5       0x22 ./Output/list.o
 .debug_macro   0x0000000000000c17       0x52 ./Output/list.o
 .debug_macro   0x0000000000000c69       0x94 ./Output/list.o
 .debug_macro   0x0000000000000cfd       0x35 ./Output/list.o
 .debug_macro   0x0000000000000d32       0x34 ./Output/list.o
 .debug_macro   0x0000000000000d66       0x16 ./Output/list.o
 .debug_macro   0x0000000000000d7c      0x10e ./Output/list.o
 .debug_macro   0x0000000000000e8a       0x8d ./Output/list.o
 .debug_macro   0x0000000000000f17       0x16 ./Output/list.o
 .debug_macro   0x0000000000000f2d       0x43 ./Output/list.o
 .debug_macro   0x0000000000000f70       0x57 ./Output/list.o
 .debug_macro   0x0000000000000fc7       0x34 ./Output/list.o
 .debug_macro   0x0000000000000ffb       0x10 ./Output/list.o
 .debug_macro   0x000000000000100b       0x52 ./Output/list.o
 .debug_macro   0x000000000000105d      0x182 ./Output/list.o
 .debug_macro   0x00000000000011df      0x333 ./Output/list.o
 .debug_macro   0x0000000000001512       0x16 ./Output/list.o
 .debug_macro   0x0000000000001528       0x29 ./Output/list.o
 .debug_macro   0x0000000000001551      0x34e ./Output/list.o
 .debug_macro   0x000000000000189f       0x16 ./Output/list.o
 .debug_macro   0x00000000000018b5      0x164 ./Output/list.o
 .debug_macro   0x0000000000001a19       0x1c ./Output/list.o
 .debug_macro   0x0000000000001a35      0x182 ./Output/list.o
 .debug_macro   0x0000000000001bb7       0xe7 ./Output/list.o
 .debug_macro   0x0000000000001c9e       0x2e ./Output/list.o
 .debug_macro   0x0000000000001ccc       0x1f ./Output/list.o
 .debug_macro   0x0000000000001ceb       0x12 ./Output/list.o
 .debug_macro   0x0000000000001cfd      0xfd7 ./Output/list.o
 .debug_macro   0x0000000000002cd4       0xc3 ./Output/list.o
 .debug_macro   0x0000000000002d97      0x289 ./Output/tasks.o
 .debug_macro   0x0000000000003020       0x16 ./Output/tasks.o
 .debug_macro   0x0000000000003036       0x35 ./Output/tasks.o
 .debug_macro   0x000000000000306b      0x14f ./Output/tasks.o
 .debug_macro   0x00000000000031ba       0x98 ./Output/tasks.o
 .debug_macro   0x0000000000003252       0x17 ./Output/tasks.o
 .debug_macro   0x0000000000003269      0x201 ./Output/heap_4.o
 .debug_macro   0x000000000000346a      0x174 ./Output/port.o
 .debug_macro   0x00000000000035de      0x174 ./Output/port.o
 .debug_macro   0x0000000000003752      0x2c8 ./Output/main.o
 .debug_macro   0x0000000000003a1a       0x85 ./Output/main.o
 .debug_macro   0x0000000000003a9f       0x4c ./Output/main.o
 .debug_macro   0x0000000000003aeb       0x28 ./Output/main.o
 .debug_macro   0x0000000000003b13       0x16 ./Output/main.o
 .debug_macro   0x0000000000003b29       0x10 ./Output/main.o
 .debug_macro   0x0000000000003b39       0x10 ./Output/main.o
 .debug_macro   0x0000000000003b49       0x6a ./Output/main.o
 .debug_macro   0x0000000000003bb3       0x1c ./Output/main.o
 .debug_macro   0x0000000000003bcf       0x52 ./Output/main.o
 .debug_macro   0x0000000000003c21       0x22 ./Output/main.o
 .debug_macro   0x0000000000003c43       0x10 ./Output/main.o
 .debug_macro   0x0000000000003c53       0x40 ./Output/main.o
 .debug_macro   0x0000000000003c93       0xd5 ./Output/main.o
 .debug_macro   0x0000000000003d68       0x1c ./Output/main.o
 .debug_macro   0x0000000000003d84       0x3d ./Output/main.o
 .debug_macro   0x0000000000003dc1       0x16 ./Output/main.o
 .debug_macro   0x0000000000003dd7      0x16f ./Output/main.o
 .debug_macro   0x0000000000003f46      0x10c ./Output/main.o
 .debug_macro   0x0000000000004052       0x16 ./Output/main.o
 .debug_macro   0x0000000000004068       0x10 ./Output/main.o
 .debug_macro   0x0000000000004078       0x10 ./Output/main.o
 .debug_macro   0x0000000000004088       0x35 ./Output/main.o
 .debug_macro   0x00000000000040bd       0x2f ./Output/timer.o
 .debug_macro   0x00000000000040ec       0x46 ./Output/timer.o
 .debug_macro   0x0000000000004132       0xae ./Output/printf-stdarg.o
 .debug_macro   0x00000000000041e0       0x58 ./Output/printf-stdarg.o
 .debug_macro   0x0000000000004238       0x96 ./Output/startup.o

.debug_line     0x0000000000000000     0xb841
 .debug_line    0x0000000000000000      0x446 ./Output/list.o
 .debug_line    0x0000000000000446     0x2eab ./Output/tasks.o
 .debug_line    0x00000000000032f1      0x876 ./Output/heap_4.o
 .debug_line    0x0000000000003b67      0x5fb ./Output/port.o
 .debug_line    0x0000000000004162      0x6f3 ./Output/main.o
 .debug_line    0x0000000000004855      0x34b ./Output/timer.o
 .debug_line    0x0000000000004ba0      0x63a ./Output/printf-stdarg.o
 .debug_line    0x00000000000051da      0x209 ./Output/startup.o
 .debug_line    0x00000000000053e3       0xbe /usr/lib/gcc/arm-none-eabi/10.3.1/../../../arm-none-eabi/lib/thumb/v7e-m+fp/hard/libc_nano.a(lib_a-memcpy.o)
 .debug_line    0x00000000000054a1      0x1bf /usr/lib/gcc/arm-none-eabi/10.3.1/../../../arm-none-eabi/lib/thumb/v7e-m+fp/hard/libc_nano.a(lib_a-memset.o)
 .debug_line    0x0000000000005660      0x293 /usr/lib/gcc/arm-none-eabi/10.3.1/../../../arm-none-eabi/lib/thumb/v7e-m+fp/hard/libc_nano.a(lib_a-rand.o)
 .debug_line    0x00000000000058f3      0x1be /usr/lib/gcc/arm-none-eabi/10.3.1/../../../arm-none-eabi/lib/thumb/v7e-m+fp/hard/libc_nano.a(lib_a-sysgettod.o)
 .debug_line    0x0000000000005ab1      0x194 /usr/lib/gcc/arm-none-eabi/10.3.1/../../../arm-none-eabi/lib/thumb/v7e-m+fp/hard/libc_nano.a(lib_a-assert.o)
 .debug_line    0x0000000000005c45      0x19e /usr/lib/gcc/arm-none-eabi/10.3.1/../../../arm-none-eabi/lib/thumb/v7e-m+fp/hard/libc_nano.a(lib_a-fprintf.o)
 .debug_line    0x0000000000005de3      0x1f0 /usr/lib/gcc/arm-none-eabi/10.3.1/../../../arm-none-eabi/lib/thumb/v7e-m+fp/hard/libc_nano.a(lib_a-gettimeofdayr.o)
 .debug_line    0x0000000000005fd3       0xe4 /usr/lib/gcc/arm-none-eabi/10.3.1/../../../arm-none-eabi/lib/thumb/v7e-m+fp/hard/libc_nano.a(lib_a-impure.o)
 .debug_line    0x00000000000060b7      0x15f /usr/lib/gcc/arm-none-eabi/10.3.1/../../../arm-none-eabi/lib/thumb/v7e-m+fp/hard/libc_nano.a(lib_a-malloc.o)
 .debug_line    0x0000000000006216      0x2ca /usr/lib/gcc/arm-none-eabi/10.3.1/../../../arm-none-eabi/lib/thumb/v7e-m+fp/hard/libc_nano.a(lib_a-nano-freer.o)
 .debug_line    0x00000000000064e0      0x2d0 /usr/lib/gcc/arm-none-eabi/10.3.1/../../../arm-none-eabi/lib/thumb/v7e-m+fp/hard/libc_nano.a(lib_a-nano-mallocr.o)
 .debug_line    0x00000000000067b0      0x700 /usr/lib/gcc/arm-none-eabi/10.3.1/../../../arm-none-eabi/lib/thumb/v7e-m+fp/hard/libc_nano.a(lib_a-nano-vfprintf.o)
 .debug_line    0x0000000000006eb0      0x746 /usr/lib/gcc/arm-none-eabi/10.3.1/../../../arm-none-eabi/lib/thumb/v7e-m+fp/hard/libc_nano.a(lib_a-nano-vfprintf_i.o)
 .debug_line    0x00000000000075f6      0x2c7 /usr/lib/gcc/arm-none-eabi/10.3.1/../../../arm-none-eabi/lib/thumb/v7e-m+fp/hard/libc_nano.a(lib_a-reent.o)
 .debug_line    0x00000000000078bd      0x183 /usr/lib/gcc/arm-none-eabi/10.3.1/../../../arm-none-eabi/lib/thumb/v7e-m+fp/hard/libc_nano.a(lib_a-sbrkr.o)
 .debug_line    0x0000000000007a40      0x279 /usr/lib/gcc/arm-none-eabi/10.3.1/../../../arm-none-eabi/lib/thumb/v7e-m+fp/hard/libc_nano.a(lib_a-wbuf.o)
 .debug_line    0x0000000000007cb9      0x33e /usr/lib/gcc/arm-none-eabi/10.3.1/../../../arm-none-eabi/lib/thumb/v7e-m+fp/hard/libc_nano.a(lib_a-wsetup.o)
 .debug_line    0x0000000000007ff7      0x109 /usr/lib/gcc/arm-none-eabi/10.3.1/../../../arm-none-eabi/lib/thumb/v7e-m+fp/hard/libc_nano.a(lib_a-abort.o)
 .debug_line    0x0000000000008100      0x46d /usr/lib/gcc/arm-none-eabi/10.3.1/../../../arm-none-eabi/lib/thumb/v7e-m+fp/hard/libc_nano.a(lib_a-fflush.o)
 .debug_line    0x000000000000856d      0x589 /usr/lib/gcc/arm-none-eabi/10.3.1/../../../arm-none-eabi/lib/thumb/v7e-m+fp/hard/libc_nano.a(lib_a-findfp.o)
 .debug_line    0x0000000000008af6      0x5e4 /usr/lib/gcc/arm-none-eabi/10.3.1/../../../arm-none-eabi/lib/thumb/v7e-m+fp/hard/libc_nano.a(lib_a-fvwrite.o)
 .debug_line    0x00000000000090da      0x29e /usr/lib/gcc/arm-none-eabi/10.3.1/../../../arm-none-eabi/lib/thumb/v7e-m+fp/hard/libc_nano.a(lib_a-fwalk.o)
 .debug_line    0x0000000000009378      0x3b2 /usr/lib/gcc/arm-none-eabi/10.3.1/../../../arm-none-eabi/lib/thumb/v7e-m+fp/hard/libc_nano.a(lib_a-makebuf.o)
 .debug_line    0x000000000000972a       0xa4 /usr/lib/gcc/arm-none-eabi/10.3.1/../../../arm-none-eabi/lib/thumb/v7e-m+fp/hard/libc_nano.a(lib_a-memchr.o)
 .debug_line    0x00000000000097ce      0x1ee /usr/lib/gcc/arm-none-eabi/10.3.1/../../../arm-none-eabi/lib/thumb/v7e-m+fp/hard/libc_nano.a(lib_a-memmove.o)
 .debug_line    0x00000000000099bc      0x13e /usr/lib/gcc/arm-none-eabi/10.3.1/../../../arm-none-eabi/lib/thumb/v7e-m+fp/hard/libc_nano.a(lib_a-mlock.o)
 .debug_line    0x0000000000009afa      0x1c5 /usr/lib/gcc/arm-none-eabi/10.3.1/../../../arm-none-eabi/lib/thumb/v7e-m+fp/hard/libc_nano.a(lib_a-nano-reallocr.o)
 .debug_line    0x0000000000009cbf      0x652 /usr/lib/gcc/arm-none-eabi/10.3.1/../../../arm-none-eabi/lib/thumb/v7e-m+fp/hard/libc_nano.a(lib_a-signal.o)
 .debug_line    0x000000000000a311      0x1aa /usr/lib/gcc/arm-none-eabi/10.3.1/../../../arm-none-eabi/lib/thumb/v7e-m+fp/hard/libc_nano.a(lib_a-signalr.o)
 .debug_line    0x000000000000a4bb      0x231 /usr/lib/gcc/arm-none-eabi/10.3.1/../../../arm-none-eabi/lib/thumb/v7e-m+fp/hard/libc_nano.a(lib_a-stdio.o)
 .debug_line    0x000000000000a6ec      0x189 /usr/lib/gcc/arm-none-eabi/10.3.1/../../../arm-none-eabi/lib/thumb/v7e-m+fp/hard/libc_nano.a(lib_a-writer.o)
 .debug_line    0x000000000000a875      0x183 /usr/lib/gcc/arm-none-eabi/10.3.1/../../../arm-none-eabi/lib/thumb/v7e-m+fp/hard/libc_nano.a(lib_a-closer.o)
 .debug_line    0x000000000000a9f8      0x203 /usr/lib/gcc/arm-none-eabi/10.3.1/../../../arm-none-eabi/lib/thumb/v7e-m+fp/hard/libc_nano.a(lib_a-fstatr.o)
 .debug_line    0x000000000000abfb      0x184 /usr/lib/gcc/arm-none-eabi/10.3.1/../../../arm-none-eabi/lib/thumb/v7e-m+fp/hard/libc_nano.a(lib_a-isattyr.o)
 .debug_line    0x000000000000ad7f      0x189 /usr/lib/gcc/arm-none-eabi/10.3.1/../../../arm-none-eabi/lib/thumb/v7e-m+fp/hard/libc_nano.a(lib_a-lseekr.o)
 .debug_line    0x000000000000af08      0x160 /usr/lib/gcc/arm-none-eabi/10.3.1/../../../arm-none-eabi/lib/thumb/v7e-m+fp/hard/libc_nano.a(lib_a-nano-msizer.o)
 .debug_line    0x000000000000b068      0x188 /usr/lib/gcc/arm-none-eabi/10.3.1/../../../arm-none-eabi/lib/thumb/v7e-m+fp/hard/libc_nano.a(lib_a-readr.o)
 .debug_line    0x000000000000b1f0       0x70 /usr/lib/gcc/arm-none-eabi/10.3.1/../../../arm-none-eabi/lib/thumb/v7e-m+fp/hard/libnosys.a(close.o)
 .debug_line    0x000000000000b260      0x13a /usr/lib/gcc/arm-none-eabi/10.3.1/../../../arm-none-eabi/lib/thumb/v7e-m+fp/hard/libnosys.a(fstat.o)
 .debug_line    0x000000000000b39a       0x70 /usr/lib/gcc/arm-none-eabi/10.3.1/../../../arm-none-eabi/lib/thumb/v7e-m+fp/hard/libnosys.a(getpid.o)
 .debug_line    0x000000000000b40a      0x117 /usr/lib/gcc/arm-none-eabi/10.3.1/../../../arm-none-eabi/lib/thumb/v7e-m+fp/hard/libnosys.a(gettod.o)
 .debug_line    0x000000000000b521       0x71 /usr/lib/gcc/arm-none-eabi/10.3.1/../../../arm-none-eabi/lib/thumb/v7e-m+fp/hard/libnosys.a(isatty.o)
 .debug_line    0x000000000000b592       0x6f /usr/lib/gcc/arm-none-eabi/10.3.1/../../../arm-none-eabi/lib/thumb/v7e-m+fp/hard/libnosys.a(kill.o)
 .debug_line    0x000000000000b601       0x71 /usr/lib/gcc/arm-none-eabi/10.3.1/../../../arm-none-eabi/lib/thumb/v7e-m+fp/hard/libnosys.a(lseek.o)
 .debug_line    0x000000000000b672       0x70 /usr/lib/gcc/arm-none-eabi/10.3.1/../../../arm-none-eabi/lib/thumb/v7e-m+fp/hard/libnosys.a(read.o)
 .debug_line    0x000000000000b6e2       0x79 /usr/lib/gcc/arm-none-eabi/10.3.1/../../../arm-none-eabi/lib/thumb/v7e-m+fp/hard/libnosys.a(sbrk.o)
 .debug_line    0x000000000000b75b       0x71 /usr/lib/gcc/arm-none-eabi/10.3.1/../../../arm-none-eabi/lib/thumb/v7e-m+fp/hard/libnosys.a(write.o)
 .debug_line    0x000000000000b7cc       0x75 /usr/lib/gcc/arm-none-eabi/10.3.1/../../../arm-none-eabi/lib/thumb/v7e-m+fp/hard/libnosys.a(_exit.o)

.debug_str      0x0000000000000000    0x18344
 .debug_str     0x0000000000000000     0xf7b6 ./Output/list.o
                                       0xf9b8 (size before relaxing)
 .debug_str     0x000000000000f7b6     0x372a ./Output/tasks.o
                                      0x130ed (size before relaxing)
 .debug_str     0x0000000000012ee0      0x725 ./Output/heap_4.o
                                      0x114a0 (size before relaxing)
 .debug_str     0x0000000000013605      0x88b ./Output/port.o
                                       0xebb6 (size before relaxing)
 .debug_str     0x0000000000013e90     0x27a5 ./Output/main.o
                                      0x1355f (size before relaxing)
 .debug_str     0x0000000000016635      0x19c ./Output/timer.o
                                       0x3a95 (size before relaxing)
 .debug_str     0x00000000000167d1      0x190 ./Output/printf-stdarg.o
                                       0xc57b (size before relaxing)
 .debug_str     0x0000000000016961       0x7b ./Output/startup.o
                                       0xc4ea (size before relaxing)
 .debug_str     0x00000000000169dc       0xb6 /usr/lib/gcc/arm-none-eabi/10.3.1/../../../arm-none-eabi/lib/thumb/v7e-m+fp/hard/libc_nano.a(lib_a-memcpy.o)
 .debug_str     0x0000000000016a92      0x11d /usr/lib/gcc/arm-none-eabi/10.3.1/../../../arm-none-eabi/lib/thumb/v7e-m+fp/hard/libc_nano.a(lib_a-memset.o)
                                        0x1c0 (size before relaxing)
 .debug_str     0x0000000000016baf      0x38d /usr/lib/gcc/arm-none-eabi/10.3.1/../../../arm-none-eabi/lib/thumb/v7e-m+fp/hard/libc_nano.a(lib_a-rand.o)
                                        0x52b (size before relaxing)
 .debug_str     0x0000000000016f3c       0xc0 /usr/lib/gcc/arm-none-eabi/10.3.1/../../../arm-none-eabi/lib/thumb/v7e-m+fp/hard/libc_nano.a(lib_a-sysgettod.o)
                                        0x581 (size before relaxing)
 .debug_str     0x0000000000016ffc       0x57 /usr/lib/gcc/arm-none-eabi/10.3.1/../../../arm-none-eabi/lib/thumb/v7e-m+fp/hard/libc_nano.a(lib_a-assert.o)
                                        0x542 (size before relaxing)
 .debug_str     0x0000000000017053       0xac /usr/lib/gcc/arm-none-eabi/10.3.1/../../../arm-none-eabi/lib/thumb/v7e-m+fp/hard/libc_nano.a(lib_a-fprintf.o)
                                        0x54b (size before relaxing)
 .debug_str     0x00000000000170ff       0xa9 /usr/lib/gcc/arm-none-eabi/10.3.1/../../../arm-none-eabi/lib/thumb/v7e-m+fp/hard/libc_nano.a(lib_a-gettimeofdayr.o)
                                        0x57a (size before relaxing)
 .debug_str     0x00000000000171a8       0x7e /usr/lib/gcc/arm-none-eabi/10.3.1/../../../arm-none-eabi/lib/thumb/v7e-m+fp/hard/libc_nano.a(lib_a-impure.o)
                                        0x55e (size before relaxing)
 .debug_str     0x0000000000017226       0x52 /usr/lib/gcc/arm-none-eabi/10.3.1/../../../arm-none-eabi/lib/thumb/v7e-m+fp/hard/libc_nano.a(lib_a-malloc.o)
                                        0x533 (size before relaxing)
 .debug_str     0x0000000000017278       0xb4 /usr/lib/gcc/arm-none-eabi/10.3.1/../../../arm-none-eabi/lib/thumb/v7e-m+fp/hard/libc_nano.a(lib_a-nano-freer.o)
                                        0x595 (size before relaxing)
 .debug_str     0x000000000001732c       0x46 /usr/lib/gcc/arm-none-eabi/10.3.1/../../../arm-none-eabi/lib/thumb/v7e-m+fp/hard/libc_nano.a(lib_a-nano-mallocr.o)
                                        0x5c0 (size before relaxing)
 .debug_str     0x0000000000017372      0x2a5 /usr/lib/gcc/arm-none-eabi/10.3.1/../../../arm-none-eabi/lib/thumb/v7e-m+fp/hard/libc_nano.a(lib_a-nano-vfprintf.o)
                                        0x8b9 (size before relaxing)
 .debug_str     0x0000000000017617       0x94 /usr/lib/gcc/arm-none-eabi/10.3.1/../../../arm-none-eabi/lib/thumb/v7e-m+fp/hard/libc_nano.a(lib_a-nano-vfprintf_i.o)
                                        0x7ec (size before relaxing)
 .debug_str     0x00000000000176ab       0x5e /usr/lib/gcc/arm-none-eabi/10.3.1/../../../arm-none-eabi/lib/thumb/v7e-m+fp/hard/libc_nano.a(lib_a-reent.o)
                                        0x53e (size before relaxing)
 .debug_str     0x0000000000017709       0x3d /usr/lib/gcc/arm-none-eabi/10.3.1/../../../arm-none-eabi/lib/thumb/v7e-m+fp/hard/libc_nano.a(lib_a-sbrkr.o)
                                        0x516 (size before relaxing)
 .debug_str     0x0000000000017746       0x43 /usr/lib/gcc/arm-none-eabi/10.3.1/../../../arm-none-eabi/lib/thumb/v7e-m+fp/hard/libc_nano.a(lib_a-wbuf.o)
                                        0x582 (size before relaxing)
 .debug_str     0x0000000000017789       0x40 /usr/lib/gcc/arm-none-eabi/10.3.1/../../../arm-none-eabi/lib/thumb/v7e-m+fp/hard/libc_nano.a(lib_a-wsetup.o)
                                        0x57d (size before relaxing)
 .debug_str     0x00000000000177c9       0x3f /usr/lib/gcc/arm-none-eabi/10.3.1/../../../arm-none-eabi/lib/thumb/v7e-m+fp/hard/libc_nano.a(lib_a-abort.o)
                                        0x1af (size before relaxing)
 .debug_str     0x0000000000017808       0x63 /usr/lib/gcc/arm-none-eabi/10.3.1/../../../arm-none-eabi/lib/thumb/v7e-m+fp/hard/libc_nano.a(lib_a-fflush.o)
                                        0x5be (size before relaxing)
 .debug_str     0x000000000001786b      0x1ca /usr/lib/gcc/arm-none-eabi/10.3.1/../../../arm-none-eabi/lib/thumb/v7e-m+fp/hard/libc_nano.a(lib_a-findfp.o)
                                        0x737 (size before relaxing)
 .debug_str     0x0000000000017a35       0x6c /usr/lib/gcc/arm-none-eabi/10.3.1/../../../arm-none-eabi/lib/thumb/v7e-m+fp/hard/libc_nano.a(lib_a-fvwrite.o)
                                        0x5b1 (size before relaxing)
 .debug_str     0x0000000000017aa1       0x41 /usr/lib/gcc/arm-none-eabi/10.3.1/../../../arm-none-eabi/lib/thumb/v7e-m+fp/hard/libc_nano.a(lib_a-fwalk.o)
                                        0x524 (size before relaxing)
 .debug_str     0x0000000000017ae2      0x14e /usr/lib/gcc/arm-none-eabi/10.3.1/../../../arm-none-eabi/lib/thumb/v7e-m+fp/hard/libc_nano.a(lib_a-makebuf.o)
                                        0x6a0 (size before relaxing)
 .debug_str     0x0000000000017c30       0x3c /usr/lib/gcc/arm-none-eabi/10.3.1/../../../arm-none-eabi/lib/thumb/v7e-m+fp/hard/libc_nano.a(lib_a-memchr.o)
                                         0xaf (size before relaxing)
 .debug_str     0x0000000000017c6c       0x66 /usr/lib/gcc/arm-none-eabi/10.3.1/../../../arm-none-eabi/lib/thumb/v7e-m+fp/hard/libc_nano.a(lib_a-memmove.o)
                                        0x1df (size before relaxing)
 .debug_str     0x0000000000017cd2       0x4c /usr/lib/gcc/arm-none-eabi/10.3.1/../../../arm-none-eabi/lib/thumb/v7e-m+fp/hard/libc_nano.a(lib_a-mlock.o)
                                        0x52c (size before relaxing)
 .debug_str     0x0000000000017d1e       0x23 /usr/lib/gcc/arm-none-eabi/10.3.1/../../../arm-none-eabi/lib/thumb/v7e-m+fp/hard/libc_nano.a(lib_a-nano-reallocr.o)
                                        0x57f (size before relaxing)
 .debug_str     0x0000000000017d41       0xfc /usr/lib/gcc/arm-none-eabi/10.3.1/../../../arm-none-eabi/lib/thumb/v7e-m+fp/hard/libc_nano.a(lib_a-signal.o)
                                        0x58e (size before relaxing)
 .debug_str     0x0000000000017e3d       0x42 /usr/lib/gcc/arm-none-eabi/10.3.1/../../../arm-none-eabi/lib/thumb/v7e-m+fp/hard/libc_nano.a(lib_a-signalr.o)
                                        0x51b (size before relaxing)
 .debug_str     0x0000000000017e7f       0x92 /usr/lib/gcc/arm-none-eabi/10.3.1/../../../arm-none-eabi/lib/thumb/v7e-m+fp/hard/libc_nano.a(lib_a-stdio.o)
                                        0x573 (size before relaxing)
 .debug_str     0x0000000000017f11       0x33 /usr/lib/gcc/arm-none-eabi/10.3.1/../../../arm-none-eabi/lib/thumb/v7e-m+fp/hard/libc_nano.a(lib_a-writer.o)
                                        0x513 (size before relaxing)
 .debug_str     0x0000000000017f44       0x33 /usr/lib/gcc/arm-none-eabi/10.3.1/../../../arm-none-eabi/lib/thumb/v7e-m+fp/hard/libc_nano.a(lib_a-closer.o)
                                        0x503 (size before relaxing)
 .debug_str     0x0000000000017f77       0x40 /usr/lib/gcc/arm-none-eabi/10.3.1/../../../arm-none-eabi/lib/thumb/v7e-m+fp/hard/libc_nano.a(lib_a-fstatr.o)
                                        0x655 (size before relaxing)
 .debug_str     0x0000000000017fb7       0x3c /usr/lib/gcc/arm-none-eabi/10.3.1/../../../arm-none-eabi/lib/thumb/v7e-m+fp/hard/libc_nano.a(lib_a-isattyr.o)
                                        0x50d (size before relaxing)
 .debug_str     0x0000000000017ff3       0x3a /usr/lib/gcc/arm-none-eabi/10.3.1/../../../arm-none-eabi/lib/thumb/v7e-m+fp/hard/libc_nano.a(lib_a-lseekr.o)
                                        0x511 (size before relaxing)
 .debug_str     0x000000000001802d        0xf /usr/lib/gcc/arm-none-eabi/10.3.1/../../../arm-none-eabi/lib/thumb/v7e-m+fp/hard/libc_nano.a(lib_a-nano-msizer.o)
                                        0x55d (size before relaxing)
 .debug_str     0x000000000001803c       0x32 /usr/lib/gcc/arm-none-eabi/10.3.1/../../../arm-none-eabi/lib/thumb/v7e-m+fp/hard/libc_nano.a(lib_a-readr.o)
                                        0x511 (size before relaxing)
 .debug_str     0x000000000001806e       0xf2 /usr/lib/gcc/arm-none-eabi/10.3.1/../../../arm-none-eabi/lib/thumb/v7e-m+fp/hard/libnosys.a(close.o)